<html>
<body>
<pre>
<h1>µVision Build Log</h1>
<h2>Tool Versions:</h2>
IDE-Version: µVision V5.29.0.0
Copyright (C) 2019 ARM Ltd and ARM Germany GmbH. All rights reserved.
License Information: Thien Huu, HCMUT, LIC=----
 
Tool Versions:
Toolchain:       MDK-Lite  Version: 5.29.0.0
Toolchain Path:  C:\Keil_v5\ARM\ARMCC\Bin
C Compiler:      Armcc.exe V5.06 update 6 (build 750)
Assembler:       Armasm.exe V5.06 update 6 (build 750)
Linker/Locator:  ArmLink.exe V5.06 update 6 (build 750)
Library Manager: ArmAr.exe V5.06 update 6 (build 750)
Hex Converter:   FromElf.exe V5.06 update 6 (build 750)
CPU DLL:         SARMCM3.DLL V5.29.0.0
Dialog DLL:      DCM.DLL V1.17.3.0
Target DLL:      STLink\ST-LINKIII-KEIL_SWO.dll V3.0.7.0
Dialog DLL:      TCM.DLL V1.36.5.0
 
<h2>Project:</h2>
D:\AGVThesisProject\AVG Program.uvprojx
Project File Date:  03/22/2021

<h2>Output:</h2>
*** Using Compiler 'V5.06 update 6 (build 750)', folder: 'C:\Keil_v5\ARM\ARMCC\Bin'
Build target 'AGV Test'
compiling system_stm32f4xx.c...
compiling system_timetick.c...
compiling main.c...
main.c(13): warning:  #1295-D: Deprecated declaration funcIntInit - give arg types
  void funcIntInit();
main.c(14): warning:  #1295-D: Deprecated declaration funcTimerInit - give arg types
  	void funcTimerInit();
main.c(216): warning:  #1-D: last line of file ends without a newline
  }
main.c: 3 warnings, 0 errors
compiling stm32f4xx_gpio.c...
compiling stm32f4xx_it.c...
compiling stm32f4xx_rcc.c...
compiling misc.c...
compiling stm32f4xx_usart.c...
compiling stm32f4xx_tim.c...
compiling stm32f4xx_crc.c...
compiling stm32f4xx_syscfg.c...
compiling stm32f4xx_dma.c...
compiling stm32f4xx_spi.c...
compiling stm32f4xx_pwr.c...
compiling stm32f4xx_adc.c...
compiling UART.c...
STM32F4xx_Mylib\src\UART.c(231): warning:  #1-D: last line of file ends without a newline
  	
STM32F4xx_Mylib\src\UART.c: 1 warning, 0 errors
compiling PWM.c...
STM32F4xx_Mylib\src\PWM.c(86): warning:  #188-D: enumerated type mixed with another type
  			GPIO_WriteBit(PWM_GPIO_PORT,DIRL_PIN,dir);	
STM32F4xx_Mylib\src\PWM.c(91): warning:  #188-D: enumerated type mixed with another type
  			GPIO_WriteBit(PWM_GPIO_PORT,DIRR_PIN,dir);
STM32F4xx_Mylib\src\PWM.c(96): warning:  #188-D: enumerated type mixed with another type
  			GPIO_WriteBit(PWM_GPIO_PORT,DIRLIFT_PIN,dir);
STM32F4xx_Mylib\src\PWM.c: 3 warnings, 0 errors
compiling Encoder.c...
STM32F4xx_Mylib\src\Encoder.c(113): warning:  #940-D: missing return statement at end of non-void function "LowpassFilter" 
  }
STM32F4xx_Mylib\src\Encoder.c: 1 warning, 0 errors
compiling Bkpsram.c...
compiling PID.c...
STM32F4xx_Mylib\src\PID.c(61): warning:  #1035-D: single-precision operand implicitly converted to double-precision
  													+ motor1.Ki*motor1.Ts_*(motor1.ek + motor1.ek_1)*0.5
STM32F4xx_Mylib\src\PID.c(83): warning:  #1035-D: single-precision operand implicitly converted to double-precision
  													+ PID_para_vel.Ki*PID_para_vel.Ts_*(PID_para_vel.ek + PID_para_vel.ek_1)*0.5
STM32F4xx_Mylib\src\PID.c(99): warning:  #1035-D: single-precision operand implicitly converted to double-precision
  	I_part += Ki * Error_value *0.01;
STM32F4xx_Mylib\src\PID.c(100): warning:  #1035-D: single-precision operand implicitly converted to double-precision
  	D_part = Kd * (Error_value - pre_Error_value) / 0.01;
STM32F4xx_Mylib\src\PID.c: 4 warnings, 0 errors
compiling QTR_5RC.c...
compiling tm_stm32f4_adc.c...
compiling tm_stm32f4_gpio.c...
compiling tm_stm32f4_mfrc522.c...
compiling i2c_lcd.c...
STM32F4xx_Mylib\src\i2c_lcd.c(124): warning:  #167-D: argument of type "char *" is incompatible with parameter of type "uint8_t *"
  		I2C_Read(I2C_LCD_ADDR + 1, &temp, 1);
STM32F4xx_Mylib\src\i2c_lcd.c: 1 warning, 0 errors
compiling i2c.c...
compiling tm_stm32f4_spi.c...
compiling FuzzyLogic.c...
linking...
Program Size: Code=9004 RO-data=656 RW-data=264 ZI-data=1680  
FromELF: creating hex file...
".\Objects\AVG Program.axf" - 0 Error(s), 13 Warning(s).

<h2>Software Packages used:</h2>

Package Vendor: ARM
                http://www.keil.com/pack/ARM.CMSIS.5.6.0.pack
                ARM.CMSIS.5.6.0
                CMSIS (Cortex Microcontroller Software Interface Standard)
   * Component: CORE Version: 5.3.0

Package Vendor: Keil
                http://www.keil.com/pack/Keil.STM32F4xx_DFP.2.11.0.pack
                Keil.STM32F4xx_DFP.2.11.0
                STMicroelectronics STM32F4 Series Device Support, Drivers and Examples

<h2>Collection of Component include folders:</h2>
  .\RTE\_AGV_Test
  C:\Users\thien\AppData\Local\Arm\Packs\ARM\CMSIS\5.6.0\CMSIS\Core\Include
  C:\Users\thien\AppData\Local\Arm\Packs\Keil\STM32F4xx_DFP\2.11.0\Drivers\CMSIS\Device\ST\STM32F4xx\Include

<h2>Collection of Component Files used:</h2>

   * Component: ARM::CMSIS:CORE:5.3.0
Build Time Elapsed:  00:00:12
</pre>
</body>
</html>
