<html>
<body>
<pre>
<h1>µVision Build Log</h1>
<h2>Tool Versions:</h2>
IDE-Version: µVision V5.29.0.0
Copyright (C) 2019 ARM Ltd and ARM Germany GmbH. All rights reserved.
License Information: Nguyen Thao, DHBK HCM, LIC=----
 
Tool Versions:
Toolchain:       MDK-Lite  Version: 5.29.0.0
Toolchain Path:  C:\Keil_v5\ARM\ARMCC\Bin
C Compiler:      Armcc.exe V5.06 update 6 (build 750)
Assembler:       Armasm.exe V5.06 update 6 (build 750)
Linker/Locator:  ArmLink.exe V5.06 update 6 (build 750)
Library Manager: ArmAr.exe V5.06 update 6 (build 750)
Hex Converter:   FromElf.exe V5.06 update 6 (build 750)
CPU DLL:         SARMCM3.DLL V5.29.0.0
Dialog DLL:      DCM.DLL V1.17.3.0
Target DLL:      STLink\ST-LINKIII-KEIL_SWO.dll V3.0.7.0
Dialog DLL:      TCM.DLL V1.36.5.0
 
<h2>Project:</h2>
D:\University\LUAN VAN TOT NGHIEP\LVTN\14thang5\AGVThesisProject\AVG Program.uvprojx
Project File Date:  04/17/2021

<h2>Output:</h2>
*** Using Compiler 'V5.06 update 6 (build 750)', folder: 'C:\Keil_v5\ARM\ARMCC\Bin'
Build target 'AGV Test'
compiling PID.c...
STM32F4xx_Mylib\src\PID.c(91): warning:  #1035-D: single-precision operand implicitly converted to double-precision
  													+ setki_lift*PID_para_lift.Ts_*(PID_para_lift.ek + PID_para_lift.ek_1)*0.5
STM32F4xx_Mylib\src\PID.c(102): warning:  #1035-D: single-precision operand implicitly converted to double-precision
  	Run_Motor(LIFT_MOTOR,PID_para_lift.uk/1.5);
STM32F4xx_Mylib\src\PID.c(118): warning:  #1035-D: single-precision operand implicitly converted to double-precision
  	                   + setki_speed*PID_para_vel.Ts_*(PID_para_vel.ek + PID_para_vel.ek_1)*0.5 
STM32F4xx_Mylib\src\PID.c(177): warning:  #1035-D: single-precision operand implicitly converted to double-precision
  	                   + 2*PID_para_Turn_Right.Ts_*(PID_para_Turn_Right.ek + PID_para_Turn_Right.ek_1)*0.5 
STM32F4xx_Mylib\src\PID.c(178): warning:  #1035-D: single-precision operand implicitly converted to double-precision
  	                   + 0.015*(PID_para_Turn_Right.ek-2*PID_para_Turn_Right.ek_1+PID_para_Turn_Right.ek_2)/PID_para_Turn_Right.Ts_;
STM32F4xx_Mylib\src\PID.c(208): warning:  #1035-D: single-precision operand implicitly converted to double-precision
  	                   + 2*PID_para_Turn_Left.Ts_*(PID_para_Turn_Left.ek + PID_para_Turn_Left.ek_1)*0.5 
STM32F4xx_Mylib\src\PID.c(209): warning:  #1035-D: single-precision operand implicitly converted to double-precision
  	                   + 0.015*(PID_para_Turn_Left.ek-2*PID_para_Turn_Left.ek_1+PID_para_Turn_Left.ek_2)/PID_para_Turn_Left.Ts_;
STM32F4xx_Mylib\src\PID.c: 7 warnings, 0 errors
compiling main.c...
main.c(485): warning:  #940-D: missing return statement at end of non-void function "GetNode" 
  }
main.c: 1 warning, 0 errors
linking...
Program Size: Code=25022 RO-data=706 RW-data=860 ZI-data=2020  
FromELF: creating hex file...
".\Objects\AVG Program.axf" - 0 Error(s), 8 Warning(s).

<h2>Software Packages used:</h2>

Package Vendor: ARM
                http://www.keil.com/pack/ARM.CMSIS.5.6.0.pack
                ARM.CMSIS.5.6.0
                CMSIS (Cortex Microcontroller Software Interface Standard)
   * Component: CORE Version: 5.3.0

Package Vendor: Keil
                http://www.keil.com/pack/Keil.STM32F4xx_DFP.2.14.0.pack
                Keil.STM32F4xx_DFP.2.14.0
                STMicroelectronics STM32F4 Series Device Support, Drivers and Examples

<h2>Collection of Component include folders:</h2>
  .\RTE\_AGV_Test
  C:\Users\PC\AppData\Local\Arm\Packs\ARM\CMSIS\5.6.0\CMSIS\Core\Include
  C:\Users\PC\AppData\Local\Arm\Packs\Keil\STM32F4xx_DFP\2.14.0\Drivers\CMSIS\Device\ST\STM32F4xx\Include

<h2>Collection of Component Files used:</h2>

   * Component: ARM::CMSIS:CORE:5.3.0
Build Time Elapsed:  00:00:01
</pre>
</body>
</html>
