Component: ARM Compiler 5.06 update 6 (build 750) Tool: armlink [4d35ed]

==============================================================================

Section Cross References

    main.o(i.Drop) refers to i2c.o(i.delay_ms) for delay_ms
    main.o(i.Drop) refers to pwm.o(i.Run_Motor) for Run_Motor
    main.o(i.Drop) refers to uart.o(.data) for PathByteCount_Run
    main.o(i.Drop) refers to main.o(.bss) for Path_Run
    main.o(i.Drop) refers to main.o(.data) for positionLiftGoal
    main.o(i.Drop) refers to pid.o(.data) for flagPickDropComplete
    main.o(i.GetNode) refers to tm_stm32f4_mfrc522.o(i.TM_MFRC522_Compare) for TM_MFRC522_Compare
    main.o(i.GetNode) refers to main.o(.data) for flagCheckRFID
    main.o(i.Pick) refers to i2c.o(i.delay_ms) for delay_ms
    main.o(i.Pick) refers to pwm.o(i.Run_Motor) for Run_Motor
    main.o(i.Pick) refers to main.o(.bss) for Path_Run
    main.o(i.Pick) refers to main.o(.data) for positionLiftGoal
    main.o(i.Pick) refers to pid.o(.data) for flagPickDropComplete
    main.o(i.Reverse) refers to stm32f4xx_tim.o(i.TIM_SetCounter) for TIM_SetCounter
    main.o(i.Reverse) refers to pwm.o(i.Run_Motor) for Run_Motor
    main.o(i.Reverse) refers to i2c.o(i.delay_ms) for delay_ms
    main.o(i.Reverse) refers to encoder.o(i.ENC_Position) for ENC_Position
    main.o(i.Reverse) refers to main.o(.data) for PIDflag
    main.o(i.RunPath) refers to main.o(i.GetNode) for GetNode
    main.o(i.RunPath) refers to main.o(i.delay_PID) for delay_PID
    main.o(i.RunPath) refers to main.o(i.Reverse) for Reverse
    main.o(i.RunPath) refers to main.o(i.StopAGV) for StopAGV
    main.o(i.RunPath) refers to main.o(i.Pick) for Pick
    main.o(i.RunPath) refers to main.o(i.TurnRight) for TurnRight
    main.o(i.RunPath) refers to main.o(i.TurnLeft) for TurnLeft
    main.o(i.RunPath) refers to main.o(i.Drop) for Drop
    main.o(i.RunPath) refers to main.o(.data) for currentNode
    main.o(i.RunPath) refers to main.o(.bss) for Path_Run
    main.o(i.RunPath) refers to uart.o(.data) for PathByteCount_Run
    main.o(i.StopAGV) refers to pwm.o(i.Run_Motor) for Run_Motor
    main.o(i.StopAGV) refers to main.o(.data) for PIDflag
    main.o(i.TIM2_IRQHandler) refers to stm32f4xx_tim.o(i.TIM_GetITStatus) for TIM_GetITStatus
    main.o(i.TIM2_IRQHandler) refers to uart.o(i.UART_SendData) for UART_SendData
    main.o(i.TIM2_IRQHandler) refers to stm32f4xx_tim.o(i.TIM_ClearITPendingBit) for TIM_ClearITPendingBit
    main.o(i.TIM2_IRQHandler) refers to main.o(.bss) for send_frame
    main.o(i.TIM2_IRQHandler) refers to main.o(.data) for v_measure
    main.o(i.TIM6_DAC_IRQHandler) refers to encoder.o(i.Position_Lift) for Position_Lift
    main.o(i.TIM6_DAC_IRQHandler) refers to pid.o(i.PID_GA25_Lifting) for PID_GA25_Lifting
    main.o(i.TIM6_DAC_IRQHandler) refers to encoder.o(i.ENC_Velocity) for ENC_Velocity
    main.o(i.TIM6_DAC_IRQHandler) refers to encoder.o(i.LowpassFilter) for LowpassFilter
    main.o(i.TIM6_DAC_IRQHandler) refers to pid.o(i.PID_Velocity) for PID_Velocity
    main.o(i.TIM6_DAC_IRQHandler) refers to pid.o(i.PID_Line) for PID_Line
    main.o(i.TIM6_DAC_IRQHandler) refers to main.o(.data) for countDelay
    main.o(i.TIM6_DAC_IRQHandler) refers to uart.o(.data) for setVelocity
    main.o(i.TurnBack) refers to pwm.o(i.Run_Motor) for Run_Motor
    main.o(i.TurnBack) refers to i2c.o(i.delay_ms) for delay_ms
    main.o(i.TurnBack) refers to main.o(.data) for PIDflag
    main.o(i.TurnLeft) refers to pwm.o(i.Run_Motor) for Run_Motor
    main.o(i.TurnLeft) refers to i2c.o(i.delay_ms) for delay_ms
    main.o(i.TurnLeft) refers to qtr_5rc.o(i.QTRSensorsReadCalibrated) for QTRSensorsReadCalibrated
    main.o(i.TurnLeft) refers to main.o(.data) for PIDflag
    main.o(i.TurnLeft) refers to main.o(.bss) for QTR_ReadCalibValue
    main.o(i.TurnRight) refers to pwm.o(i.Run_Motor) for Run_Motor
    main.o(i.TurnRight) refers to i2c.o(i.delay_ms) for delay_ms
    main.o(i.TurnRight) refers to qtr_5rc.o(i.QTRSensorsReadCalibrated) for QTRSensorsReadCalibrated
    main.o(i.TurnRight) refers to main.o(.data) for PIDflag
    main.o(i.TurnRight) refers to main.o(.bss) for QTR_ReadCalibValue
    main.o(i.delay_PID) refers to main.o(.data) for countDelay
    main.o(i.main) refers to stm32f4xx_rcc.o(i.RCC_AHB1PeriphClockCmd) for RCC_AHB1PeriphClockCmd
    main.o(i.main) refers to pwm.o(i.PWM_Init) for PWM_Init
    main.o(i.main) refers to encoder.o(i.ENC_Init) for ENC_Init
    main.o(i.main) refers to pid.o(i.PID_Init) for PID_Init
    main.o(i.main) refers to bkpsram.o(i.BKPSRAM_Init) for BKPSRAM_Init
    main.o(i.main) refers to qtr_5rc.o(i.TIM7_INT_Init) for TIM7_INT_Init
    main.o(i.main) refers to uart.o(i.UART_Init) for UART_Init
    main.o(i.main) refers to interrupt_timer.o(i.TIM6_INT_Init) for TIM6_INT_Init
    main.o(i.main) refers to interrupt_timer.o(i.TIM2_INT_Init) for TIM2_INT_Init
    main.o(i.main) refers to tm_stm32f4_mfrc522.o(i.TM_MFRC522_Init) for TM_MFRC522_Init
[...]
    i.TM_SPI1_INT_InitPins                   0x08002db8   Section        0  tm_stm32f4_spi.o(i.TM_SPI1_INT_InitPins)
    i.TM_SPI2_INT_InitPins                   0x08002e04   Section        0  tm_stm32f4_spi.o(i.TM_SPI2_INT_InitPins)
    i.TM_SPI3_INT_InitPins                   0x08002e84   Section        0  tm_stm32f4_spi.o(i.TM_SPI3_INT_InitPins)
    i.TM_SPI4_INT_InitPins                   0x08002ed4   Section        0  tm_stm32f4_spi.o(i.TM_SPI4_INT_InitPins)
    i.TM_SPI5_INT_InitPins                   0x08002f20   Section        0  tm_stm32f4_spi.o(i.TM_SPI5_INT_InitPins)
    i.TM_SPI6_INT_InitPins                   0x08002f84   Section        0  tm_stm32f4_spi.o(i.TM_SPI6_INT_InitPins)
    i.TM_SPI_Init                            0x08002fb8   Section        0  tm_stm32f4_spi.o(i.TM_SPI_Init)
    i.TM_SPI_InitCustomPinsCallback          0x08003080   Section        0  tm_stm32f4_spi.o(i.TM_SPI_InitCustomPinsCallback)
    i.TM_SPI_Send                            0x08003082   Section        0  tm_stm32f4_mfrc522.o(i.TM_SPI_Send)
    TM_SPI_Send                              0x08003083   Thumb Code    66  tm_stm32f4_mfrc522.o(i.TM_SPI_Send)
    i.TM_SPIx_Init                           0x080030c4   Section        0  tm_stm32f4_spi.o(i.TM_SPIx_Init)
    TM_SPIx_Init                             0x080030c5   Thumb Code   334  tm_stm32f4_spi.o(i.TM_SPIx_Init)
    i.TurnLeft                               0x08003230   Section        0  main.o(i.TurnLeft)
    i.TurnRight                              0x080032dc   Section        0  main.o(i.TurnRight)
    i.UART_Init                              0x08003388   Section        0  uart.o(i.UART_Init)
    i.UART_SendData                          0x080034dc   Section        0  uart.o(i.UART_SendData)
    i.USART_Cmd                              0x08003508   Section        0  stm32f4xx_usart.o(i.USART_Cmd)
    i.USART_DMACmd                           0x08003520   Section        0  stm32f4xx_usart.o(i.USART_DMACmd)
    i.USART_GetFlagStatus                    0x08003532   Section        0  stm32f4xx_usart.o(i.USART_GetFlagStatus)
    i.USART_Init                             0x0800354c   Section        0  stm32f4xx_usart.o(i.USART_Init)
    i.USART_SendData                         0x08003620   Section        0  stm32f4xx_usart.o(i.USART_SendData)
    i.UsageFault_Handler                     0x08003628   Section        0  system_timetick.o(i.UsageFault_Handler)
    i.__ARM_fpclassify                       0x0800362c   Section        0  fpclassify.o(i.__ARM_fpclassify)
    i.__hardfp_exp                           0x08003660   Section        0  exp.o(i.__hardfp_exp)
    i.__kernel_poly                          0x080039b8   Section        0  poly.o(i.__kernel_poly)
    i.__mathlib_dbl_infnan                   0x08003ab0   Section        0  dunder.o(i.__mathlib_dbl_infnan)
    i.__mathlib_dbl_overflow                 0x08003ac8   Section        0  dunder.o(i.__mathlib_dbl_overflow)
    i.__mathlib_dbl_underflow                0x08003ae8   Section        0  dunder.o(i.__mathlib_dbl_underflow)
    i.delay_PID                              0x08003b08   Section        0  main.o(i.delay_PID)
    i.delay_ms                               0x08003b30   Section        0  i2c.o(i.delay_ms)
    i.delay_us                               0x08003b58   Section        0  i2c.o(i.delay_us)
    i.i2c_init                               0x08003b78   Section        0  i2c.o(i.i2c_init)
    i.i2c_read                               0x08003bc0   Section        0  i2c.o(i.i2c_read)
    i.i2c_start                              0x08003c60   Section        0  i2c.o(i.i2c_start)
    i.i2c_stop                               0x08003ca8   Section        0  i2c.o(i.i2c_stop)
    i.i2c_write                              0x08003ce0   Section        0  i2c.o(i.i2c_write)
    i.main                                   0x08003d88   Section        0  main.o(i.main)
    x$fpl$d2f                                0x08003f64   Section       98  d2f.o(x$fpl$d2f)
    $v0                                      0x08003f64   Number         0  d2f.o(x$fpl$d2f)
    x$fpl$dadd                               0x08003fc8   Section      336  daddsub_clz.o(x$fpl$dadd)
    $v0                                      0x08003fc8   Number         0  daddsub_clz.o(x$fpl$dadd)
    _dadd1                                   0x08003fd9   Thumb Code     0  daddsub_clz.o(x$fpl$dadd)
    x$fpl$dcmpinf                            0x08004118   Section       24  dcmpi.o(x$fpl$dcmpinf)
    $v0                                      0x08004118   Number         0  dcmpi.o(x$fpl$dcmpinf)
    x$fpl$ddiv                               0x08004130   Section      688  ddiv.o(x$fpl$ddiv)
    $v0                                      0x08004130   Number         0  ddiv.o(x$fpl$ddiv)
    ddiv_entry                               0x08004137   Thumb Code     0  ddiv.o(x$fpl$ddiv)
    x$fpl$dfix                               0x080043e0   Section       94  dfix.o(x$fpl$dfix)
    $v0                                      0x080043e0   Number         0  dfix.o(x$fpl$dfix)
    x$fpl$dflt                               0x0800443e   Section       46  dflt_clz.o(x$fpl$dflt)
    $v0                                      0x0800443e   Number         0  dflt_clz.o(x$fpl$dflt)
    x$fpl$dleqf                              0x0800446c   Section      120  dleqf.o(x$fpl$dleqf)
    $v0                                      0x0800446c   Number         0  dleqf.o(x$fpl$dleqf)
    x$fpl$dmul                               0x080044e4   Section      340  dmul.o(x$fpl$dmul)
    $v0                                      0x080044e4   Number         0  dmul.o(x$fpl$dmul)
    x$fpl$dnaninf                            0x08004638   Section      156  dnaninf.o(x$fpl$dnaninf)
    $v0                                      0x08004638   Number         0  dnaninf.o(x$fpl$dnaninf)
    x$fpl$dretinf                            0x080046d4   Section       12  dretinf.o(x$fpl$dretinf)
    $v0                                      0x080046d4   Number         0  dretinf.o(x$fpl$dretinf)
    x$fpl$drleqf                             0x080046e0   Section      108  drleqf.o(x$fpl$drleqf)
    $v0                                      0x080046e0   Number         0  drleqf.o(x$fpl$drleqf)
    x$fpl$drsb                               0x0800474c   Section       22  daddsub_clz.o(x$fpl$drsb)
    $v0                                      0x0800474c   Number         0  daddsub_clz.o(x$fpl$drsb)
    x$fpl$dsub                               0x08004764   Section      468  daddsub_clz.o(x$fpl$dsub)
    $v0                                      0x08004764   Number         0  daddsub_clz.o(x$fpl$dsub)
    _dsub1                                   0x08004775   Thumb Code     0  daddsub_clz.o(x$fpl$dsub)
    x$fpl$f2d                                0x08004938   Section       86  f2d.o(x$fpl$f2d)
    $v0                                      0x08004938   Number         0  f2d.o(x$fpl$f2d)
    x$fpl$fnaninf                            0x0800498e   Section      140  fnaninf.o(x$fpl$fnaninf)
    $v0                                      0x0800498e   Number         0  fnaninf.o(x$fpl$fnaninf)
    x$fpl$fpinit                             0x08004a1a   Section       10  fpinit.o(x$fpl$fpinit)
    $v0                                      0x08004a1a   Number         0  fpinit.o(x$fpl$fpinit)
    x$fpl$fretinf                            0x08004a24   Section       10  fretinf.o(x$fpl$fretinf)
    $v0                                      0x08004a24   Number         0  fretinf.o(x$fpl$fretinf)
    x$fpl$usenofp                            0x08004a2e   Section        0  usenofp.o(x$fpl$usenofp)
    .constdata                               0x08004a30   Section       88  exp.o(.constdata)
    halF                                     0x08004a30   Data          16  exp.o(.constdata)
    ln2HI                                    0x08004a40   Data          16  exp.o(.constdata)
    ln2LO                                    0x08004a50   Data          16  exp.o(.constdata)
    P                                        0x08004a60   Data          40  exp.o(.constdata)
    .data                                    0x20000000   Section      484  main.o(.data)
    .data                                    0x200001e4   Section       20  system_stm32f4xx.o(.data)
    .data                                    0x200001f8   Section        8  system_timetick.o(.data)
    .data                                    0x20000200   Section       16  stm32f4xx_rcc.o(.data)
    APBAHBPrescTable                         0x20000200   Data          16  stm32f4xx_rcc.o(.data)
    .data                                    0x20000210   Section      100  uart.o(.data)
    .data                                    0x20000274   Section       52  encoder.o(.data)
    .data                                    0x200002a8   Section       18  qtr_5rc.o(.data)
    .data                                    0x200002ba   Section        9  lcd_2004.o(.data)
    u8LCD_Buff                               0x200002ba   Data           8  lcd_2004.o(.data)
    u8LcdTmp                                 0x200002c2   Data           1  lcd_2004.o(.data)
    .data                                    0x200002c4   Section       84  pid.o(.data)
    .bss                                     0x20000318   Section       74  main.o(.bss)
    .bss                                     0x20000362   Section       78  uart.o(.bss)
    .bss                                     0x200003b0   Section       22  tm_stm32f4_gpio.o(.bss)
    GPIO_UsedPins                            0x200003b0   Data          22  tm_stm32f4_gpio.o(.bss)
    .bss                                     0x200003c8   Section      108  pid.o(.bss)
    .bss                                     0x20000434   Section       96  libspace.o(.bss)
    HEAP                                     0x20000498   Section      512  startup_stm32f40_41xxx.o(HEAP)
    Heap_Mem                                 0x20000498   Data         512  startup_stm32f40_41xxx.o(HEAP)
    STACK                                    0x20000698   Section     1024  startup_stm32f40_41xxx.o(STACK)
    Stack_Mem                                0x20000698   Data        1024  startup_stm32f40_41xxx.o(STACK)
    __initial_sp                             0x20000a98   Data           0  startup_stm32f40_41xxx.o(STACK)

    Global Symbols

    Symbol Name                              Value     Ov Type        Size  Object(Section)

    BuildAttributes$$THM_ISAv4$E$P$D$K$B$S$7EM$VFPi3$EXTD16$VFPS$VFMA$PE$A:L22UL41UL21$X:L11$S22US41US21$IEEE1$IW$USESV6$~STKCKD$USESV7$~SHL$OTIME$ROPI$IEEEX$EBA8$UX$STANDARDLIB$REQ8$PRES8$EABIv2 0x00000000   Number         0  anon$$obj.o ABSOLUTE
    __ARM_use_no_argv                        0x00000000   Number         0  main.o ABSOLUTE
    _printf_flags                            0x00000000   Number         0  printf_stubs.o ABSOLUTE
    _printf_return_value                     0x00000000   Number         0  printf_stubs.o ABSOLUTE
    _printf_sizespec                         0x00000000   Number         0  printf_stubs.o ABSOLUTE
    _printf_widthprec                        0x00000000   Number         0  printf_stubs.o ABSOLUTE
    __ARM_exceptions_init                     - Undefined Weak Reference
    __alloca_initialize                       - Undefined Weak Reference
    __arm_preinit_                            - Undefined Weak Reference
    __cpp_initialize__aeabi_                  - Undefined Weak Reference
    __cxa_finalize                            - Undefined Weak Reference
    __sigvec_lookup                           - Undefined Weak Reference
    _atexit_init                              - Undefined Weak Reference
    _call_atexit_fns                          - Undefined Weak Reference
    _clock_init                               - Undefined Weak Reference
    _fp_trap_init                             - Undefined Weak Reference
    _fp_trap_shutdown                         - Undefined Weak Reference
    _get_lc_collate                           - Undefined Weak Reference
    _get_lc_ctype                             - Undefined Weak Reference
    _get_lc_monetary                          - Undefined Weak Reference
    _get_lc_time                              - Undefined Weak Reference
    _getenv_init                              - Undefined Weak Reference
    _handle_redirection                       - Undefined Weak Reference
    _init_alloc                               - Undefined Weak Reference
    _init_user_alloc                          - Undefined Weak Reference
    _initio                                   - Undefined Weak Reference
    _rand_init                                - Undefined Weak Reference
    _signal_finish                            - Undefined Weak Reference
    _signal_init                              - Undefined Weak Reference
    _terminate_alloc                          - Undefined Weak Reference
    _terminate_user_alloc                     - Undefined Weak Reference
    _terminateio                              - Undefined Weak Reference
    __Vectors_Size                           0x00000188   Number         0  startup_stm32f40_41xxx.o ABSOLUTE
    __Vectors                                0x08000000   Data           4  startup_stm32f40_41xxx.o(RESET)
    __Vectors_End                            0x08000188   Data           0  startup_stm32f40_41xxx.o(RESET)
    __main                                   0x08000189   Thumb Code     8  __main.o(!!!main)
    __scatterload                            0x08000191   Thumb Code     0  __scatter.o(!!!scatter)
    __scatterload_rt2                        0x08000191   Thumb Code    44  __scatter.o(!!!scatter)
    __scatterload_rt2_thumb_only             0x08000191   Thumb Code     0  __scatter.o(!!!scatter)
    __scatterload_null                       0x0800019f   Thumb Code     0  __scatter.o(!!!scatter)
    __decompress                             0x080001c5   Thumb Code    90  __dczerorl2.o(!!dczerorl2)
    __decompress1                            0x080001c5   Thumb Code     0  __dczerorl2.o(!!dczerorl2)
    __scatterload_zeroinit                   0x08000221   Thumb Code    28  __scatter_zi.o(!!handler_zi)
    __rt_lib_init                            0x0800023d   Thumb Code     0  libinit.o(.ARM.Collect$$libinit$$00000000)
    __rt_lib_init_fp_1                       0x0800023f   Thumb Code     0  libinit2.o(.ARM.Collect$$libinit$$00000001)
    __rt_lib_init_alloca_1                   0x08000243   Thumb Code     0  libinit2.o(.ARM.Collect$$libinit$$0000002E)
    __rt_lib_init_argv_1                     0x08000243   Thumb Code     0  libinit2.o(.ARM.Collect$$libinit$$0000002C)
    __rt_lib_init_atexit_1                   0x08000243   Thumb Code     0  libinit2.o(.ARM.Collect$$libinit$$0000001B)
    __rt_lib_init_clock_1                    0x08000243   Thumb Code     0  libinit2.o(.ARM.Collect$$libinit$$00000021)
    __rt_lib_init_cpp_1                      0x08000243   Thumb Code     0  libinit2.o(.ARM.Collect$$libinit$$00000032)
    __rt_lib_init_exceptions_1               0x08000243   Thumb Code     0  libinit2.o(.ARM.Collect$$libinit$$00000030)
    __rt_lib_init_fp_trap_1                  0x08000243   Thumb Code     0  libinit2.o(.ARM.Collect$$libinit$$0000001F)
    __rt_lib_init_getenv_1                   0x08000243   Thumb Code     0  libinit2.o(.ARM.Collect$$libinit$$00000023)
    __rt_lib_init_heap_1                     0x08000243   Thumb Code     0  libinit2.o(.ARM.Collect$$libinit$$0000000A)
    __rt_lib_init_lc_collate_1               0x08000243   Thumb Code     0  libinit2.o(.ARM.Collect$$libinit$$00000011)
    __rt_lib_init_lc_ctype_1                 0x08000243   Thumb Code     0  libinit2.o(.ARM.Collect$$libinit$$00000013)
    __rt_lib_init_lc_monetary_1              0x08000243   Thumb Code     0  libinit2.o(.ARM.Collect$$libinit$$00000015)
    __rt_lib_init_lc_numeric_1               0x08000243   Thumb Code     0  libinit2.o(.ARM.Collect$$libinit$$00000017)
    __rt_lib_init_lc_time_1                  0x08000243   Thumb Code     0  libinit2.o(.ARM.Collect$$libinit$$00000019)
    __rt_lib_init_preinit_1                  0x08000243   Thumb Code     0  libinit2.o(.ARM.Collect$$libinit$$00000004)
    __rt_lib_init_rand_1                     0x08000243   Thumb Code     0  libinit2.o(.ARM.Collect$$libinit$$0000000E)
    __rt_lib_init_return                     0x08000243   Thumb Code     0  libinit2.o(.ARM.Collect$$libinit$$00000033)
    __rt_lib_init_signal_1                   0x08000243   Thumb Code     0  libinit2.o(.ARM.Collect$$libinit$$0000001D)
    __rt_lib_init_stdio_1                    0x08000243   Thumb Code     0  libinit2.o(.ARM.Collect$$libinit$$00000025)
    __rt_lib_init_user_alloc_1               0x08000243   Thumb Code     0  libinit2.o(.ARM.Collect$$libinit$$0000000C)
    __rt_lib_shutdown                        0x08000245   Thumb Code     0  libshutdown.o(.ARM.Collect$$libshutdown$$00000000)
    __rt_lib_shutdown_cpp_1                  0x08000247   Thumb Code     0  libshutdown2.o(.ARM.Collect$$libshutdown$$00000002)
    __rt_lib_shutdown_fp_trap_1              0x08000247   Thumb Code     0  libshutdown2.o(.ARM.Collect$$libshutdown$$00000007)
    __rt_lib_shutdown_heap_1                 0x08000247   Thumb Code     0  libshutdown2.o(.ARM.Collect$$libshutdown$$0000000F)
    __rt_lib_shutdown_return                 0x08000247   Thumb Code     0  libshutdown2.o(.ARM.Collect$$libshutdown$$00000010)
    __rt_lib_shutdown_signal_1               0x08000247   Thumb Code     0  libshutdown2.o(.ARM.Collect$$libshutdown$$0000000A)
    __rt_lib_shutdown_stdio_1                0x08000247   Thumb Code     0  libshutdown2.o(.ARM.Collect$$libshutdown$$00000004)
    __rt_lib_shutdown_user_alloc_1           0x08000247   Thumb Code     0  libshutdown2.o(.ARM.Collect$$libshutdown$$0000000C)
    __rt_entry                               0x08000249   Thumb Code     0  __rtentry.o(.ARM.Collect$$rtentry$$00000000)
    __rt_entry_presh_1                       0x08000249   Thumb Code     0  __rtentry2.o(.ARM.Collect$$rtentry$$00000002)
    __rt_entry_sh                            0x08000249   Thumb Code     0  __rtentry4.o(.ARM.Collect$$rtentry$$00000004)
    __rt_entry_li                            0x0800024f   Thumb Code     0  __rtentry2.o(.ARM.Collect$$rtentry$$0000000A)
    __rt_entry_postsh_1                      0x0800024f   Thumb Code     0  __rtentry2.o(.ARM.Collect$$rtentry$$00000009)
    __rt_entry_main                          0x08000253   Thumb Code     0  __rtentry2.o(.ARM.Collect$$rtentry$$0000000D)
    __rt_entry_postli_1                      0x08000253   Thumb Code     0  __rtentry2.o(.ARM.Collect$$rtentry$$0000000C)
    __rt_exit                                0x0800025b   Thumb Code     0  rtexit.o(.ARM.Collect$$rtexit$$00000000)
    __rt_exit_ls                             0x0800025d   Thumb Code     0  rtexit2.o(.ARM.Collect$$rtexit$$00000003)
    __rt_exit_prels_1                        0x0800025d   Thumb Code     0  rtexit2.o(.ARM.Collect$$rtexit$$00000002)
    __rt_exit_exit                           0x08000261   Thumb Code     0  rtexit2.o(.ARM.Collect$$rtexit$$00000004)
    Reset_Handler                            0x08000269   Thumb Code     8  startup_stm32f40_41xxx.o(.text)
    ADC_IRQHandler                           0x08000283   Thumb Code     0  startup_stm32f40_41xxx.o(.text)
    CAN1_RX0_IRQHandler                      0x08000283   Thumb Code     0  startup_stm32f40_41xxx.o(.text)
    CAN1_RX1_IRQHandler                      0x08000283   Thumb Code     0  startup_stm32f40_41xxx.o(.text)
    CAN1_SCE_IRQHandler                      0x08000283   Thumb Code     0  startup_stm32f40_41xxx.o(.text)
    CAN1_TX_IRQHandler                       0x08000283   Thumb Code     0  startup_stm32f40_41xxx.o(.text)
    CAN2_RX0_IRQHandler                      0x08000283   Thumb Code     0  startup_stm32f40_41xxx.o(.text)
    CAN2_RX1_IRQHandler                      0x08000283   Thumb Code     0  startup_stm32f40_41xxx.o(.text)
    CAN2_SCE_IRQHandler                      0x08000283   Thumb Code     0  startup_stm32f40_41xxx.o(.text)
    CAN2_TX_IRQHandler                       0x08000283   Thumb Code     0  startup_stm32f40_41xxx.o(.text)
    CRYP_IRQHandler                          0x08000283   Thumb Code     0  startup_stm32f40_41xxx.o(.text)
    DCMI_IRQHandler                          0x08000283   Thumb Code     0  startup_stm32f40_41xxx.o(.text)
    DMA1_Stream0_IRQHandler                  0x08000283   Thumb Code     0  startup_stm32f40_41xxx.o(.text)
    DMA1_Stream1_IRQHandler                  0x08000283   Thumb Code     0  startup_stm32f40_41xxx.o(.text)
    DMA1_Stream2_IRQHandler                  0x08000283   Thumb Code     0  startup_stm32f40_41xxx.o(.text)
    DMA1_Stream3_IRQHandler                  0x08000283   Thumb Code     0  startup_stm32f40_41xxx.o(.text)
    DMA1_Stream4_IRQHandler                  0x08000283   Thumb Code     0  startup_stm32f40_41xxx.o(.text)
    DMA1_Stream6_IRQHandler                  0x08000283   Thumb Code     0  startup_stm32f40_41xxx.o(.text)
    DMA1_Stream7_IRQHandler                  0x08000283   Thumb Code     0  startup_stm32f40_41xxx.o(.text)
    DMA2_Stream0_IRQHandler                  0x08000283   Thumb Code     0  startup_stm32f40_41xxx.o(.text)
    DMA2_Stream1_IRQHandler                  0x08000283   Thumb Code     0  startup_stm32f40_41xxx.o(.text)
    DMA2_Stream2_IRQHandler                  0x08000283   Thumb Code     0  startup_stm32f40_41xxx.o(.text)
    DMA2_Stream3_IRQHandler                  0x08000283   Thumb Code     0  startup_stm32f40_41xxx.o(.text)
    DMA2_Stream4_IRQHandler                  0x08000283   Thumb Code     0  startup_stm32f40_41xxx.o(.text)
    DMA2_Stream5_IRQHandler                  0x08000283   Thumb Code     0  startup_stm32f40_41xxx.o(.text)
    DMA2_Stream6_IRQHandler                  0x08000283   Thumb Code     0  startup_stm32f40_41xxx.o(.text)
    DMA2_Stream7_IRQHandler                  0x08000283   Thumb Code     0  startup_stm32f40_41xxx.o(.text)
    ETH_IRQHandler                           0x08000283   Thumb Code     0  startup_stm32f40_41xxx.o(.text)
    ETH_WKUP_IRQHandler                      0x08000283   Thumb Code     0  startup_stm32f40_41xxx.o(.text)
    EXTI0_IRQHandler                         0x08000283   Thumb Code     0  startup_stm32f40_41xxx.o(.text)
    EXTI15_10_IRQHandler                     0x08000283   Thumb Code     0  startup_stm32f40_41xxx.o(.text)
    EXTI1_IRQHandler                         0x08000283   Thumb Code     0  startup_stm32f40_41xxx.o(.text)
    EXTI2_IRQHandler                         0x08000283   Thumb Code     0  startup_stm32f40_41xxx.o(.text)
    EXTI3_IRQHandler                         0x08000283   Thumb Code     0  startup_stm32f40_41xxx.o(.text)
    EXTI4_IRQHandler                         0x08000283   Thumb Code     0  startup_stm32f40_41xxx.o(.text)
    EXTI9_5_IRQHandler                       0x08000283   Thumb Code     0  startup_stm32f40_41xxx.o(.text)
    FLASH_IRQHandler                         0x08000283   Thumb Code     0  startup_stm32f40_41xxx.o(.text)
    FPU_IRQHandler                           0x08000283   Thumb Code     0  startup_stm32f40_41xxx.o(.text)
    FSMC_IRQHandler                          0x08000283   Thumb Code     0  startup_stm32f40_41xxx.o(.text)
    HASH_RNG_IRQHandler                      0x08000283   Thumb Code     0  startup_stm32f40_41xxx.o(.text)
    I2C1_ER_IRQHandler                       0x08000283   Thumb Code     0  startup_stm32f40_41xxx.o(.text)
    I2C1_EV_IRQHandler                       0x08000283   Thumb Code     0  startup_stm32f40_41xxx.o(.text)
    I2C2_ER_IRQHandler                       0x08000283   Thumb Code     0  startup_stm32f40_41xxx.o(.text)
    I2C2_EV_IRQHandler                       0x08000283   Thumb Code     0  startup_stm32f40_41xxx.o(.text)
    I2C3_ER_IRQHandler                       0x08000283   Thumb Code     0  startup_stm32f40_41xxx.o(.text)
    I2C3_EV_IRQHandler                       0x08000283   Thumb Code     0  startup_stm32f40_41xxx.o(.text)
    OTG_FS_IRQHandler                        0x08000283   Thumb Code     0  startup_stm32f40_41xxx.o(.text)
    OTG_FS_WKUP_IRQHandler                   0x08000283   Thumb Code     0  startup_stm32f40_41xxx.o(.text)
    OTG_HS_EP1_IN_IRQHandler                 0x08000283   Thumb Code     0  startup_stm32f40_41xxx.o(.text)
    OTG_HS_EP1_OUT_IRQHandler                0x08000283   Thumb Code     0  startup_stm32f40_41xxx.o(.text)
    OTG_HS_IRQHandler                        0x08000283   Thumb Code     0  startup_stm32f40_41xxx.o(.text)
    OTG_HS_WKUP_IRQHandler                   0x08000283   Thumb Code     0  startup_stm32f40_41xxx.o(.text)
    PVD_IRQHandler                           0x08000283   Thumb Code     0  startup_stm32f40_41xxx.o(.text)
    RCC_IRQHandler                           0x08000283   Thumb Code     0  startup_stm32f40_41xxx.o(.text)
    RTC_Alarm_IRQHandler                     0x08000283   Thumb Code     0  startup_stm32f40_41xxx.o(.text)
    RTC_WKUP_IRQHandler                      0x08000283   Thumb Code     0  startup_stm32f40_41xxx.o(.text)
    SDIO_IRQHandler                          0x08000283   Thumb Code     0  startup_stm32f40_41xxx.o(.text)
    SPI1_IRQHandler                          0x08000283   Thumb Code     0  startup_stm32f40_41xxx.o(.text)
    SPI2_IRQHandler                          0x08000283   Thumb Code     0  startup_stm32f40_41xxx.o(.text)
    SPI3_IRQHandler                          0x08000283   Thumb Code     0  startup_stm32f40_41xxx.o(.text)
    TAMP_STAMP_IRQHandler                    0x08000283   Thumb Code     0  startup_stm32f40_41xxx.o(.text)
    TIM1_BRK_TIM9_IRQHandler                 0x08000283   Thumb Code     0  startup_stm32f40_41xxx.o(.text)
    TIM1_CC_IRQHandler                       0x08000283   Thumb Code     0  startup_stm32f40_41xxx.o(.text)
    TIM1_TRG_COM_TIM11_IRQHandler            0x08000283   Thumb Code     0  startup_stm32f40_41xxx.o(.text)
    TIM1_UP_TIM10_IRQHandler                 0x08000283   Thumb Code     0  startup_stm32f40_41xxx.o(.text)
    TIM3_IRQHandler                          0x08000283   Thumb Code     0  startup_stm32f40_41xxx.o(.text)
    TIM4_IRQHandler                          0x08000283   Thumb Code     0  startup_stm32f40_41xxx.o(.text)
    TIM5_IRQHandler                          0x08000283   Thumb Code     0  startup_stm32f40_41xxx.o(.text)
    TIM7_IRQHandler                          0x08000283   Thumb Code     0  startup_stm32f40_41xxx.o(.text)
    TIM8_BRK_TIM12_IRQHandler                0x08000283   Thumb Code     0  startup_stm32f40_41xxx.o(.text)
    TIM8_CC_IRQHandler                       0x08000283   Thumb Code     0  startup_stm32f40_41xxx.o(.text)
    TIM8_TRG_COM_TIM14_IRQHandler            0x08000283   Thumb Code     0  startup_stm32f40_41xxx.o(.text)
    TIM8_UP_TIM13_IRQHandler                 0x08000283   Thumb Code     0  startup_stm32f40_41xxx.o(.text)
    UART4_IRQHandler                         0x08000283   Thumb Code     0  startup_stm32f40_41xxx.o(.text)
    UART5_IRQHandler                         0x08000283   Thumb Code     0  startup_stm32f40_41xxx.o(.text)
    USART1_IRQHandler                        0x08000283   Thumb Code     0  startup_stm32f40_41xxx.o(.text)
    USART2_IRQHandler                        0x08000283   Thumb Code     0  startup_stm32f40_41xxx.o(.text)
    USART3_IRQHandler                        0x08000283   Thumb Code     0  startup_stm32f40_41xxx.o(.text)
    USART6_IRQHandler                        0x08000283   Thumb Code     0  startup_stm32f40_41xxx.o(.text)
    WWDG_IRQHandler                          0x08000283   Thumb Code     0  startup_stm32f40_41xxx.o(.text)
    __user_initial_stackheap                 0x08000285   Thumb Code     0  startup_stm32f40_41xxx.o(.text)
    __use_two_region_memory                  0x080002a9   Thumb Code     2  heapauxi.o(.text)
    __rt_heap_escrow$2region                 0x080002ab   Thumb Code     2  heapauxi.o(.text)
    __rt_heap_expand$2region                 0x080002ad   Thumb Code     2  heapauxi.o(.text)
    __read_errno                             0x080002af   Thumb Code    10  _rserrno.o(.text)
    __set_errno                              0x080002b9   Thumb Code    12  _rserrno.o(.text)
    __aeabi_errno_addr                       0x080002c5   Thumb Code     8  rt_errno_addr_intlibspace.o(.text)
    __errno$intlibspace                      0x080002c5   Thumb Code     0  rt_errno_addr_intlibspace.o(.text)
    __rt_errno_addr$intlibspace              0x080002c5   Thumb Code     0  rt_errno_addr_intlibspace.o(.text)
    __user_libspace                          0x080002cd   Thumb Code     8  libspace.o(.text)
    __user_perproc_libspace                  0x080002cd   Thumb Code     0  libspace.o(.text)
    __user_perthread_libspace                0x080002cd   Thumb Code     0  libspace.o(.text)
    __user_setup_stackheap                   0x080002d5   Thumb Code    74  sys_stackheap_outer.o(.text)
    exit                                     0x0800031f   Thumb Code    18  exit.o(.text)
    _sys_exit                                0x08000331   Thumb Code     8  sys_exit.o(.text)
    __I$use$semihosting                      0x0800033d   Thumb Code     0  use_no_semi.o(.text)
    __use_no_semihosting_swi                 0x0800033d   Thumb Code     2  use_no_semi.o(.text)
    __semihosting_library_function           0x0800033f   Thumb Code     0  indicate_semi.o(.text)
    BKPSRAM_Init                             0x08000341   Thumb Code    58  bkpsram.o(i.BKPSRAM_Init)
    BusFault_Handler                         0x08000385   Thumb Code     4  system_timetick.o(i.BusFault_Handler)
    DMA1_Stream5_IRQHandler                  0x08000389   Thumb Code   300  uart.o(i.DMA1_Stream5_IRQHandler)
    DMA_ClearITPendingBit                    0x080004fd   Thumb Code    38  stm32f4xx_dma.o(i.DMA_ClearITPendingBit)
    DMA_Cmd                                  0x08000531   Thumb Code    22  stm32f4xx_dma.o(i.DMA_Cmd)
    DMA_ITConfig                             0x08000547   Thumb Code    58  stm32f4xx_dma.o(i.DMA_ITConfig)
    DMA_Init                                 0x08000581   Thumb Code    82  stm32f4xx_dma.o(i.DMA_Init)
    DebugMon_Handler                         0x080005d9   Thumb Code     2  system_timetick.o(i.DebugMon_Handler)
    Drop                                     0x080005dd   Thumb Code   410  main.o(i.Drop)
    ENC_Init                                 0x0800079d   Thumb Code   214  encoder.o(i.ENC_Init)
    ENC_Position                             0x0800088d   Thumb Code   142  encoder.o(i.ENC_Position)
    ENC_Velocity                             0x0800092d   Thumb Code   122  encoder.o(i.ENC_Velocity)
    ENC_config                               0x080009bd   Thumb Code   120  encoder.o(i.ENC_config)
    GPIO_Init                                0x08000a35   Thumb Code   144  stm32f4xx_gpio.o(i.GPIO_Init)
    GPIO_PinAFConfig                         0x08000ac5   Thumb Code    70  stm32f4xx_gpio.o(i.GPIO_PinAFConfig)
    GPIO_ReadInputDataBit                    0x08000b0b   Thumb Code    18  stm32f4xx_gpio.o(i.GPIO_ReadInputDataBit)
    GPIO_ResetBits                           0x08000b1d   Thumb Code     4  stm32f4xx_gpio.o(i.GPIO_ResetBits)
    GPIO_SetBits                             0x08000b21   Thumb Code     4  stm32f4xx_gpio.o(i.GPIO_SetBits)
    GPIO_WriteBit                            0x08000b25   Thumb Code    10  stm32f4xx_gpio.o(i.GPIO_WriteBit)
    GetNode                                  0x08000b31   Thumb Code    70  main.o(i.GetNode)
    HardFault_Handler                        0x08000b89   Thumb Code     4  system_timetick.o(i.HardFault_Handler)
    I2C_Read                                 0x08000b8d   Thumb Code    70  i2c.o(i.I2C_Read)
    I2C_Write                                0x08000bd3   Thumb Code    68  i2c.o(i.I2C_Write)
    LCD_BackLight                            0x08000c19   Thumb Code    26  lcd_2004.o(i.LCD_BackLight)
    LCD_Clear                                0x08000c39   Thumb Code    10  lcd_2004.o(i.LCD_Clear)
    LCD_Init                                 0x08000c81   Thumb Code   164  lcd_2004.o(i.LCD_Init)
    LCD_NewLine                              0x08000d2d   Thumb Code    10  lcd_2004.o(i.LCD_NewLine)
    LCD_Puts                                 0x08000d37   Thumb Code    28  lcd_2004.o(i.LCD_Puts)
    LCD_WaitBusy                             0x08000d55   Thumb Code   104  lcd_2004.o(i.LCD_WaitBusy)
    LCD_Write_Chr                            0x08000e61   Thumb Code    42  lcd_2004.o(i.LCD_Write_Chr)
    LowpassFilter                            0x08000e91   Thumb Code   524  encoder.o(i.LowpassFilter)
    MemManage_Handler                        0x080010cd   Thumb Code     4  system_timetick.o(i.MemManage_Handler)
    My_I2C_Init                              0x080010d1   Thumb Code     8  i2c.o(i.My_I2C_Init)
    NMI_Handler                              0x080010d9   Thumb Code     2  system_timetick.o(i.NMI_Handler)
    NVIC_Init                                0x080010dd   Thumb Code   106  misc.o(i.NVIC_Init)
    PID_GA25_Lifting                         0x08001155   Thumb Code   404  pid.o(i.PID_GA25_Lifting)
    PID_Init                                 0x08001315   Thumb Code   224  pid.o(i.PID_Init)
    PID_Line                                 0x08001419   Thumb Code   254  pid.o(i.PID_Line)
    PID_Velocity                             0x08001531   Thumb Code   342  pid.o(i.PID_Velocity)
    PWM_Init                                 0x080016b1   Thumb Code    26  pwm.o(i.PWM_Init)
    PWM_Pin                                  0x080016d5   Thumb Code   104  pwm.o(i.PWM_Pin)
    PWM_configOUT                            0x08001741   Thumb Code   178  pwm.o(i.PWM_configOUT)
    PWR_BackupAccessCmd                      0x080017f9   Thumb Code     6  stm32f4xx_pwr.o(i.PWR_BackupAccessCmd)
    PWR_BackupRegulatorCmd                   0x08001805   Thumb Code     6  stm32f4xx_pwr.o(i.PWR_BackupRegulatorCmd)
    PendSV_Handler                           0x08001811   Thumb Code     2  system_timetick.o(i.PendSV_Handler)
    Pick                                     0x08001815   Thumb Code   392  main.o(i.Pick)
    Position_Lift                            0x080019bd   Thumb Code    70  encoder.o(i.Position_Lift)
    QTRPins_INPUT_Mode                       0x08001a05   Thumb Code    26  qtr_5rc.o(i.QTRPins_INPUT_Mode)
    QTRPins_OUTPUT_Mode                      0x08001a25   Thumb Code    34  qtr_5rc.o(i.QTRPins_OUTPUT_Mode)
    QTRSensorsRead                           0x08001a4d   Thumb Code   142  qtr_5rc.o(i.QTRSensorsRead)
    QTRSensorsReadCalibrated                 0x08001ae9   Thumb Code   166  qtr_5rc.o(i.QTRSensorsReadCalibrated)
    RCC_AHB1PeriphClockCmd                   0x08001b91   Thumb Code    26  stm32f4xx_rcc.o(i.RCC_AHB1PeriphClockCmd)
    RCC_APB1PeriphClockCmd                   0x08001bb1   Thumb Code    26  stm32f4xx_rcc.o(i.RCC_APB1PeriphClockCmd)
    RCC_APB2PeriphClockCmd                   0x08001bd1   Thumb Code    26  stm32f4xx_rcc.o(i.RCC_APB2PeriphClockCmd)
    RCC_GetClocksFreq                        0x08001bf1   Thumb Code   214  stm32f4xx_rcc.o(i.RCC_GetClocksFreq)
    Reverse                                  0x08001cd9   Thumb Code   234  main.o(i.Reverse)
    RunPath                                  0x08001de9   Thumb Code   496  main.o(i.RunPath)
    Run_Motor                                0x08001ff1   Thumb Code   178  pwm.o(i.Run_Motor)
    SPI_Init                                 0x080020b5   Thumb Code    60  stm32f4xx_spi.o(i.SPI_Init)
    SPI_StructInit                           0x080020f1   Thumb Code    24  stm32f4xx_spi.o(i.SPI_StructInit)
    SVC_Handler                              0x08002109   Thumb Code     2  system_timetick.o(i.SVC_Handler)
    StopAGV                                  0x080021f9   Thumb Code    28  main.o(i.StopAGV)
    SysTick_Handler                          0x0800221d   Thumb Code    18  system_timetick.o(i.SysTick_Handler)
    SystemInit                               0x08002239   Thumb Code    88  system_stm32f4xx.o(i.SystemInit)
    TIM2_INT_Init                            0x080022a1   Thumb Code    90  interrupt_timer.o(i.TIM2_INT_Init)
    TIM2_IRQHandler                          0x080022fd   Thumb Code    92  main.o(i.TIM2_IRQHandler)
    TIM6_DAC_IRQHandler                      0x0800236d   Thumb Code   222  main.o(i.TIM6_DAC_IRQHandler)
    TIM6_INT_Init                            0x0800248d   Thumb Code   184  interrupt_timer.o(i.TIM6_INT_Init)
    TIM7_INT_Init                            0x08002551   Thumb Code    42  qtr_5rc.o(i.TIM7_INT_Init)
    TIM_ClearITPendingBit                    0x08002581   Thumb Code     6  stm32f4xx_tim.o(i.TIM_ClearITPendingBit)
    TIM_Cmd                                  0x08002587   Thumb Code    24  stm32f4xx_tim.o(i.TIM_Cmd)
    TIM_CtrlPWMOutputs                       0x0800259f   Thumb Code    30  stm32f4xx_tim.o(i.TIM_CtrlPWMOutputs)
    TIM_EncoderInterfaceConfig               0x080025bd   Thumb Code    66  stm32f4xx_tim.o(i.TIM_EncoderInterfaceConfig)
    TIM_GetCounter                           0x080025ff   Thumb Code     6  stm32f4xx_tim.o(i.TIM_GetCounter)
    TIM_GetITStatus                          0x08002605   Thumb Code    34  stm32f4xx_tim.o(i.TIM_GetITStatus)
    TIM_ITConfig                             0x08002627   Thumb Code    18  stm32f4xx_tim.o(i.TIM_ITConfig)
    TIM_OC1Init                              0x08002639   Thumb Code   114  stm32f4xx_tim.o(i.TIM_OC1Init)
    TIM_OC2Init                              0x080026b5   Thumb Code   154  stm32f4xx_tim.o(i.TIM_OC2Init)
    TIM_OC3Init                              0x08002759   Thumb Code   150  stm32f4xx_tim.o(i.TIM_OC3Init)
    TIM_SetCompare1                          0x080027f9   Thumb Code     4  stm32f4xx_tim.o(i.TIM_SetCompare1)
    TIM_SetCompare2                          0x080027fd   Thumb Code     4  stm32f4xx_tim.o(i.TIM_SetCompare2)
    TIM_SetCompare3                          0x08002801   Thumb Code     4  stm32f4xx_tim.o(i.TIM_SetCompare3)
    TIM_SetCounter                           0x08002805   Thumb Code     4  stm32f4xx_tim.o(i.TIM_SetCounter)
    TIM_TimeBaseInit                         0x08002809   Thumb Code   104  stm32f4xx_tim.o(i.TIM_TimeBaseInit)
    TM_GPIO_GetPortSource                    0x0800288d   Thumb Code    14  tm_stm32f4_gpio.o(i.TM_GPIO_GetPortSource)
    TM_GPIO_INT_EnableClock                  0x0800289d   Thumb Code    28  tm_stm32f4_gpio.o(i.TM_GPIO_INT_EnableClock)
    TM_GPIO_INT_Init                         0x080028bd   Thumb Code   170  tm_stm32f4_gpio.o(i.TM_GPIO_INT_Init)
    TM_GPIO_InitAlternate                    0x0800296d   Thumb Code   110  tm_stm32f4_gpio.o(i.TM_GPIO_InitAlternate)
    TM_MFRC522_AntennaOn                     0x080029db   Thumb Code    26  tm_stm32f4_mfrc522.o(i.TM_MFRC522_AntennaOn)
    TM_MFRC522_Anticoll                      0x080029f5   Thumb Code    74  tm_stm32f4_mfrc522.o(i.TM_MFRC522_Anticoll)
    TM_MFRC522_CalculateCRC                  0x08002a3f   Thumb Code   100  tm_stm32f4_mfrc522.o(i.TM_MFRC522_CalculateCRC)
    TM_MFRC522_Check                         0x08002aa3   Thumb Code    32  tm_stm32f4_mfrc522.o(i.TM_MFRC522_Check)
    TM_MFRC522_ClearBitMask                  0x08002ac3   Thumb Code    26  tm_stm32f4_mfrc522.o(i.TM_MFRC522_ClearBitMask)
    TM_MFRC522_Compare                       0x08002add   Thumb Code    34  tm_stm32f4_mfrc522.o(i.TM_MFRC522_Compare)
    TM_MFRC522_Halt                          0x08002aff   Thumb Code    44  tm_stm32f4_mfrc522.o(i.TM_MFRC522_Halt)
    TM_MFRC522_Init                          0x08002b2d   Thumb Code    80  tm_stm32f4_mfrc522.o(i.TM_MFRC522_Init)
    TM_MFRC522_InitPins                      0x08002b81   Thumb Code    58  tm_stm32f4_mfrc522.o(i.TM_MFRC522_InitPins)
    TM_MFRC522_ReadRegister                  0x08002bc1   Thumb Code    52  tm_stm32f4_mfrc522.o(i.TM_MFRC522_ReadRegister)
    TM_MFRC522_Request                       0x08002bfd   Thumb Code    50  tm_stm32f4_mfrc522.o(i.TM_MFRC522_Request)
    TM_MFRC522_Reset                         0x08002c2f   Thumb Code    12  tm_stm32f4_mfrc522.o(i.TM_MFRC522_Reset)
    TM_MFRC522_SetBitMask                    0x08002c3b   Thumb Code    26  tm_stm32f4_mfrc522.o(i.TM_MFRC522_SetBitMask)
    TM_MFRC522_ToCard                        0x08002c55   Thumb Code   298  tm_stm32f4_mfrc522.o(i.TM_MFRC522_ToCard)
    TM_MFRC522_WriteRegister                 0x08002d81   Thumb Code    46  tm_stm32f4_mfrc522.o(i.TM_MFRC522_WriteRegister)
    TM_SPI1_INT_InitPins                     0x08002db9   Thumb Code    64  tm_stm32f4_spi.o(i.TM_SPI1_INT_InitPins)
    TM_SPI2_INT_InitPins                     0x08002e05   Thumb Code   112  tm_stm32f4_spi.o(i.TM_SPI2_INT_InitPins)
    TM_SPI3_INT_InitPins                     0x08002e85   Thumb Code    66  tm_stm32f4_spi.o(i.TM_SPI3_INT_InitPins)
    TM_SPI4_INT_InitPins                     0x08002ed5   Thumb Code    66  tm_stm32f4_spi.o(i.TM_SPI4_INT_InitPins)
    TM_SPI5_INT_InitPins                     0x08002f21   Thumb Code    86  tm_stm32f4_spi.o(i.TM_SPI5_INT_InitPins)
    TM_SPI6_INT_InitPins                     0x08002f85   Thumb Code    42  tm_stm32f4_spi.o(i.TM_SPI6_INT_InitPins)
    TM_SPI_Init                              0x08002fb9   Thumb Code   176  tm_stm32f4_spi.o(i.TM_SPI_Init)
    TM_SPI_InitCustomPinsCallback            0x08003081   Thumb Code     2  tm_stm32f4_spi.o(i.TM_SPI_InitCustomPinsCallback)
    TurnLeft                                 0x08003231   Thumb Code   148  main.o(i.TurnLeft)
    TurnRight                                0x080032dd   Thumb Code   148  main.o(i.TurnRight)
    UART_Init                                0x08003389   Thumb Code   320  uart.o(i.UART_Init)
    UART_SendData                            0x080034dd   Thumb Code    40  uart.o(i.UART_SendData)
    USART_Cmd                                0x08003509   Thumb Code    24  stm32f4xx_usart.o(i.USART_Cmd)
    USART_DMACmd                             0x08003521   Thumb Code    18  stm32f4xx_usart.o(i.USART_DMACmd)
    USART_GetFlagStatus                      0x08003533   Thumb Code    26  stm32f4xx_usart.o(i.USART_GetFlagStatus)
    USART_Init                               0x0800354d   Thumb Code   204  stm32f4xx_usart.o(i.USART_Init)
    USART_SendData                           0x08003621   Thumb Code     8  stm32f4xx_usart.o(i.USART_SendData)
    UsageFault_Handler                       0x08003629   Thumb Code     4  system_timetick.o(i.UsageFault_Handler)
    __ARM_fpclassify                         0x0800362d   Thumb Code    48  fpclassify.o(i.__ARM_fpclassify)
    __hardfp_exp                             0x08003661   Thumb Code   714  exp.o(i.__hardfp_exp)
    __kernel_poly                            0x080039b9   Thumb Code   248  poly.o(i.__kernel_poly)
    __mathlib_dbl_infnan                     0x08003ab1   Thumb Code    20  dunder.o(i.__mathlib_dbl_infnan)
    __mathlib_dbl_overflow                   0x08003ac9   Thumb Code    24  dunder.o(i.__mathlib_dbl_overflow)
    __mathlib_dbl_underflow                  0x08003ae9   Thumb Code    24  dunder.o(i.__mathlib_dbl_underflow)
    delay_PID                                0x08003b09   Thumb Code    32  main.o(i.delay_PID)
    delay_ms                                 0x08003b31   Thumb Code    36  i2c.o(i.delay_ms)
    delay_us                                 0x08003b59   Thumb Code    26  i2c.o(i.delay_us)
    i2c_init                                 0x08003b79   Thumb Code    68  i2c.o(i.i2c_init)
    i2c_read                                 0x08003bc1   Thumb Code   156  i2c.o(i.i2c_read)
    i2c_start                                0x08003c61   Thumb Code    68  i2c.o(i.i2c_start)
    i2c_stop                                 0x08003ca9   Thumb Code    52  i2c.o(i.i2c_stop)
    i2c_write                                0x08003ce1   Thumb Code   162  i2c.o(i.i2c_write)
    main                                     0x08003d89   Thumb Code   376  main.o(i.main)
    __aeabi_d2f                              0x08003f65   Thumb Code     0  d2f.o(x$fpl$d2f)
    _d2f                                     0x08003f65   Thumb Code    98  d2f.o(x$fpl$d2f)
    __aeabi_dadd                             0x08003fc9   Thumb Code     0  daddsub_clz.o(x$fpl$dadd)
    _dadd                                    0x08003fc9   Thumb Code   332  daddsub_clz.o(x$fpl$dadd)
    __fpl_dcmp_Inf                           0x08004119   Thumb Code    24  dcmpi.o(x$fpl$dcmpinf)
    __aeabi_ddiv                             0x08004131   Thumb Code     0  ddiv.o(x$fpl$ddiv)
    _ddiv                                    0x08004131   Thumb Code   552  ddiv.o(x$fpl$ddiv)
    __aeabi_d2iz                             0x080043e1   Thumb Code     0  dfix.o(x$fpl$dfix)
    _dfix                                    0x080043e1   Thumb Code    94  dfix.o(x$fpl$dfix)
    __aeabi_i2d                              0x0800443f   Thumb Code     0  dflt_clz.o(x$fpl$dflt)
    _dflt                                    0x0800443f   Thumb Code    46  dflt_clz.o(x$fpl$dflt)
    __aeabi_cdcmple                          0x0800446d   Thumb Code     0  dleqf.o(x$fpl$dleqf)
    _dcmple                                  0x0800446d   Thumb Code   120  dleqf.o(x$fpl$dleqf)
    __fpl_dcmple_InfNaN                      0x080044cf   Thumb Code     0  dleqf.o(x$fpl$dleqf)
    __aeabi_dmul                             0x080044e5   Thumb Code     0  dmul.o(x$fpl$dmul)
    _dmul                                    0x080044e5   Thumb Code   332  dmul.o(x$fpl$dmul)
    __fpl_dnaninf                            0x08004639   Thumb Code   156  dnaninf.o(x$fpl$dnaninf)
    __fpl_dretinf                            0x080046d5   Thumb Code    12  dretinf.o(x$fpl$dretinf)
    __aeabi_cdrcmple                         0x080046e1   Thumb Code     0  drleqf.o(x$fpl$drleqf)
    _drcmple                                 0x080046e1   Thumb Code   108  drleqf.o(x$fpl$drleqf)
    __aeabi_drsub                            0x0800474d   Thumb Code     0  daddsub_clz.o(x$fpl$drsb)
    _drsb                                    0x0800474d   Thumb Code    22  daddsub_clz.o(x$fpl$drsb)
    __aeabi_dsub                             0x08004765   Thumb Code     0  daddsub_clz.o(x$fpl$dsub)
    _dsub                                    0x08004765   Thumb Code   464  daddsub_clz.o(x$fpl$dsub)
    __aeabi_f2d                              0x08004939   Thumb Code     0  f2d.o(x$fpl$f2d)
    _f2d                                     0x08004939   Thumb Code    86  f2d.o(x$fpl$f2d)
    __fpl_fnaninf                            0x0800498f   Thumb Code   140  fnaninf.o(x$fpl$fnaninf)
    _fp_init                                 0x08004a1b   Thumb Code    10  fpinit.o(x$fpl$fpinit)
    __fplib_config_fpu_vfp                   0x08004a23   Thumb Code     0  fpinit.o(x$fpl$fpinit)
    __fplib_config_pureend_doubles           0x08004a23   Thumb Code     0  fpinit.o(x$fpl$fpinit)
    __fpl_fretinf                            0x08004a25   Thumb Code    10  fretinf.o(x$fpl$fretinf)
    __I$use$fp                               0x08004a2e   Number         0  usenofp.o(x$fpl$usenofp)
    Region$$Table$$Base                      0x08004a88   Number         0  anon$$obj.o(Region$$Table)
    Region$$Table$$Limit                     0x08004aa8   Number         0  anon$$obj.o(Region$$Table)
    countDelay                               0x20000000   Data           2  main.o(.data)
    positionLift                             0x20000004   Data           4  main.o(.data)
    flagPathRunComplete                      0x20000008   Data           1  main.o(.data)
    PIDflag                                  0x20000009   Data           1  main.o(.data)
    flagCheckRFID                            0x2000000a   Data           1  main.o(.data)
    g                                        0x2000000b   Data           1  main.o(.data)
    flag_10ms                                0x2000000c   Data           2  main.o(.data)
    flag_100ms                               0x2000000e   Data           2  main.o(.data)
    a                                        0x20000010   Data           2  main.o(.data)
    rightMotorSpeed                          0x20000014   Data           4  main.o(.data)
    leftMotorSpeed                           0x20000018   Data           4  main.o(.data)
    testcb                                   0x2000001c   Data           1  main.o(.data)
    adc                                      0x2000001e   Data           2  main.o(.data)
    duty                                     0x20000020   Data           4  main.o(.data)
    dir                                      0x20000024   Data           1  main.o(.data)
    x_ref                                    0x20000028   Data           4  main.o(.data)
    x_measure                                0x2000002c   Data           4  main.o(.data)
    udk                                      0x20000030   Data           4  main.o(.data)
    delta_udk                                0x20000034   Data           4  main.o(.data)
    udk1                                     0x20000038   Data           4  main.o(.data)
    CardID                                   0x2000003c   Data           5  main.o(.data)
    v_left                                   0x20000044   Data           4  main.o(.data)
    v_left_filter                            0x20000048   Data           4  main.o(.data)
    v_right                                  0x2000004c   Data           4  main.o(.data)
    v_right_filter                           0x20000050   Data           4  main.o(.data)
    v_ref                                    0x20000054   Data           4  main.o(.data)
    v_measure                                0x20000058   Data           4  main.o(.data)
    v_lift                                   0x2000005c   Data           4  main.o(.data)
    line_position                            0x20000060   Data           2  main.o(.data)
    f_line_position                          0x20000064   Data           4  main.o(.data)
    line_ref                                 0x20000068   Data           4  main.o(.data)
    xa                                       0x2000006c   Data           4  main.o(.data)
    y                                        0x20000070   Data           4  main.o(.data)
    flag                                     0x20000074   Data           4  main.o(.data)
    z                                        0x20000078   Data           4  main.o(.data)
    t                                        0x2000007c   Data           4  main.o(.data)
    mess                                     0x20000080   Data           6  main.o(.data)
    currentNode                              0x20000086   Data           1  main.o(.data)
    preNode                                  0x20000087   Data           1  main.o(.data)
    pre_Orient                               0x20000088   Data           1  main.o(.data)
    initExitNode                             0x20000089   Data           1  main.o(.data)
    test                                     0x2000008a   Data           1  main.o(.data)
    TagID                                    0x2000008b   Data         300  main.o(.data)
    error                                    0x200001b8   Data           4  main.o(.data)
    error_dot                                0x200001bc   Data           4  main.o(.data)
    pre_error                                0x200001c0   Data           4  main.o(.data)
    e_                                       0x200001c4   Data           4  main.o(.data)
    edot_                                    0x200001c8   Data           4  main.o(.data)
    u_                                       0x200001cc   Data           4  main.o(.data)
    u                                        0x200001d0   Data           4  main.o(.data)
    positionLiftGoal                         0x200001d4   Data           4  main.o(.data)
    pos_left                                 0x200001d8   Data           4  main.o(.data)
    pos_right                                0x200001dc   Data           4  main.o(.data)
    test_bks                                 0x200001e0   Data           4  main.o(.data)
    SystemCoreClock                          0x200001e4   Data           4  system_stm32f4xx.o(.data)
    AHBPrescTable                            0x200001e8   Data          16  system_stm32f4xx.o(.data)
    tick_count                               0x200001f8   Data           4  system_timetick.o(.data)
    tick_flag                                0x200001fc   Data           4  system_timetick.o(.data)
    rxbuff                                   0x20000210   Data           1  uart.o(.data)
    PathByteCount_Run                        0x20000211   Data           1  uart.o(.data)
    kp                                       0x20000214   Data           4  uart.o(.data)
    ki                                       0x20000218   Data           4  uart.o(.data)
    kd                                       0x2000021c   Data           4  uart.o(.data)
    rxdata                                   0x20000220   Data           1  uart.o(.data)
    pre_rxdata                               0x20000221   Data           1  uart.o(.data)
    b                                        0x20000224   Data           4  uart.o(.data)
    on                                       0x20000228   Data           4  uart.o(.data)
    v_sv                                     0x2000022c   Data           4  uart.o(.data)
    setVelocity                              0x20000230   Data           4  uart.o(.data)
    setki                                    0x20000234   Data           4  uart.o(.data)
    crc_cal                                  0x20000238   Data           2  uart.o(.data)
    crc_receive                              0x2000023a   Data           2  uart.o(.data)
    crc1                                     0x2000023c   Data           1  uart.o(.data)
    crc2                                     0x2000023d   Data           1  uart.o(.data)
    setkp_line                               0x20000240   Data           4  uart.o(.data)
    setki_line                               0x20000244   Data           4  uart.o(.data)
    setkd_line                               0x20000248   Data           4  uart.o(.data)
    setkp_speed                              0x2000024c   Data           4  uart.o(.data)
    setki_speed                              0x20000250   Data           4  uart.o(.data)
    setkd_speed                              0x20000254   Data           4  uart.o(.data)
    setkp_lift                               0x20000258   Data           4  uart.o(.data)
    setki_lift                               0x2000025c   Data           4  uart.o(.data)
    setkd_lift                               0x20000260   Data           4  uart.o(.data)
    flag_receiver                            0x20000264   Data           4  uart.o(.data)
    i                                        0x20000268   Data           4  uart.o(.data)
    flagPathReceived                         0x2000026c   Data           1  uart.o(.data)
    check                                    0x20000270   Data           4  uart.o(.data)
    Fs                                       0x20000274   Data           1  encoder.o(.data)
    V1_L                                     0x20000278   Data           4  encoder.o(.data)
    tempV1_L                                 0x2000027c   Data           4  encoder.o(.data)
    V1_R                                     0x20000280   Data           4  encoder.o(.data)
    tempV1_R                                 0x20000284   Data           4  encoder.o(.data)
    to1                                      0x20000288   Data           4  encoder.o(.data)
    Ts                                       0x2000028c   Data           4  encoder.o(.data)
    v_preFilter1_R                           0x20000290   Data           4  encoder.o(.data)
    v_Filter1_R                              0x20000294   Data           4  encoder.o(.data)
    temp_R                                   0x20000298   Data           4  encoder.o(.data)
    v_preFilter1_L                           0x2000029c   Data           4  encoder.o(.data)
    v_Filter1_L                              0x200002a0   Data           4  encoder.o(.data)
    temp_L                                   0x200002a4   Data           4  encoder.o(.data)
    tick                                     0x200002a8   Data           4  qtr_5rc.o(.data)
    sensorPins                               0x200002ac   Data          10  qtr_5rc.o(.data)
    calibInitialized                         0x200002b6   Data           1  qtr_5rc.o(.data)
    position                                 0x200002b8   Data           2  qtr_5rc.o(.data)
    uk1                                      0x200002c4   Data           4  pid.o(.data)
    sum_err                                  0x200002c8   Data           4  pid.o(.data)
    Error_value                              0x200002cc   Data           4  pid.o(.data)
    P_part                                   0x200002d0   Data           4  pid.o(.data)
    I_part                                   0x200002d4   Data           4  pid.o(.data)
    D_part                                   0x200002d8   Data           4  pid.o(.data)
    out                                      0x200002dc   Data           4  pid.o(.data)
    pre_Error_value                          0x200002e0   Data           4  pid.o(.data)
    pre_Error                                0x200002e4   Data           4  pid.o(.data)
    Error                                    0x200002e8   Data           4  pid.o(.data)
    flagPickDropComplete                     0x200002ec   Data           1  pid.o(.data)
    error1                                   0x200002f0   Data           4  pid.o(.data)
    preError1                                0x200002f4   Data           4  pid.o(.data)
    sum_error                                0x200002f8   Data           4  pid.o(.data)
    Kp                                       0x200002fc   Data           4  pid.o(.data)
    Ki                                       0x20000300   Data           4  pid.o(.data)
    Kd                                       0x20000304   Data           4  pid.o(.data)
    P                                        0x20000308   Data           4  pid.o(.data)
    I                                        0x2000030c   Data           4  pid.o(.data)
    D                                        0x20000310   Data           4  pid.o(.data)
    previous_error                           0x20000314   Data           4  pid.o(.data)
    Path_Run                                 0x20000318   Data          30  main.o(.bss)
    QTR_ReadRawValue                         0x20000336   Data          12  main.o(.bss)
    QTR_ReadCalibValue                       0x20000342   Data          10  main.o(.bss)
    send_frame                               0x2000034c   Data          22  main.o(.bss)
    data_receive                             0x20000362   Data          26  uart.o(.bss)
    pathRunReceive                           0x2000037c   Data          30  uart.o(.bss)
    txbuff                                   0x2000039a   Data          22  uart.o(.bss)
    PID_para_vel                             0x200003c8   Data          36  pid.o(.bss)
    PID_para_line                            0x200003ec   Data          36  pid.o(.bss)
    PID_para_lift                            0x20000410   Data          36  pid.o(.bss)
    __libspace_start                         0x20000434   Data          96  libspace.o(.bss)
    __temporary_stack_top$libspace           0x20000494   Data           0  libspace.o(.bss)



==============================================================================

Memory Map of the image

  Image Entry point : 0x08000269

  Load Region LR_1 (Base: 0x08000000, Size: 0x00004dc0, Max: 0xffffffff, ABSOLUTE, COMPRESSED[0x00004c44])

    Execution Region ER_RO (Exec base: 0x08000000, Load base: 0x08000000, Size: 0x00004aa8, Max: 0xffffffff, ABSOLUTE)

    Exec Addr    Load Addr    Size         Type   Attr      Idx    E Section Name        Object

    0x08000000   0x08000000   0x00000188   Data   RO          401    RESET               startup_stm32f40_41xxx.o
    0x08000188   0x08000188   0x00000008   Code   RO         3625  * !!!main             c_w.l(__main.o)
    0x08000190   0x08000190   0x00000034   Code   RO         3928    !!!scatter          c_w.l(__scatter.o)
    0x080001c4   0x080001c4   0x0000005a   Code   RO         3926    !!dczerorl2         c_w.l(__dczerorl2.o)
    0x0800021e   0x0800021e   0x00000002   PAD
    0x08000220   0x08000220   0x0000001c   Code   RO         3930    !!handler_zi        c_w.l(__scatter_zi.o)
    0x0800023c   0x0800023c   0x00000002   Code   RO         3799    .ARM.Collect$$libinit$$00000000  c_w.l(libinit.o)
    0x0800023e   0x0800023e   0x00000004   Code   RO         3800    .ARM.Collect$$libinit$$00000001  c_w.l(libinit2.o)
    0x08000242   0x08000242   0x00000000   Code   RO         3803    .ARM.Collect$$libinit$$00000004  c_w.l(libinit2.o)
    0x08000242   0x08000242   0x00000000   Code   RO         3806    .ARM.Collect$$libinit$$0000000A  c_w.l(libinit2.o)
    0x08000242   0x08000242   0x00000000   Code   RO         3808    .ARM.Collect$$libinit$$0000000C  c_w.l(libinit2.o)
    0x08000242   0x08000242   0x00000000   Code   RO         3810    .ARM.Collect$$libinit$$0000000E  c_w.l(libinit2.o)
    0x08000242   0x08000242   0x00000000   Code   RO         3813    .ARM.Collect$$libinit$$00000011  c_w.l(libinit2.o)
    0x08000242   0x08000242   0x00000000   Code   RO         3815    .ARM.Collect$$libinit$$00000013  c_w.l(libinit2.o)
    0x08000242   0x08000242   0x00000000   Code   RO         3817    .ARM.Collect$$libinit$$00000015  c_w.l(libinit2.o)
    0x08000242   0x08000242   0x00000000   Code   RO         3819    .ARM.Collect$$libinit$$00000017  c_w.l(libinit2.o)
    0x08000242   0x08000242   0x00000000   Code   RO         3821    .ARM.Collect$$libinit$$00000019  c_w.l(libinit2.o)
    0x08000242   0x08000242   0x00000000   Code   RO         3823    .ARM.Collect$$libinit$$0000001B  c_w.l(libinit2.o)
    0x08000242   0x08000242   0x00000000   Code   RO         3825    .ARM.Collect$$libinit$$0000001D  c_w.l(libinit2.o)
    0x08000242   0x08000242   0x00000000   Code   RO         3827    .ARM.Collect$$libinit$$0000001F  c_w.l(libinit2.o)
    0x08000242   0x08000242   0x00000000   Code   RO         3829    .ARM.Collect$$libinit$$00000021  c_w.l(libinit2.o)
    0x08000242   0x08000242   0x00000000   Code   RO         3831    .ARM.Collect$$libinit$$00000023  c_w.l(libinit2.o)
    0x08000242   0x08000242   0x00000000   Code   RO         3833    .ARM.Collect$$libinit$$00000025  c_w.l(libinit2.o)
    0x08000242   0x08000242   0x00000000   Code   RO         3837    .ARM.Collect$$libinit$$0000002C  c_w.l(libinit2.o)
    0x08000242   0x08000242   0x00000000   Code   RO         3839    .ARM.Collect$$libinit$$0000002E  c_w.l(libinit2.o)
    0x08000242   0x08000242   0x00000000   Code   RO         3841    .ARM.Collect$$libinit$$00000030  c_w.l(libinit2.o)
    0x08000242   0x08000242   0x00000000   Code   RO         3843    .ARM.Collect$$libinit$$00000032  c_w.l(libinit2.o)
    0x08000242   0x08000242   0x00000002   Code   RO         3844    .ARM.Collect$$libinit$$00000033  c_w.l(libinit2.o)
    0x08000244   0x08000244   0x00000002   Code   RO         3874    .ARM.Collect$$libshutdown$$00000000  c_w.l(libshutdown.o)
    0x08000246   0x08000246   0x00000000   Code   RO         3885    .ARM.Collect$$libshutdown$$00000002  c_w.l(libshutdown2.o)
    0x08000246   0x08000246   0x00000000   Code   RO         3887    .ARM.Collect$$libshutdown$$00000004  c_w.l(libshutdown2.o)
    0x08000246   0x08000246   0x00000000   Code   RO         3890    .ARM.Collect$$libshutdown$$00000007  c_w.l(libshutdown2.o)
    0x08000246   0x08000246   0x00000000   Code   RO         3893    .ARM.Collect$$libshutdown$$0000000A  c_w.l(libshutdown2.o)
    0x08000246   0x08000246   0x00000000   Code   RO         3895    .ARM.Collect$$libshutdown$$0000000C  c_w.l(libshutdown2.o)
    0x08000246   0x08000246   0x00000000   Code   RO         3898    .ARM.Collect$$libshutdown$$0000000F  c_w.l(libshutdown2.o)
    0x08000246   0x08000246   0x00000002   Code   RO         3899    .ARM.Collect$$libshutdown$$00000010  c_w.l(libshutdown2.o)
    0x08000248   0x08000248   0x00000000   Code   RO         3671    .ARM.Collect$$rtentry$$00000000  c_w.l(__rtentry.o)
    0x08000248   0x08000248   0x00000000   Code   RO         3723    .ARM.Collect$$rtentry$$00000002  c_w.l(__rtentry2.o)
    0x08000248   0x08000248   0x00000006   Code   RO         3735    .ARM.Collect$$rtentry$$00000004  c_w.l(__rtentry4.o)
    0x0800024e   0x0800024e   0x00000000   Code   RO         3725    .ARM.Collect$$rtentry$$00000009  c_w.l(__rtentry2.o)
    0x0800024e   0x0800024e   0x00000004   Code   RO         3726    .ARM.Collect$$rtentry$$0000000A  c_w.l(__rtentry2.o)
    0x08000252   0x08000252   0x00000000   Code   RO         3728    .ARM.Collect$$rtentry$$0000000C  c_w.l(__rtentry2.o)
    0x08000252   0x08000252   0x00000008   Code   RO         3729    .ARM.Collect$$rtentry$$0000000D  c_w.l(__rtentry2.o)
    0x0800025a   0x0800025a   0x00000002   Code   RO         3845    .ARM.Collect$$rtexit$$00000000  c_w.l(rtexit.o)
    0x0800025c   0x0800025c   0x00000000   Code   RO         3852    .ARM.Collect$$rtexit$$00000002  c_w.l(rtexit2.o)
    0x0800025c   0x0800025c   0x00000004   Code   RO         3853    .ARM.Collect$$rtexit$$00000003  c_w.l(rtexit2.o)
    0x08000260   0x08000260   0x00000006   Code   RO         3854    .ARM.Collect$$rtexit$$00000004  c_w.l(rtexit2.o)
    0x08000266   0x08000266   0x00000002   PAD
    0x08000268   0x08000268   0x00000040   Code   RO          402  * .text               startup_stm32f40_41xxx.o
    0x080002a8   0x080002a8   0x00000006   Code   RO         3623    .text               c_w.l(heapauxi.o)
    0x080002ae   0x080002ae   0x00000016   Code   RO         3672    .text               c_w.l(_rserrno.o)
    0x080002c4   0x080002c4   0x00000008   Code   RO         3745    .text               c_w.l(rt_errno_addr_intlibspace.o)
    0x080002cc   0x080002cc   0x00000008   Code   RO         3785    .text               c_w.l(libspace.o)
    0x080002d4   0x080002d4   0x0000004a   Code   RO         3788    .text               c_w.l(sys_stackheap_outer.o)
    0x0800031e   0x0800031e   0x00000012   Code   RO         3790    .text               c_w.l(exit.o)
    0x08000330   0x08000330   0x0000000c   Code   RO         3864    .text               c_w.l(sys_exit.o)
    0x0800033c   0x0800033c   0x00000002   Code   RO         3875    .text               c_w.l(use_no_semi.o)
    0x0800033e   0x0800033e   0x00000000   Code   RO         3877    .text               c_w.l(indicate_semi.o)
    0x0800033e   0x0800033e   0x00000002   PAD
    0x08000340   0x08000340   0x00000044   Code   RO         2653    i.BKPSRAM_Init      bkpsram.o
    0x08000384   0x08000384   0x00000004   Code   RO          324    i.BusFault_Handler  system_timetick.o
    0x08000388   0x08000388   0x00000174   Code   RO         2527    i.DMA1_Stream5_IRQHandler  uart.o
    0x080004fc   0x080004fc   0x00000034   Code   RO         1701    i.DMA_ClearITPendingBit  stm32f4xx_dma.o
    0x08000530   0x08000530   0x00000016   Code   RO         1702    i.DMA_Cmd           stm32f4xx_dma.o
    0x08000546   0x08000546   0x0000003a   Code   RO         1713    i.DMA_ITConfig      stm32f4xx_dma.o
    0x08000580   0x08000580   0x00000058   Code   RO         1714    i.DMA_Init          stm32f4xx_dma.o
    0x080005d8   0x080005d8   0x00000002   Code   RO          325    i.DebugMon_Handler  system_timetick.o
    0x080005da   0x080005da   0x00000002   PAD
    0x080005dc   0x080005dc   0x000001c0   Code   RO            4    i.Drop              main.o
    0x0800079c   0x0800079c   0x000000f0   Code   RO         2592    i.ENC_Init          encoder.o
    0x0800088c   0x0800088c   0x000000a0   Code   RO         2593    i.ENC_Position      encoder.o
    0x0800092c   0x0800092c   0x00000090   Code   RO         2594    i.ENC_Velocity      encoder.o
    0x080009bc   0x080009bc   0x00000078   Code   RO         2595    i.ENC_config        encoder.o
    0x08000a34   0x08000a34   0x00000090   Code   RO          435    i.GPIO_Init         stm32f4xx_gpio.o
    0x08000ac4   0x08000ac4   0x00000046   Code   RO          436    i.GPIO_PinAFConfig  stm32f4xx_gpio.o
    0x08000b0a   0x08000b0a   0x00000012   Code   RO          439    i.GPIO_ReadInputDataBit  stm32f4xx_gpio.o
    0x08000b1c   0x08000b1c   0x00000004   Code   RO          442    i.GPIO_ResetBits    stm32f4xx_gpio.o
    0x08000b20   0x08000b20   0x00000004   Code   RO          443    i.GPIO_SetBits      stm32f4xx_gpio.o
    0x08000b24   0x08000b24   0x0000000a   Code   RO          447    i.GPIO_WriteBit     stm32f4xx_gpio.o
    0x08000b2e   0x08000b2e   0x00000002   PAD
    0x08000b30   0x08000b30   0x00000058   Code   RO            5    i.GetNode           main.o
    0x08000b88   0x08000b88   0x00000004   Code   RO          326    i.HardFault_Handler  system_timetick.o
    0x08000b8c   0x08000b8c   0x00000046   Code   RO         3110    i.I2C_Read          i2c.o
    0x08000bd2   0x08000bd2   0x00000044   Code   RO         3111    i.I2C_Write         i2c.o
    0x08000c16   0x08000c16   0x00000002   PAD
    0x08000c18   0x08000c18   0x00000020   Code   RO         3191    i.LCD_BackLight     lcd_2004.o
    0x08000c38   0x08000c38   0x0000000a   Code   RO         3192    i.LCD_Clear         lcd_2004.o
    0x08000c42   0x08000c42   0x00000002   PAD
    0x08000c44   0x08000c44   0x0000003c   Code   RO         3193    i.LCD_FlushVal      lcd_2004.o
    0x08000c80   0x08000c80   0x000000ac   Code   RO         3194    i.LCD_Init          lcd_2004.o
    0x08000d2c   0x08000d2c   0x0000000a   Code   RO         3195    i.LCD_NewLine       lcd_2004.o
    0x08000d36   0x08000d36   0x0000001c   Code   RO         3196    i.LCD_Puts          lcd_2004.o
    0x08000d52   0x08000d52   0x00000002   PAD
    0x08000d54   0x08000d54   0x0000006c   Code   RO         3197    i.LCD_WaitBusy      lcd_2004.o
    0x08000dc0   0x08000dc0   0x00000030   Code   RO         3198    i.LCD_WriteCmd      lcd_2004.o
    0x08000df0   0x08000df0   0x00000070   Code   RO         3199    i.LCD_Write_4bit    lcd_2004.o
    0x08000e60   0x08000e60   0x00000030   Code   RO         3200    i.LCD_Write_Chr     lcd_2004.o
    0x08000e90   0x08000e90   0x0000023c   Code   RO         2596    i.LowpassFilter     encoder.o
    0x080010cc   0x080010cc   0x00000004   Code   RO          327    i.MemManage_Handler  system_timetick.o
    0x080010d0   0x080010d0   0x00000008   Code   RO         3112    i.My_I2C_Init       i2c.o
    0x080010d8   0x080010d8   0x00000002   Code   RO          328    i.NMI_Handler       system_timetick.o
    0x080010da   0x080010da   0x00000002   PAD
    0x080010dc   0x080010dc   0x00000078   Code   RO         1652    i.NVIC_Init         misc.o
    0x08001154   0x08001154   0x000001c0   Code   RO         3540    i.PID_GA25_Lifting  pid.o
    0x08001314   0x08001314   0x00000104   Code   RO         3541    i.PID_Init          pid.o
    0x08001418   0x08001418   0x00000118   Code   RO         3542    i.PID_Line          pid.o
    0x08001530   0x08001530   0x00000180   Code   RO         3543    i.PID_Velocity      pid.o
    0x080016b0   0x080016b0   0x00000024   Code   RO         2474    i.PWM_Init          pwm.o
    0x080016d4   0x080016d4   0x0000006c   Code   RO         2475    i.PWM_Pin           pwm.o
    0x08001740   0x08001740   0x000000b8   Code   RO         2476    i.PWM_configOUT     pwm.o
    0x080017f8   0x080017f8   0x0000000c   Code   RO         1946    i.PWR_BackupAccessCmd  stm32f4xx_pwr.o
    0x08001804   0x08001804   0x0000000c   Code   RO         1947    i.PWR_BackupRegulatorCmd  stm32f4xx_pwr.o
    0x08001810   0x08001810   0x00000002   Code   RO          329    i.PendSV_Handler    system_timetick.o
    0x08001812   0x08001812   0x00000002   PAD
    0x08001814   0x08001814   0x000001a8   Code   RO            6    i.Pick              main.o
    0x080019bc   0x080019bc   0x00000046   Code   RO         2597    i.Position_Lift     encoder.o
    0x08001a02   0x08001a02   0x00000002   PAD
    0x08001a04   0x08001a04   0x00000020   Code   RO         2677    i.QTRPins_INPUT_Mode  qtr_5rc.o
    0x08001a24   0x08001a24   0x00000028   Code   RO         2678    i.QTRPins_OUTPUT_Mode  qtr_5rc.o
    0x08001a4c   0x08001a4c   0x0000009c   Code   RO         2679    i.QTRSensorsRead    qtr_5rc.o
    0x08001ae8   0x08001ae8   0x000000a6   Code   RO         2680    i.QTRSensorsReadCalibrated  qtr_5rc.o
    0x08001b8e   0x08001b8e   0x00000002   PAD
    0x08001b90   0x08001b90   0x00000020   Code   RO          562    i.RCC_AHB1PeriphClockCmd  stm32f4xx_rcc.o
    0x08001bb0   0x08001bb0   0x00000020   Code   RO          571    i.RCC_APB1PeriphClockCmd  stm32f4xx_rcc.o
    0x08001bd0   0x08001bd0   0x00000020   Code   RO          574    i.RCC_APB2PeriphClockCmd  stm32f4xx_rcc.o
    0x08001bf0   0x08001bf0   0x000000e8   Code   RO          583    i.RCC_GetClocksFreq  stm32f4xx_rcc.o
    0x08001cd8   0x08001cd8   0x00000110   Code   RO            7    i.Reverse           main.o
    0x08001de8   0x08001de8   0x00000208   Code   RO            8    i.RunPath           main.o
    0x08001ff0   0x08001ff0   0x000000c4   Code   RO         2477    i.Run_Motor         pwm.o
    0x080020b4   0x080020b4   0x0000003c   Code   RO         2325    i.SPI_Init          stm32f4xx_spi.o
    0x080020f0   0x080020f0   0x00000018   Code   RO         2328    i.SPI_StructInit    stm32f4xx_spi.o
    0x08002108   0x08002108   0x00000002   Code   RO          330    i.SVC_Handler       system_timetick.o
    0x0800210a   0x0800210a   0x00000002   PAD
    0x0800210c   0x0800210c   0x000000ec   Code   RO          279    i.SetSysClock       system_stm32f4xx.o
    0x080021f8   0x080021f8   0x00000024   Code   RO            9    i.StopAGV           main.o
    0x0800221c   0x0800221c   0x0000001c   Code   RO          331    i.SysTick_Handler   system_timetick.o
    0x08002238   0x08002238   0x00000068   Code   RO          281    i.SystemInit        system_stm32f4xx.o
    0x080022a0   0x080022a0   0x0000005a   Code   RO         3072    i.TIM2_INT_Init     interrupt_timer.o
    0x080022fa   0x080022fa   0x00000002   PAD
    0x080022fc   0x080022fc   0x00000070   Code   RO           10    i.TIM2_IRQHandler   main.o
    0x0800236c   0x0800236c   0x00000120   Code   RO           11    i.TIM6_DAC_IRQHandler  main.o
    0x0800248c   0x0800248c   0x000000c4   Code   RO         3073    i.TIM6_INT_Init     interrupt_timer.o
    0x08002550   0x08002550   0x00000030   Code   RO         2681    i.TIM7_INT_Init     qtr_5rc.o
    0x08002580   0x08002580   0x00000006   Code   RO          905    i.TIM_ClearITPendingBit  stm32f4xx_tim.o
    0x08002586   0x08002586   0x00000018   Code   RO          910    i.TIM_Cmd           stm32f4xx_tim.o
    0x0800259e   0x0800259e   0x0000001e   Code   RO          912    i.TIM_CtrlPWMOutputs  stm32f4xx_tim.o
    0x080025bc   0x080025bc   0x00000042   Code   RO          919    i.TIM_EncoderInterfaceConfig  stm32f4xx_tim.o
    0x080025fe   0x080025fe   0x00000006   Code   RO          929    i.TIM_GetCounter    stm32f4xx_tim.o
    0x08002604   0x08002604   0x00000022   Code   RO          931    i.TIM_GetITStatus   stm32f4xx_tim.o
    0x08002626   0x08002626   0x00000012   Code   RO          935    i.TIM_ITConfig      stm32f4xx_tim.o
    0x08002638   0x08002638   0x0000007c   Code   RO          939    i.TIM_OC1Init       stm32f4xx_tim.o
    0x080026b4   0x080026b4   0x000000a4   Code   RO          944    i.TIM_OC2Init       stm32f4xx_tim.o
    0x08002758   0x08002758   0x000000a0   Code   RO          949    i.TIM_OC3Init       stm32f4xx_tim.o
    0x080027f8   0x080027f8   0x00000004   Code   RO          972    i.TIM_SetCompare1   stm32f4xx_tim.o
    0x080027fc   0x080027fc   0x00000004   Code   RO          973    i.TIM_SetCompare2   stm32f4xx_tim.o
    0x08002800   0x08002800   0x00000004   Code   RO          974    i.TIM_SetCompare3   stm32f4xx_tim.o
    0x08002804   0x08002804   0x00000004   Code   RO          976    i.TIM_SetCounter    stm32f4xx_tim.o
    0x08002808   0x08002808   0x00000084   Code   RO          982    i.TIM_TimeBaseInit  stm32f4xx_tim.o
    0x0800288c   0x0800288c   0x0000000e   Code   RO         3271    i.TM_GPIO_GetPortSource  tm_stm32f4_gpio.o
    0x0800289a   0x0800289a   0x00000002   PAD
    0x0800289c   0x0800289c   0x00000020   Code   RO         3274    i.TM_GPIO_INT_EnableClock  tm_stm32f4_gpio.o
    0x080028bc   0x080028bc   0x000000b0   Code   RO         3275    i.TM_GPIO_INT_Init  tm_stm32f4_gpio.o
    0x0800296c   0x0800296c   0x0000006e   Code   RO         3277    i.TM_GPIO_InitAlternate  tm_stm32f4_gpio.o
    0x080029da   0x080029da   0x0000001a   Code   RO         2734    i.TM_MFRC522_AntennaOn  tm_stm32f4_mfrc522.o
    0x080029f4   0x080029f4   0x0000004a   Code   RO         2735    i.TM_MFRC522_Anticoll  tm_stm32f4_mfrc522.o
    0x08002a3e   0x08002a3e   0x00000064   Code   RO         2737    i.TM_MFRC522_CalculateCRC  tm_stm32f4_mfrc522.o
    0x08002aa2   0x08002aa2   0x00000020   Code   RO         2738    i.TM_MFRC522_Check  tm_stm32f4_mfrc522.o
    0x08002ac2   0x08002ac2   0x0000001a   Code   RO         2739    i.TM_MFRC522_ClearBitMask  tm_stm32f4_mfrc522.o
    0x08002adc   0x08002adc   0x00000022   Code   RO         2740    i.TM_MFRC522_Compare  tm_stm32f4_mfrc522.o
    0x08002afe   0x08002afe   0x0000002c   Code   RO         2741    i.TM_MFRC522_Halt   tm_stm32f4_mfrc522.o
    0x08002b2a   0x08002b2a   0x00000002   PAD
    0x08002b2c   0x08002b2c   0x00000054   Code   RO         2742    i.TM_MFRC522_Init   tm_stm32f4_mfrc522.o
    0x08002b80   0x08002b80   0x00000040   Code   RO         2743    i.TM_MFRC522_InitPins  tm_stm32f4_mfrc522.o
    0x08002bc0   0x08002bc0   0x0000003c   Code   RO         2745    i.TM_MFRC522_ReadRegister  tm_stm32f4_mfrc522.o
    0x08002bfc   0x08002bfc   0x00000032   Code   RO         2746    i.TM_MFRC522_Request  tm_stm32f4_mfrc522.o
    0x08002c2e   0x08002c2e   0x0000000c   Code   RO         2747    i.TM_MFRC522_Reset  tm_stm32f4_mfrc522.o
    0x08002c3a   0x08002c3a   0x0000001a   Code   RO         2749    i.TM_MFRC522_SetBitMask  tm_stm32f4_mfrc522.o
    0x08002c54   0x08002c54   0x0000012a   Code   RO         2750    i.TM_MFRC522_ToCard  tm_stm32f4_mfrc522.o
    0x08002d7e   0x08002d7e   0x00000002   PAD
    0x08002d80   0x08002d80   0x00000038   Code   RO         2752    i.TM_MFRC522_WriteRegister  tm_stm32f4_mfrc522.o
    0x08002db8   0x08002db8   0x0000004c   Code   RO         2879    i.TM_SPI1_INT_InitPins  tm_stm32f4_spi.o
    0x08002e04   0x08002e04   0x00000080   Code   RO         2880    i.TM_SPI2_INT_InitPins  tm_stm32f4_spi.o
    0x08002e84   0x08002e84   0x00000050   Code   RO         2881    i.TM_SPI3_INT_InitPins  tm_stm32f4_spi.o
    0x08002ed4   0x08002ed4   0x0000004c   Code   RO         2882    i.TM_SPI4_INT_InitPins  tm_stm32f4_spi.o
    0x08002f20   0x08002f20   0x00000064   Code   RO         2883    i.TM_SPI5_INT_InitPins  tm_stm32f4_spi.o
    0x08002f84   0x08002f84   0x00000034   Code   RO         2884    i.TM_SPI6_INT_InitPins  tm_stm32f4_spi.o
    0x08002fb8   0x08002fb8   0x000000c8   Code   RO         2886    i.TM_SPI_Init       tm_stm32f4_spi.o
    0x08003080   0x08003080   0x00000002   Code   RO         2887    i.TM_SPI_InitCustomPinsCallback  tm_stm32f4_spi.o
    0x08003082   0x08003082   0x00000042   Code   RO         2753    i.TM_SPI_Send       tm_stm32f4_mfrc522.o
    0x080030c4   0x080030c4   0x0000016c   Code   RO         2897    i.TM_SPIx_Init      tm_stm32f4_spi.o
    0x08003230   0x08003230   0x000000ac   Code   RO           13    i.TurnLeft          main.o
    0x080032dc   0x080032dc   0x000000ac   Code   RO           14    i.TurnRight         main.o
    0x08003388   0x08003388   0x00000154   Code   RO         2528    i.UART_Init         uart.o
    0x080034dc   0x080034dc   0x0000002c   Code   RO         2531    i.UART_SendData     uart.o
    0x08003508   0x08003508   0x00000018   Code   RO         1464    i.USART_Cmd         stm32f4xx_usart.o
    0x08003520   0x08003520   0x00000012   Code   RO         1465    i.USART_DMACmd      stm32f4xx_usart.o
    0x08003532   0x08003532   0x0000001a   Code   RO         1467    i.USART_GetFlagStatus  stm32f4xx_usart.o
    0x0800354c   0x0800354c   0x000000d4   Code   RO         1471    i.USART_Init        stm32f4xx_usart.o
    0x08003620   0x08003620   0x00000008   Code   RO         1481    i.USART_SendData    stm32f4xx_usart.o
    0x08003628   0x08003628   0x00000004   Code   RO          332    i.UsageFault_Handler  system_timetick.o
    0x0800362c   0x0800362c   0x00000030   Code   RO         3717    i.__ARM_fpclassify  m_wm.l(fpclassify.o)
    0x0800365c   0x0800365c   0x00000004   PAD
    0x08003660   0x08003660   0x00000358   Code   RO         3657    i.__hardfp_exp      m_wm.l(exp.o)
    0x080039b8   0x080039b8   0x000000f8   Code   RO         3719    i.__kernel_poly     m_wm.l(poly.o)
    0x08003ab0   0x08003ab0   0x00000014   Code   RO         3704    i.__mathlib_dbl_infnan  m_wm.l(dunder.o)
    0x08003ac4   0x08003ac4   0x00000004   PAD
    0x08003ac8   0x08003ac8   0x00000020   Code   RO         3707    i.__mathlib_dbl_overflow  m_wm.l(dunder.o)
    0x08003ae8   0x08003ae8   0x00000020   Code   RO         3709    i.__mathlib_dbl_underflow  m_wm.l(dunder.o)
    0x08003b08   0x08003b08   0x00000028   Code   RO           15    i.delay_PID         main.o
    0x08003b30   0x08003b30   0x00000028   Code   RO         3113    i.delay_ms          i2c.o
    0x08003b58   0x08003b58   0x00000020   Code   RO         3114    i.delay_us          i2c.o
    0x08003b78   0x08003b78   0x00000048   Code   RO         3115    i.i2c_init          i2c.o
    0x08003bc0   0x08003bc0   0x000000a0   Code   RO         3116    i.i2c_read          i2c.o
    0x08003c60   0x08003c60   0x00000048   Code   RO         3117    i.i2c_start         i2c.o
    0x08003ca8   0x08003ca8   0x00000038   Code   RO         3118    i.i2c_stop          i2c.o
    0x08003ce0   0x08003ce0   0x000000a8   Code   RO         3119    i.i2c_write         i2c.o
    0x08003d88   0x08003d88   0x000001dc   Code   RO           16    i.main              main.o
    0x08003f64   0x08003f64   0x00000062   Code   RO         3627    x$fpl$d2f           fz_wm.l(d2f.o)
    0x08003fc6   0x08003fc6   0x00000002   PAD
    0x08003fc8   0x08003fc8   0x00000150   Code   RO         3629    x$fpl$dadd          fz_wm.l(daddsub_clz.o)
    0x08004118   0x08004118   0x00000018   Code   RO         3781    x$fpl$dcmpinf       fz_wm.l(dcmpi.o)
    0x08004130   0x08004130   0x000002b0   Code   RO         3636    x$fpl$ddiv          fz_wm.l(ddiv.o)
    0x080043e0   0x080043e0   0x0000005e   Code   RO         3686    x$fpl$dfix          fz_wm.l(dfix.o)
    0x0800443e   0x0800443e   0x0000002e   Code   RO         3640    x$fpl$dflt          fz_wm.l(dflt_clz.o)
    0x0800446c   0x0800446c   0x00000078   Code   RO         3690    x$fpl$dleqf         fz_wm.l(dleqf.o)
    0x080044e4   0x080044e4   0x00000154   Code   RO         3645    x$fpl$dmul          fz_wm.l(dmul.o)
    0x08004638   0x08004638   0x0000009c   Code   RO         3692    x$fpl$dnaninf       fz_wm.l(dnaninf.o)
    0x080046d4   0x080046d4   0x0000000c   Code   RO         3694    x$fpl$dretinf       fz_wm.l(dretinf.o)
    0x080046e0   0x080046e0   0x0000006c   Code   RO         3696    x$fpl$drleqf        fz_wm.l(drleqf.o)
    0x0800474c   0x0800474c   0x00000016   Code   RO         3630    x$fpl$drsb          fz_wm.l(daddsub_clz.o)
    0x08004762   0x08004762   0x00000002   PAD
    0x08004764   0x08004764   0x000001d4   Code   RO         3631    x$fpl$dsub          fz_wm.l(daddsub_clz.o)
    0x08004938   0x08004938   0x00000056   Code   RO         3647    x$fpl$f2d           fz_wm.l(f2d.o)
    0x0800498e   0x0800498e   0x0000008c   Code   RO         3698    x$fpl$fnaninf       fz_wm.l(fnaninf.o)
    0x08004a1a   0x08004a1a   0x0000000a   Code   RO         3849    x$fpl$fpinit        fz_wm.l(fpinit.o)
    0x08004a24   0x08004a24   0x0000000a   Code   RO         3700    x$fpl$fretinf       fz_wm.l(fretinf.o)
    0x08004a2e   0x08004a2e   0x00000000   Code   RO         3702    x$fpl$usenofp       fz_wm.l(usenofp.o)
    0x08004a2e   0x08004a2e   0x00000002   PAD
    0x08004a30   0x08004a30   0x00000058   Data   RO         3660    .constdata          m_wm.l(exp.o)
    0x08004a88   0x08004a88   0x00000020   Data   RO         3924    Region$$Table       anon$$obj.o


    Execution Region ER_RW (Exec base: 0x20000000, Load base: 0x08004aa8, Size: 0x00000318, Max: 0xffffffff, ABSOLUTE, COMPRESSED[0x0000019c])

    Exec Addr    Load Addr    Size         Type   Attr      Idx    E Section Name        Object

    0x20000000   COMPRESSED   0x000001e4   Data   RW           18    .data               main.o
    0x200001e4   COMPRESSED   0x00000014   Data   RW          282    .data               system_stm32f4xx.o
    0x200001f8   COMPRESSED   0x00000008   Data   RW          333    .data               system_timetick.o
    0x20000200   COMPRESSED   0x00000010   Data   RW          614    .data               stm32f4xx_rcc.o
    0x20000210   COMPRESSED   0x00000064   Data   RW         2533    .data               uart.o
    0x20000274   COMPRESSED   0x00000034   Data   RW         2598    .data               encoder.o
    0x200002a8   COMPRESSED   0x00000012   Data   RW         2683    .data               qtr_5rc.o
    0x200002ba   COMPRESSED   0x00000009   Data   RW         3201    .data               lcd_2004.o
    0x200002c3   COMPRESSED   0x00000001   PAD
    0x200002c4   COMPRESSED   0x00000054   Data   RW         3545    .data               pid.o


    Execution Region ER_ZI (Exec base: 0x20000318, Load base: 0x08004c44, Size: 0x00000780, Max: 0xffffffff, ABSOLUTE)

    Exec Addr    Load Addr    Size         Type   Attr      Idx    E Section Name        Object

    0x20000318        -       0x0000004a   Zero   RW           17    .bss                main.o
    0x20000362        -       0x0000004e   Zero   RW         2532    .bss                uart.o
    0x200003b0        -       0x00000016   Zero   RW         3284    .bss                tm_stm32f4_gpio.o
    0x200003c6   0x08004c44   0x00000002   PAD
    0x200003c8        -       0x0000006c   Zero   RW         3544    .bss                pid.o
    0x20000434        -       0x00000060   Zero   RW         3786    .bss                c_w.l(libspace.o)
    0x20000494   0x08004c44   0x00000004   PAD
    0x20000498        -       0x00000200   Zero   RW          400    HEAP                startup_stm32f40_41xxx.o
    0x20000698        -       0x00000400   Zero   RW          399    STACK               startup_stm32f40_41xxx.o


==============================================================================

Image component sizes


      Code (inc. data)   RO Data    RW Data    ZI Data      Debug   Object Name

        68         10          0          0          0        483   bkpsram.o
      1306        114          0         52          0       5390   encoder.o
       746         32          0          0          0       6156   i2c.o
       286         12          0          0          0      31343   interrupt_timer.o
       628         44          0          9          0       5963   lcd_2004.o
      3048        400          0        484         74     345824   main.o
       120         14          0          0          0       1148   misc.o
      1372        148          0         84        108       3906   pid.o
       524         38          0          0          0       5269   pwm.o
       442         32          0         18          0       4214   qtr_5rc.o
        64         26        392          0       1536        792   startup_stm32f40_41xxx.o
       220         20          0          0          0       3800   stm32f4xx_dma.o
       250          0          0          0          0     232879   stm32f4xx_gpio.o
        24         12          0          0          0       1067   stm32f4xx_pwr.o
       328         36          0         16          0       4731   stm32f4xx_rcc.o
        84          0          0          0          0       1856   stm32f4xx_spi.o
       780         58          0          0          0      10166   stm32f4xx_tim.o
       288          8          0          0          0       4015   stm32f4xx_usart.o
       340         32          0         20          0       1729   system_stm32f4xx.o
        52         10          0          8          0       3997   system_timetick.o
       332         10          0          0         22       3469   tm_stm32f4_gpio.o
      1052         28          0          0          0      12976   tm_stm32f4_mfrc522.o
      1078        130          0          0          0       6140   tm_stm32f4_spi.o
       756         96          0        100         78       4183   uart.o

    ----------------------------------------------------------------------
     14216       1310        424        792       1820     701496   Object Totals
         0          0         32          0          0          0   (incl. Generated)
        28          0          0          1          2          0   (incl. Padding)

    ----------------------------------------------------------------------

      Code (inc. data)   RO Data    RW Data    ZI Data      Debug   Library Member Name

        90          0          0          0          0          0   __dczerorl2.o
         8          0          0          0          0         68   __main.o
         0          0          0          0          0          0   __rtentry.o
        12          0          0          0          0          0   __rtentry2.o
         6          0          0          0          0          0   __rtentry4.o
        52          8          0          0          0          0   __scatter.o
        28          0          0          0          0          0   __scatter_zi.o
        22          0          0          0          0        100   _rserrno.o
        18          0          0          0          0         80   exit.o
         6          0          0          0          0        152   heapauxi.o
         0          0          0          0          0          0   indicate_semi.o
         2          0          0          0          0          0   libinit.o
         6          0          0          0          0          0   libinit2.o
         2          0          0          0          0          0   libshutdown.o
         2          0          0          0          0          0   libshutdown2.o
         8          4          0          0         96         68   libspace.o
         8          4          0          0          0         68   rt_errno_addr_intlibspace.o
         2          0          0          0          0          0   rtexit.o
        10          0          0          0          0          0   rtexit2.o
        12          4          0          0          0         68   sys_exit.o
        74          0          0          0          0         80   sys_stackheap_outer.o
         2          0          0          0          0         68   use_no_semi.o
        98          4          0          0          0        140   d2f.o
       826         16          0          0          0        492   daddsub_clz.o
        24          0          0          0          0        116   dcmpi.o
       688        140          0          0          0        256   ddiv.o
        94          4          0          0          0        140   dfix.o
        46          0          0          0          0        116   dflt_clz.o
       120          4          0          0          0        140   dleqf.o
       340         12          0          0          0        152   dmul.o
       156          4          0          0          0        140   dnaninf.o
        12          0          0          0          0        116   dretinf.o
       108          0          0          0          0        128   drleqf.o
        86          4          0          0          0        132   f2d.o
       140          4          0          0          0        132   fnaninf.o
        10          0          0          0          0        116   fpinit.o
        10          0          0          0          0        116   fretinf.o
         0          0          0          0          0          0   usenofp.o
        84         16          0          0          0        372   dunder.o
       856        142         88          0          0        288   exp.o
        48          0          0          0          0        124   fpclassify.o
       248          0          0          0          0        152   poly.o

    ----------------------------------------------------------------------
      4384        370         88          0        100       4120   Library Totals
        20          0          0          0          4          0   (incl. Padding)

    ----------------------------------------------------------------------

      Code (inc. data)   RO Data    RW Data    ZI Data      Debug   Library Name

       370         20          0          0         96        752   c_w.l
      2758        192          0          0          0       2432   fz_wm.l
      1236        158         88          0          0        936   m_wm.l

    ----------------------------------------------------------------------
      4384        370         88          0        100       4120   Library Totals

    ----------------------------------------------------------------------

==============================================================================


      Code (inc. data)   RO Data    RW Data    ZI Data      Debug   

     18600       1680        512        792       1920     690156   Grand Totals
     18600       1680        512        412       1920     690156   ELF Image Totals (compressed)
     18600       1680        512        412          0          0   ROM Totals

==============================================================================

    Total RO  Size (Code + RO Data)                19112 (  18.66kB)
    Total RW  Size (RW Data + ZI Data)              2712 (   2.65kB)
    Total ROM Size (Code + RO Data + RW Data)      19524 (  19.07kB)

==============================================================================

