Component: ARM Compiler 5.06 update 6 (build 750) Tool: armlink [4d35ed]

==============================================================================

Section Cross References

    main.o(i.TIM2_IRQHandler) refers to stm32f4xx_tim.o(i.TIM_GetITStatus) for TIM_GetITStatus
    main.o(i.TIM2_IRQHandler) refers to qtr_5rc.o(i.QTRSensorsReadCalibrated) for QTRSensorsReadCalibrated
    main.o(i.TIM2_IRQHandler) refers to stm32f4xx_tim.o(i.TIM_ClearITPendingBit) for TIM_ClearITPendingBit
    main.o(i.TIM2_IRQHandler) refers to main.o(.bss) for QTR_ReadCalibValue
    main.o(i.TIM2_IRQHandler) refers to main.o(.data) for line_position
    main.o(i.TurnLeft) refers to stm32f4xx_tim.o(i.TIM_SetCounter) for TIM_SetCounter
    main.o(i.TurnLeft) refers to pwm.o(i.Run_Motor) for Run_Motor
    main.o(i.TurnLeft) refers to encoder.o(i.ENC_Position) for ENC_Position
    main.o(i.TurnLeft) refers to i2c.o(i.delay_ms) for delay_ms
    main.o(i.TurnLeft) refers to main.o(.data) for pos_right
    main.o(i.TurnRight) refers to stm32f4xx_tim.o(i.TIM_SetCounter) for TIM_SetCounter
    main.o(i.TurnRight) refers to pwm.o(i.Run_Motor) for Run_Motor
    main.o(i.TurnRight) refers to encoder.o(i.ENC_Position) for ENC_Position
    main.o(i.TurnRight) refers to i2c.o(i.delay_ms) for delay_ms
    main.o(i.TurnRight) refers to main.o(.data) for pos_left
    main.o(i.main) refers to stm32f4xx_rcc.o(i.RCC_AHB1PeriphClockCmd) for RCC_AHB1PeriphClockCmd
    main.o(i.main) refers to pwm.o(i.PWM_Init) for PWM_Init
    main.o(i.main) refers to encoder.o(i.ENC_Init) for ENC_Init
    main.o(i.main) refers to pid.o(i.PID_Init) for PID_Init
    main.o(i.main) refers to qtr_5rc.o(i.TIM7_INT_Init) for TIM7_INT_Init
    main.o(i.main) refers to uart.o(i.UART_Init) for UART_Init
    main.o(i.main) refers to interrupt_timer.o(i.TIM6_INT_Init) for TIM6_INT_Init
    main.o(i.main) refers to interrupt_timer.o(i.TIM2_INT_Init) for TIM2_INT_Init
    main.o(i.main) refers to tm_stm32f4_mfrc522.o(i.TM_MFRC522_Init) for TM_MFRC522_Init
    main.o(i.main) refers to lcd_2004.o(i.LCD_Init) for LCD_Init
    main.o(i.main) refers to lcd_2004.o(i.LCD_Clear) for LCD_Clear
    main.o(i.main) refers to lcd_2004.o(i.LCD_BackLight) for LCD_BackLight
    main.o(i.main) refers to lcd_2004.o(i.LCD_Puts) for LCD_Puts
    main.o(i.main) refers to lcd_2004.o(i.LCD_NewLine) for LCD_NewLine
    main.o(i.main) refers to stm32f4xx_gpio.o(i.GPIO_Init) for GPIO_Init
    main.o(i.main) refers to pwm.o(i.Run_Motor) for Run_Motor
    main.o(i.main) refers to tm_stm32f4_mfrc522.o(i.TM_MFRC522_Check) for TM_MFRC522_Check
    main.o(i.main) refers to main.o(i.TurnLeft) for TurnLeft
    main.o(i.main) refers to system_stm32f4xx.o(.data) for SystemCoreClock
    main.o(i.main) refers to system_timetick.o(.data) for tick_flag
    main.o(i.main) refers to main.o(.data) for CardID
    system_stm32f4xx.o(i.SystemCoreClockUpdate) refers to system_stm32f4xx.o(.data) for SystemCoreClock
    system_stm32f4xx.o(i.SystemInit) refers to system_stm32f4xx.o(i.SetSysClock) for SetSysClock
    system_timetick.o(i.SysTick_Handler) refers to system_timetick.o(.data) for tick_flag
    startup_stm32f40_41xxx.o(STACK) refers (Special) to heapauxi.o(.text) for __use_two_region_memory
    startup_stm32f40_41xxx.o(HEAP) refers (Special) to heapauxi.o(.text) for __use_two_region_memory
    startup_stm32f40_41xxx.o(RESET) refers (Special) to heapauxi.o(.text) for __use_two_region_memory
    startup_stm32f40_41xxx.o(RESET) refers to startup_stm32f40_41xxx.o(STACK) for __initial_sp
    startup_stm32f40_41xxx.o(RESET) refers to startup_stm32f40_41xxx.o(.text) for Reset_Handler
    startup_stm32f40_41xxx.o(RESET) refers to system_timetick.o(i.NMI_Handler) for NMI_Handler
    startup_stm32f40_41xxx.o(RESET) refers to system_timetick.o(i.HardFault_Handler) for HardFault_Handler
    startup_stm32f40_41xxx.o(RESET) refers to system_timetick.o(i.MemManage_Handler) for MemManage_Handler
    startup_stm32f40_41xxx.o(RESET) refers to system_timetick.o(i.BusFault_Handler) for BusFault_Handler
    startup_stm32f40_41xxx.o(RESET) refers to system_timetick.o(i.UsageFault_Handler) for UsageFault_Handler
    startup_stm32f40_41xxx.o(RESET) refers to system_timetick.o(i.SVC_Handler) for SVC_Handler
    startup_stm32f40_41xxx.o(RESET) refers to system_timetick.o(i.DebugMon_Handler) for DebugMon_Handler
    startup_stm32f40_41xxx.o(RESET) refers to system_timetick.o(i.PendSV_Handler) for PendSV_Handler
    startup_stm32f40_41xxx.o(RESET) refers to system_timetick.o(i.SysTick_Handler) for SysTick_Handler
    startup_stm32f40_41xxx.o(RESET) refers to uart.o(i.DMA1_Stream5_IRQHandler) for DMA1_Stream5_IRQHandler
    startup_stm32f40_41xxx.o(RESET) refers to main.o(i.TIM2_IRQHandler) for TIM2_IRQHandler
    startup_stm32f40_41xxx.o(RESET) refers to main.o(i.TIM6_DAC_IRQHandler) for TIM6_DAC_IRQHandler
    startup_stm32f40_41xxx.o(.text) refers (Special) to heapauxi.o(.text) for __use_two_region_memory
[...]
    startup_stm32f40_41xxx.s                 0x00000000   Number         0  startup_stm32f40_41xxx.o ABSOLUTE
    stm32f4xx_it.c                           0x00000000   Number         0  stm32f4xx_it.o ABSOLUTE
    stm32f4xx_it.c                           0x00000000   Number         0  stm32f4xx_it.o ABSOLUTE
    system_stm32f4xx.c                       0x00000000   Number         0  system_stm32f4xx.o ABSOLUTE
    system_stm32f4xx.c                       0x00000000   Number         0  system_stm32f4xx.o ABSOLUTE
    system_timetick.c                        0x00000000   Number         0  system_timetick.o ABSOLUTE
    system_timetick.c                        0x00000000   Number         0  system_timetick.o ABSOLUTE
    RESET                                    0x08000000   Section      392  startup_stm32f40_41xxx.o(RESET)
    !!!main                                  0x08000188   Section        8  __main.o(!!!main)
    !!!scatter                               0x08000190   Section       52  __scatter.o(!!!scatter)
    !!handler_copy                           0x080001c4   Section       26  __scatter_copy.o(!!handler_copy)
    !!handler_zi                             0x080001e0   Section       28  __scatter_zi.o(!!handler_zi)
    .ARM.Collect$$libinit$$00000000          0x080001fc   Section        2  libinit.o(.ARM.Collect$$libinit$$00000000)
    .ARM.Collect$$libinit$$00000001          0x080001fe   Section        4  libinit2.o(.ARM.Collect$$libinit$$00000001)
    .ARM.Collect$$libinit$$00000004          0x08000202   Section        0  libinit2.o(.ARM.Collect$$libinit$$00000004)
    .ARM.Collect$$libinit$$0000000A          0x08000202   Section        0  libinit2.o(.ARM.Collect$$libinit$$0000000A)
    .ARM.Collect$$libinit$$0000000C          0x08000202   Section        0  libinit2.o(.ARM.Collect$$libinit$$0000000C)
    .ARM.Collect$$libinit$$0000000E          0x08000202   Section        0  libinit2.o(.ARM.Collect$$libinit$$0000000E)
    .ARM.Collect$$libinit$$00000011          0x08000202   Section        0  libinit2.o(.ARM.Collect$$libinit$$00000011)
    .ARM.Collect$$libinit$$00000013          0x08000202   Section        0  libinit2.o(.ARM.Collect$$libinit$$00000013)
    .ARM.Collect$$libinit$$00000015          0x08000202   Section        0  libinit2.o(.ARM.Collect$$libinit$$00000015)
    .ARM.Collect$$libinit$$00000017          0x08000202   Section        0  libinit2.o(.ARM.Collect$$libinit$$00000017)
    .ARM.Collect$$libinit$$00000019          0x08000202   Section        0  libinit2.o(.ARM.Collect$$libinit$$00000019)
    .ARM.Collect$$libinit$$0000001B          0x08000202   Section        0  libinit2.o(.ARM.Collect$$libinit$$0000001B)
    .ARM.Collect$$libinit$$0000001D          0x08000202   Section        0  libinit2.o(.ARM.Collect$$libinit$$0000001D)
    .ARM.Collect$$libinit$$0000001F          0x08000202   Section        0  libinit2.o(.ARM.Collect$$libinit$$0000001F)
    .ARM.Collect$$libinit$$00000021          0x08000202   Section        0  libinit2.o(.ARM.Collect$$libinit$$00000021)
    .ARM.Collect$$libinit$$00000023          0x08000202   Section        0  libinit2.o(.ARM.Collect$$libinit$$00000023)
    .ARM.Collect$$libinit$$00000025          0x08000202   Section        0  libinit2.o(.ARM.Collect$$libinit$$00000025)
    .ARM.Collect$$libinit$$0000002C          0x08000202   Section        0  libinit2.o(.ARM.Collect$$libinit$$0000002C)
    .ARM.Collect$$libinit$$0000002E          0x08000202   Section        0  libinit2.o(.ARM.Collect$$libinit$$0000002E)
    .ARM.Collect$$libinit$$00000030          0x08000202   Section        0  libinit2.o(.ARM.Collect$$libinit$$00000030)
    .ARM.Collect$$libinit$$00000032          0x08000202   Section        0  libinit2.o(.ARM.Collect$$libinit$$00000032)
    .ARM.Collect$$libinit$$00000033          0x08000202   Section        2  libinit2.o(.ARM.Collect$$libinit$$00000033)
    .ARM.Collect$$libshutdown$$00000000      0x08000204   Section        2  libshutdown.o(.ARM.Collect$$libshutdown$$00000000)
    .ARM.Collect$$libshutdown$$00000002      0x08000206   Section        0  libshutdown2.o(.ARM.Collect$$libshutdown$$00000002)
    .ARM.Collect$$libshutdown$$00000004      0x08000206   Section        0  libshutdown2.o(.ARM.Collect$$libshutdown$$00000004)
    .ARM.Collect$$libshutdown$$00000007      0x08000206   Section        0  libshutdown2.o(.ARM.Collect$$libshutdown$$00000007)
    .ARM.Collect$$libshutdown$$0000000A      0x08000206   Section        0  libshutdown2.o(.ARM.Collect$$libshutdown$$0000000A)
    .ARM.Collect$$libshutdown$$0000000C      0x08000206   Section        0  libshutdown2.o(.ARM.Collect$$libshutdown$$0000000C)
    .ARM.Collect$$libshutdown$$0000000F      0x08000206   Section        0  libshutdown2.o(.ARM.Collect$$libshutdown$$0000000F)
    .ARM.Collect$$libshutdown$$00000010      0x08000206   Section        2  libshutdown2.o(.ARM.Collect$$libshutdown$$00000010)
    .ARM.Collect$$rtentry$$00000000          0x08000208   Section        0  __rtentry.o(.ARM.Collect$$rtentry$$00000000)
    .ARM.Collect$$rtentry$$00000002          0x08000208   Section        0  __rtentry2.o(.ARM.Collect$$rtentry$$00000002)
    .ARM.Collect$$rtentry$$00000004          0x08000208   Section        6  __rtentry4.o(.ARM.Collect$$rtentry$$00000004)
    .ARM.Collect$$rtentry$$00000009          0x0800020e   Section        0  __rtentry2.o(.ARM.Collect$$rtentry$$00000009)
    .ARM.Collect$$rtentry$$0000000A          0x0800020e   Section        4  __rtentry2.o(.ARM.Collect$$rtentry$$0000000A)
    .ARM.Collect$$rtentry$$0000000C          0x08000212   Section        0  __rtentry2.o(.ARM.Collect$$rtentry$$0000000C)
    .ARM.Collect$$rtentry$$0000000D          0x08000212   Section        8  __rtentry2.o(.ARM.Collect$$rtentry$$0000000D)
    .ARM.Collect$$rtexit$$00000000           0x0800021a   Section        2  rtexit.o(.ARM.Collect$$rtexit$$00000000)
    .ARM.Collect$$rtexit$$00000002           0x0800021c   Section        0  rtexit2.o(.ARM.Collect$$rtexit$$00000002)
    .ARM.Collect$$rtexit$$00000003           0x0800021c   Section        4  rtexit2.o(.ARM.Collect$$rtexit$$00000003)
    .ARM.Collect$$rtexit$$00000004           0x08000220   Section        6  rtexit2.o(.ARM.Collect$$rtexit$$00000004)
    .text                                    0x08000228   Section       64  startup_stm32f40_41xxx.o(.text)
    $v0                                      0x08000228   Number         0  startup_stm32f40_41xxx.o(.text)
    .text                                    0x08000268   Section        0  heapauxi.o(.text)
    .text                                    0x08000270   Section        8  libspace.o(.text)
    .text                                    0x08000278   Section       74  sys_stackheap_outer.o(.text)
    .text                                    0x080002c2   Section        0  exit.o(.text)
    .text                                    0x080002d4   Section        0  sys_exit.o(.text)
    .text                                    0x080002e0   Section        2  use_no_semi.o(.text)
    .text                                    0x080002e2   Section        0  indicate_semi.o(.text)
    i.BusFault_Handler                       0x080002e2   Section        0  system_timetick.o(i.BusFault_Handler)
    i.DMA1_Stream5_IRQHandler                0x080002e8   Section        0  uart.o(i.DMA1_Stream5_IRQHandler)
    i.DMA_ClearITPendingBit                  0x0800040c   Section        0  stm32f4xx_dma.o(i.DMA_ClearITPendingBit)
    i.DMA_Cmd                                0x08000440   Section        0  stm32f4xx_dma.o(i.DMA_Cmd)
    i.DMA_ITConfig                           0x08000456   Section        0  stm32f4xx_dma.o(i.DMA_ITConfig)
    i.DMA_Init                               0x08000490   Section        0  stm32f4xx_dma.o(i.DMA_Init)
    i.DebugMon_Handler                       0x080004e8   Section        0  system_timetick.o(i.DebugMon_Handler)
    i.ENC_Init                               0x080004ec   Section        0  encoder.o(i.ENC_Init)
    i.ENC_Position                           0x080005ac   Section        0  encoder.o(i.ENC_Position)
    i.ENC_config                             0x0800064c   Section        0  encoder.o(i.ENC_config)
    i.GPIO_Init                              0x080006c4   Section        0  stm32f4xx_gpio.o(i.GPIO_Init)
    i.GPIO_PinAFConfig                       0x08000754   Section        0  stm32f4xx_gpio.o(i.GPIO_PinAFConfig)
    i.GPIO_ReadInputDataBit                  0x0800079a   Section        0  stm32f4xx_gpio.o(i.GPIO_ReadInputDataBit)
    i.GPIO_ResetBits                         0x080007ac   Section        0  stm32f4xx_gpio.o(i.GPIO_ResetBits)
    i.GPIO_SetBits                           0x080007b0   Section        0  stm32f4xx_gpio.o(i.GPIO_SetBits)
    i.GPIO_WriteBit                          0x080007b4   Section        0  stm32f4xx_gpio.o(i.GPIO_WriteBit)
    i.HardFault_Handler                      0x080007be   Section        0  system_timetick.o(i.HardFault_Handler)
    i.I2C_Read                               0x080007c2   Section        0  i2c.o(i.I2C_Read)
    i.I2C_Write                              0x08000808   Section        0  i2c.o(i.I2C_Write)
    i.LCD_BackLight                          0x0800084c   Section        0  lcd_2004.o(i.LCD_BackLight)
    i.LCD_Clear                              0x0800086c   Section        0  lcd_2004.o(i.LCD_Clear)
    i.LCD_FlushVal                           0x08000878   Section        0  lcd_2004.o(i.LCD_FlushVal)
    LCD_FlushVal                             0x08000879   Thumb Code    52  lcd_2004.o(i.LCD_FlushVal)
    i.LCD_Init                               0x080008b4   Section        0  lcd_2004.o(i.LCD_Init)
    i.LCD_NewLine                            0x08000960   Section        0  lcd_2004.o(i.LCD_NewLine)
    i.LCD_Puts                               0x0800096a   Section        0  lcd_2004.o(i.LCD_Puts)
    i.LCD_WaitBusy                           0x08000988   Section        0  lcd_2004.o(i.LCD_WaitBusy)
    i.LCD_WriteCmd                           0x080009f4   Section        0  lcd_2004.o(i.LCD_WriteCmd)
    LCD_WriteCmd                             0x080009f5   Thumb Code    42  lcd_2004.o(i.LCD_WriteCmd)
    i.LCD_Write_4bit                         0x08000a24   Section        0  lcd_2004.o(i.LCD_Write_4bit)
    LCD_Write_4bit                           0x08000a25   Thumb Code   106  lcd_2004.o(i.LCD_Write_4bit)
    i.LCD_Write_Chr                          0x08000a94   Section        0  lcd_2004.o(i.LCD_Write_Chr)
    i.MemManage_Handler                      0x08000ac4   Section        0  system_timetick.o(i.MemManage_Handler)
    i.My_I2C_Init                            0x08000ac8   Section        0  i2c.o(i.My_I2C_Init)
    i.NMI_Handler                            0x08000ad0   Section        0  system_timetick.o(i.NMI_Handler)
    i.NVIC_Init                              0x08000ad4   Section        0  misc.o(i.NVIC_Init)
    i.PID_Init                               0x08000b4c   Section        0  pid.o(i.PID_Init)
    i.PWM_Init                               0x08000c04   Section        0  pwm.o(i.PWM_Init)
    i.PWM_Pin                                0x08000c28   Section        0  pwm.o(i.PWM_Pin)
    i.PWM_configOUT                          0x08000c94   Section        0  pwm.o(i.PWM_configOUT)
    i.PendSV_Handler                         0x08000d4c   Section        0  system_timetick.o(i.PendSV_Handler)
    i.QTRPins_INPUT_Mode                     0x08000d50   Section        0  qtr_5rc.o(i.QTRPins_INPUT_Mode)
    i.QTRPins_OUTPUT_Mode                    0x08000d70   Section        0  qtr_5rc.o(i.QTRPins_OUTPUT_Mode)
    i.QTRSensorsRead                         0x08000d98   Section        0  qtr_5rc.o(i.QTRSensorsRead)
    i.QTRSensorsReadCalibrated               0x08000e34   Section        0  qtr_5rc.o(i.QTRSensorsReadCalibrated)
    i.RCC_AHB1PeriphClockCmd                 0x08000edc   Section        0  stm32f4xx_rcc.o(i.RCC_AHB1PeriphClockCmd)
    i.RCC_APB1PeriphClockCmd                 0x08000efc   Section        0  stm32f4xx_rcc.o(i.RCC_APB1PeriphClockCmd)
    i.RCC_APB2PeriphClockCmd                 0x08000f1c   Section        0  stm32f4xx_rcc.o(i.RCC_APB2PeriphClockCmd)
    i.RCC_GetClocksFreq                      0x08000f3c   Section        0  stm32f4xx_rcc.o(i.RCC_GetClocksFreq)
    i.Run_Motor                              0x08001024   Section        0  pwm.o(i.Run_Motor)
    i.SPI_Init                               0x080010e8   Section        0  stm32f4xx_spi.o(i.SPI_Init)
    i.SPI_StructInit                         0x08001124   Section        0  stm32f4xx_spi.o(i.SPI_StructInit)
    i.SVC_Handler                            0x0800113c   Section        0  system_timetick.o(i.SVC_Handler)
    i.SetSysClock                            0x08001140   Section        0  system_stm32f4xx.o(i.SetSysClock)
    SetSysClock                              0x08001141   Thumb Code   220  system_stm32f4xx.o(i.SetSysClock)
    i.SysTick_Handler                        0x0800122c   Section        0  system_timetick.o(i.SysTick_Handler)
    i.SystemInit                             0x08001248   Section        0  system_stm32f4xx.o(i.SystemInit)
    i.TIM2_INT_Init                          0x080012b0   Section        0  interrupt_timer.o(i.TIM2_INT_Init)
    i.TIM2_IRQHandler                        0x0800130c   Section        0  main.o(i.TIM2_IRQHandler)
    i.TIM6_DAC_IRQHandler                    0x08001334   Section        0  main.o(i.TIM6_DAC_IRQHandler)
    i.TIM6_INT_Init                          0x08001360   Section        0  interrupt_timer.o(i.TIM6_INT_Init)
    i.TIM7_INT_Init                          0x08001424   Section        0  qtr_5rc.o(i.TIM7_INT_Init)
    i.TIM_ClearITPendingBit                  0x08001454   Section        0  stm32f4xx_tim.o(i.TIM_ClearITPendingBit)
    i.TIM_Cmd                                0x0800145a   Section        0  stm32f4xx_tim.o(i.TIM_Cmd)
    i.TIM_CtrlPWMOutputs                     0x08001472   Section        0  stm32f4xx_tim.o(i.TIM_CtrlPWMOutputs)
    i.TIM_EncoderInterfaceConfig             0x08001490   Section        0  stm32f4xx_tim.o(i.TIM_EncoderInterfaceConfig)
    i.TIM_GetCounter                         0x080014d2   Section        0  stm32f4xx_tim.o(i.TIM_GetCounter)
    i.TIM_GetITStatus                        0x080014d8   Section        0  stm32f4xx_tim.o(i.TIM_GetITStatus)
    i.TIM_ITConfig                           0x080014fa   Section        0  stm32f4xx_tim.o(i.TIM_ITConfig)
    i.TIM_OC1Init                            0x0800150c   Section        0  stm32f4xx_tim.o(i.TIM_OC1Init)
    i.TIM_OC2Init                            0x08001588   Section        0  stm32f4xx_tim.o(i.TIM_OC2Init)
    i.TIM_OC3Init                            0x0800162c   Section        0  stm32f4xx_tim.o(i.TIM_OC3Init)
    i.TIM_SetCompare1                        0x080016cc   Section        0  stm32f4xx_tim.o(i.TIM_SetCompare1)
    i.TIM_SetCompare2                        0x080016d0   Section        0  stm32f4xx_tim.o(i.TIM_SetCompare2)
    i.TIM_SetCompare3                        0x080016d4   Section        0  stm32f4xx_tim.o(i.TIM_SetCompare3)
    i.TIM_SetCounter                         0x080016d8   Section        0  stm32f4xx_tim.o(i.TIM_SetCounter)
    i.TIM_TimeBaseInit                       0x080016dc   Section        0  stm32f4xx_tim.o(i.TIM_TimeBaseInit)
    i.TM_GPIO_GetPortSource                  0x08001760   Section        0  tm_stm32f4_gpio.o(i.TM_GPIO_GetPortSource)
    i.TM_GPIO_INT_EnableClock                0x08001770   Section        0  tm_stm32f4_gpio.o(i.TM_GPIO_INT_EnableClock)
    i.TM_GPIO_INT_Init                       0x08001790   Section        0  tm_stm32f4_gpio.o(i.TM_GPIO_INT_Init)
    i.TM_GPIO_InitAlternate                  0x08001840   Section        0  tm_stm32f4_gpio.o(i.TM_GPIO_InitAlternate)
    i.TM_MFRC522_AntennaOn                   0x080018ae   Section        0  tm_stm32f4_mfrc522.o(i.TM_MFRC522_AntennaOn)
    i.TM_MFRC522_Anticoll                    0x080018c8   Section        0  tm_stm32f4_mfrc522.o(i.TM_MFRC522_Anticoll)
    i.TM_MFRC522_CalculateCRC                0x08001912   Section        0  tm_stm32f4_mfrc522.o(i.TM_MFRC522_CalculateCRC)
    i.TM_MFRC522_Check                       0x08001976   Section        0  tm_stm32f4_mfrc522.o(i.TM_MFRC522_Check)
    i.TM_MFRC522_ClearBitMask                0x08001996   Section        0  tm_stm32f4_mfrc522.o(i.TM_MFRC522_ClearBitMask)
    i.TM_MFRC522_Halt                        0x080019b0   Section        0  tm_stm32f4_mfrc522.o(i.TM_MFRC522_Halt)
    i.TM_MFRC522_Init                        0x080019dc   Section        0  tm_stm32f4_mfrc522.o(i.TM_MFRC522_Init)
    i.TM_MFRC522_InitPins                    0x08001a30   Section        0  tm_stm32f4_mfrc522.o(i.TM_MFRC522_InitPins)
    i.TM_MFRC522_ReadRegister                0x08001a70   Section        0  tm_stm32f4_mfrc522.o(i.TM_MFRC522_ReadRegister)
    i.TM_MFRC522_Request                     0x08001aac   Section        0  tm_stm32f4_mfrc522.o(i.TM_MFRC522_Request)
    i.TM_MFRC522_Reset                       0x08001ade   Section        0  tm_stm32f4_mfrc522.o(i.TM_MFRC522_Reset)
    i.TM_MFRC522_SetBitMask                  0x08001aea   Section        0  tm_stm32f4_mfrc522.o(i.TM_MFRC522_SetBitMask)
    i.TM_MFRC522_ToCard                      0x08001b04   Section        0  tm_stm32f4_mfrc522.o(i.TM_MFRC522_ToCard)
    i.TM_MFRC522_WriteRegister               0x08001c30   Section        0  tm_stm32f4_mfrc522.o(i.TM_MFRC522_WriteRegister)
    i.TM_SPI1_INT_InitPins                   0x08001c68   Section        0  tm_stm32f4_spi.o(i.TM_SPI1_INT_InitPins)
    i.TM_SPI2_INT_InitPins                   0x08001cb4   Section        0  tm_stm32f4_spi.o(i.TM_SPI2_INT_InitPins)
    i.TM_SPI3_INT_InitPins                   0x08001d34   Section        0  tm_stm32f4_spi.o(i.TM_SPI3_INT_InitPins)
    i.TM_SPI4_INT_InitPins                   0x08001d84   Section        0  tm_stm32f4_spi.o(i.TM_SPI4_INT_InitPins)
    i.TM_SPI5_INT_InitPins                   0x08001dd0   Section        0  tm_stm32f4_spi.o(i.TM_SPI5_INT_InitPins)
    i.TM_SPI6_INT_InitPins                   0x08001e34   Section        0  tm_stm32f4_spi.o(i.TM_SPI6_INT_InitPins)
    i.TM_SPI_Init                            0x08001e68   Section        0  tm_stm32f4_spi.o(i.TM_SPI_Init)
    i.TM_SPI_InitCustomPinsCallback          0x08001f30   Section        0  tm_stm32f4_spi.o(i.TM_SPI_InitCustomPinsCallback)
    i.TM_SPI_Send                            0x08001f32   Section        0  tm_stm32f4_mfrc522.o(i.TM_SPI_Send)
    TM_SPI_Send                              0x08001f33   Thumb Code    66  tm_stm32f4_mfrc522.o(i.TM_SPI_Send)
    i.TM_SPIx_Init                           0x08001f74   Section        0  tm_stm32f4_spi.o(i.TM_SPIx_Init)
    TM_SPIx_Init                             0x08001f75   Thumb Code   334  tm_stm32f4_spi.o(i.TM_SPIx_Init)
    i.TurnLeft                               0x080020e0   Section        0  main.o(i.TurnLeft)
    i.UART_Init                              0x080021b4   Section        0  uart.o(i.UART_Init)
    i.USART_Cmd                              0x08002308   Section        0  stm32f4xx_usart.o(i.USART_Cmd)
    i.USART_DMACmd                           0x08002320   Section        0  stm32f4xx_usart.o(i.USART_DMACmd)
    i.USART_Init                             0x08002334   Section        0  stm32f4xx_usart.o(i.USART_Init)
    i.UsageFault_Handler                     0x08002408   Section        0  system_timetick.o(i.UsageFault_Handler)
    i.delay_ms                               0x0800240c   Section        0  i2c.o(i.delay_ms)
    i.delay_us                               0x08002434   Section        0  i2c.o(i.delay_us)
    i.i2c_init                               0x08002454   Section        0  i2c.o(i.i2c_init)
    i.i2c_read                               0x0800249c   Section        0  i2c.o(i.i2c_read)
    i.i2c_start                              0x0800253c   Section        0  i2c.o(i.i2c_start)
    i.i2c_stop                               0x08002584   Section        0  i2c.o(i.i2c_stop)
    i.i2c_write                              0x080025bc   Section        0  i2c.o(i.i2c_write)
    i.main                                   0x08002664   Section        0  main.o(i.main)
    x$fpl$d2f                                0x080027f0   Section       98  d2f.o(x$fpl$d2f)
    $v0                                      0x080027f0   Number         0  d2f.o(x$fpl$d2f)
    x$fpl$dadd                               0x08002854   Section      336  daddsub_clz.o(x$fpl$dadd)
    $v0                                      0x08002854   Number         0  daddsub_clz.o(x$fpl$dadd)
    _dadd1                                   0x08002865   Thumb Code     0  daddsub_clz.o(x$fpl$dadd)
    x$fpl$ddiv                               0x080029a4   Section      688  ddiv.o(x$fpl$ddiv)
    $v0                                      0x080029a4   Number         0  ddiv.o(x$fpl$ddiv)
    ddiv_entry                               0x080029ab   Thumb Code     0  ddiv.o(x$fpl$ddiv)
    x$fpl$dflt                               0x08002c54   Section       46  dflt_clz.o(x$fpl$dflt)
    $v0                                      0x08002c54   Number         0  dflt_clz.o(x$fpl$dflt)
    x$fpl$dmul                               0x08002c84   Section      340  dmul.o(x$fpl$dmul)
    $v0                                      0x08002c84   Number         0  dmul.o(x$fpl$dmul)
    x$fpl$dnaninf                            0x08002dd8   Section      156  dnaninf.o(x$fpl$dnaninf)
    $v0                                      0x08002dd8   Number         0  dnaninf.o(x$fpl$dnaninf)
    x$fpl$dretinf                            0x08002e74   Section       12  dretinf.o(x$fpl$dretinf)
    $v0                                      0x08002e74   Number         0  dretinf.o(x$fpl$dretinf)
    x$fpl$dsub                               0x08002e80   Section      468  daddsub_clz.o(x$fpl$dsub)
    $v0                                      0x08002e80   Number         0  daddsub_clz.o(x$fpl$dsub)
    _dsub1                                   0x08002e91   Thumb Code     0  daddsub_clz.o(x$fpl$dsub)
    x$fpl$f2d                                0x08003054   Section       86  f2d.o(x$fpl$f2d)
    $v0                                      0x08003054   Number         0  f2d.o(x$fpl$f2d)
    x$fpl$fnaninf                            0x080030aa   Section      140  fnaninf.o(x$fpl$fnaninf)
    $v0                                      0x080030aa   Number         0  fnaninf.o(x$fpl$fnaninf)
    x$fpl$fpinit                             0x08003136   Section       10  fpinit.o(x$fpl$fpinit)
    $v0                                      0x08003136   Number         0  fpinit.o(x$fpl$fpinit)
    x$fpl$fretinf                            0x08003140   Section       10  fretinf.o(x$fpl$fretinf)
    $v0                                      0x08003140   Number         0  fretinf.o(x$fpl$fretinf)
    x$fpl$usenofp                            0x0800314a   Section        0  usenofp.o(x$fpl$usenofp)
    .data                                    0x20000000   Section      140  main.o(.data)
    .data                                    0x2000008c   Section       20  system_stm32f4xx.o(.data)
    .data                                    0x200000a0   Section        8  system_timetick.o(.data)
    .data                                    0x200000a8   Section       16  stm32f4xx_rcc.o(.data)
    APBAHBPrescTable                         0x200000a8   Data          16  stm32f4xx_rcc.o(.data)
    .data                                    0x200000b8   Section       84  uart.o(.data)
    .data                                    0x2000010c   Section       18  qtr_5rc.o(.data)
    .data                                    0x2000011e   Section        9  lcd_2004.o(.data)
    u8LCD_Buff                               0x2000011e   Data           8  lcd_2004.o(.data)
    u8LcdTmp                                 0x20000126   Data           1  lcd_2004.o(.data)
    .bss                                     0x20000128   Section       42  main.o(.bss)
    .bss                                     0x20000152   Section       42  uart.o(.bss)
    .bss                                     0x2000017c   Section       22  tm_stm32f4_gpio.o(.bss)
    GPIO_UsedPins                            0x2000017c   Data          22  tm_stm32f4_gpio.o(.bss)
    .bss                                     0x20000194   Section      108  pid.o(.bss)
    .bss                                     0x20000200   Section       96  libspace.o(.bss)
    HEAP                                     0x20000260   Section      512  startup_stm32f40_41xxx.o(HEAP)
    Heap_Mem                                 0x20000260   Data         512  startup_stm32f40_41xxx.o(HEAP)
    STACK                                    0x20000460   Section     1024  startup_stm32f40_41xxx.o(STACK)
    Stack_Mem                                0x20000460   Data        1024  startup_stm32f40_41xxx.o(STACK)
    __initial_sp                             0x20000860   Data           0  startup_stm32f40_41xxx.o(STACK)

    Global Symbols

    Symbol Name                              Value     Ov Type        Size  Object(Section)

    BuildAttributes$$THM_ISAv4$E$P$D$K$B$S$7EM$VFPi3$EXTD16$VFPS$VFMA$PE$A:L22UL41UL21$X:L11$S22US41US21$IEEE1$IW$USESV6$~STKCKD$USESV7$~SHL$OTIME$ROPI$IEEEX$EBA8$UX$STANDARDLIB$REQ8$PRES8$EABIv2 0x00000000   Number         0  anon$$obj.o ABSOLUTE
    __ARM_use_no_argv                        0x00000000   Number         0  main.o ABSOLUTE
    _printf_flags                            0x00000000   Number         0  printf_stubs.o ABSOLUTE
    _printf_return_value                     0x00000000   Number         0  printf_stubs.o ABSOLUTE
    _printf_sizespec                         0x00000000   Number         0  printf_stubs.o ABSOLUTE
    _printf_widthprec                        0x00000000   Number         0  printf_stubs.o ABSOLUTE
    __ARM_exceptions_init                     - Undefined Weak Reference
    __alloca_initialize                       - Undefined Weak Reference
    __arm_preinit_                            - Undefined Weak Reference
    __cpp_initialize__aeabi_                  - Undefined Weak Reference
    __cxa_finalize                            - Undefined Weak Reference
    __sigvec_lookup                           - Undefined Weak Reference
    _atexit_init                              - Undefined Weak Reference
    _call_atexit_fns                          - Undefined Weak Reference
    _clock_init                               - Undefined Weak Reference
    _fp_trap_init                             - Undefined Weak Reference
    _fp_trap_shutdown                         - Undefined Weak Reference
    _get_lc_collate                           - Undefined Weak Reference
    _get_lc_ctype                             - Undefined Weak Reference
    _get_lc_monetary                          - Undefined Weak Reference
    _get_lc_time                              - Undefined Weak Reference
    _getenv_init                              - Undefined Weak Reference
    _handle_redirection                       - Undefined Weak Reference
    _init_alloc                               - Undefined Weak Reference
    _init_user_alloc                          - Undefined Weak Reference
    _initio                                   - Undefined Weak Reference
    _rand_init                                - Undefined Weak Reference
    _signal_finish                            - Undefined Weak Reference
    _signal_init                              - Undefined Weak Reference
    _terminate_alloc                          - Undefined Weak Reference
    _terminate_user_alloc                     - Undefined Weak Reference
    _terminateio                              - Undefined Weak Reference
    __Vectors_Size                           0x00000188   Number         0  startup_stm32f40_41xxx.o ABSOLUTE
    __Vectors                                0x08000000   Data           4  startup_stm32f40_41xxx.o(RESET)
    __Vectors_End                            0x08000188   Data           0  startup_stm32f40_41xxx.o(RESET)
    __main                                   0x08000189   Thumb Code     8  __main.o(!!!main)
    __scatterload                            0x08000191   Thumb Code     0  __scatter.o(!!!scatter)
    __scatterload_rt2                        0x08000191   Thumb Code    44  __scatter.o(!!!scatter)
    __scatterload_rt2_thumb_only             0x08000191   Thumb Code     0  __scatter.o(!!!scatter)
    __scatterload_null                       0x0800019f   Thumb Code     0  __scatter.o(!!!scatter)
    __scatterload_copy                       0x080001c5   Thumb Code    26  __scatter_copy.o(!!handler_copy)
    __scatterload_zeroinit                   0x080001e1   Thumb Code    28  __scatter_zi.o(!!handler_zi)
    __rt_lib_init                            0x080001fd   Thumb Code     0  libinit.o(.ARM.Collect$$libinit$$00000000)
    __rt_lib_init_fp_1                       0x080001ff   Thumb Code     0  libinit2.o(.ARM.Collect$$libinit$$00000001)
    __rt_lib_init_alloca_1                   0x08000203   Thumb Code     0  libinit2.o(.ARM.Collect$$libinit$$0000002E)
    __rt_lib_init_argv_1                     0x08000203   Thumb Code     0  libinit2.o(.ARM.Collect$$libinit$$0000002C)
    __rt_lib_init_atexit_1                   0x08000203   Thumb Code     0  libinit2.o(.ARM.Collect$$libinit$$0000001B)
    __rt_lib_init_clock_1                    0x08000203   Thumb Code     0  libinit2.o(.ARM.Collect$$libinit$$00000021)
    __rt_lib_init_cpp_1                      0x08000203   Thumb Code     0  libinit2.o(.ARM.Collect$$libinit$$00000032)
    __rt_lib_init_exceptions_1               0x08000203   Thumb Code     0  libinit2.o(.ARM.Collect$$libinit$$00000030)
    __rt_lib_init_fp_trap_1                  0x08000203   Thumb Code     0  libinit2.o(.ARM.Collect$$libinit$$0000001F)
    __rt_lib_init_getenv_1                   0x08000203   Thumb Code     0  libinit2.o(.ARM.Collect$$libinit$$00000023)
    __rt_lib_init_heap_1                     0x08000203   Thumb Code     0  libinit2.o(.ARM.Collect$$libinit$$0000000A)
    __rt_lib_init_lc_collate_1               0x08000203   Thumb Code     0  libinit2.o(.ARM.Collect$$libinit$$00000011)
    __rt_lib_init_lc_ctype_1                 0x08000203   Thumb Code     0  libinit2.o(.ARM.Collect$$libinit$$00000013)
    __rt_lib_init_lc_monetary_1              0x08000203   Thumb Code     0  libinit2.o(.ARM.Collect$$libinit$$00000015)
    __rt_lib_init_lc_numeric_1               0x08000203   Thumb Code     0  libinit2.o(.ARM.Collect$$libinit$$00000017)
    __rt_lib_init_lc_time_1                  0x08000203   Thumb Code     0  libinit2.o(.ARM.Collect$$libinit$$00000019)
    __rt_lib_init_preinit_1                  0x08000203   Thumb Code     0  libinit2.o(.ARM.Collect$$libinit$$00000004)
    __rt_lib_init_rand_1                     0x08000203   Thumb Code     0  libinit2.o(.ARM.Collect$$libinit$$0000000E)
    __rt_lib_init_return                     0x08000203   Thumb Code     0  libinit2.o(.ARM.Collect$$libinit$$00000033)
    __rt_lib_init_signal_1                   0x08000203   Thumb Code     0  libinit2.o(.ARM.Collect$$libinit$$0000001D)
    __rt_lib_init_stdio_1                    0x08000203   Thumb Code     0  libinit2.o(.ARM.Collect$$libinit$$00000025)
    __rt_lib_init_user_alloc_1               0x08000203   Thumb Code     0  libinit2.o(.ARM.Collect$$libinit$$0000000C)
    __rt_lib_shutdown                        0x08000205   Thumb Code     0  libshutdown.o(.ARM.Collect$$libshutdown$$00000000)
    __rt_lib_shutdown_cpp_1                  0x08000207   Thumb Code     0  libshutdown2.o(.ARM.Collect$$libshutdown$$00000002)
    __rt_lib_shutdown_fp_trap_1              0x08000207   Thumb Code     0  libshutdown2.o(.ARM.Collect$$libshutdown$$00000007)
    __rt_lib_shutdown_heap_1                 0x08000207   Thumb Code     0  libshutdown2.o(.ARM.Collect$$libshutdown$$0000000F)
    __rt_lib_shutdown_return                 0x08000207   Thumb Code     0  libshutdown2.o(.ARM.Collect$$libshutdown$$00000010)
    __rt_lib_shutdown_signal_1               0x08000207   Thumb Code     0  libshutdown2.o(.ARM.Collect$$libshutdown$$0000000A)
    __rt_lib_shutdown_stdio_1                0x08000207   Thumb Code     0  libshutdown2.o(.ARM.Collect$$libshutdown$$00000004)
    __rt_lib_shutdown_user_alloc_1           0x08000207   Thumb Code     0  libshutdown2.o(.ARM.Collect$$libshutdown$$0000000C)
    __rt_entry                               0x08000209   Thumb Code     0  __rtentry.o(.ARM.Collect$$rtentry$$00000000)
    __rt_entry_presh_1                       0x08000209   Thumb Code     0  __rtentry2.o(.ARM.Collect$$rtentry$$00000002)
    __rt_entry_sh                            0x08000209   Thumb Code     0  __rtentry4.o(.ARM.Collect$$rtentry$$00000004)
    __rt_entry_li                            0x0800020f   Thumb Code     0  __rtentry2.o(.ARM.Collect$$rtentry$$0000000A)
    __rt_entry_postsh_1                      0x0800020f   Thumb Code     0  __rtentry2.o(.ARM.Collect$$rtentry$$00000009)
    __rt_entry_main                          0x08000213   Thumb Code     0  __rtentry2.o(.ARM.Collect$$rtentry$$0000000D)
    __rt_entry_postli_1                      0x08000213   Thumb Code     0  __rtentry2.o(.ARM.Collect$$rtentry$$0000000C)
    __rt_exit                                0x0800021b   Thumb Code     0  rtexit.o(.ARM.Collect$$rtexit$$00000000)
    __rt_exit_ls                             0x0800021d   Thumb Code     0  rtexit2.o(.ARM.Collect$$rtexit$$00000003)
    __rt_exit_prels_1                        0x0800021d   Thumb Code     0  rtexit2.o(.ARM.Collect$$rtexit$$00000002)
    __rt_exit_exit                           0x08000221   Thumb Code     0  rtexit2.o(.ARM.Collect$$rtexit$$00000004)
    Reset_Handler                            0x08000229   Thumb Code     8  startup_stm32f40_41xxx.o(.text)
    ADC_IRQHandler                           0x08000243   Thumb Code     0  startup_stm32f40_41xxx.o(.text)
    CAN1_RX0_IRQHandler                      0x08000243   Thumb Code     0  startup_stm32f40_41xxx.o(.text)
    CAN1_RX1_IRQHandler                      0x08000243   Thumb Code     0  startup_stm32f40_41xxx.o(.text)
    CAN1_SCE_IRQHandler                      0x08000243   Thumb Code     0  startup_stm32f40_41xxx.o(.text)
    CAN1_TX_IRQHandler                       0x08000243   Thumb Code     0  startup_stm32f40_41xxx.o(.text)
    CAN2_RX0_IRQHandler                      0x08000243   Thumb Code     0  startup_stm32f40_41xxx.o(.text)
    CAN2_RX1_IRQHandler                      0x08000243   Thumb Code     0  startup_stm32f40_41xxx.o(.text)
    CAN2_SCE_IRQHandler                      0x08000243   Thumb Code     0  startup_stm32f40_41xxx.o(.text)
    CAN2_TX_IRQHandler                       0x08000243   Thumb Code     0  startup_stm32f40_41xxx.o(.text)
    CRYP_IRQHandler                          0x08000243   Thumb Code     0  startup_stm32f40_41xxx.o(.text)
    DCMI_IRQHandler                          0x08000243   Thumb Code     0  startup_stm32f40_41xxx.o(.text)
    DMA1_Stream0_IRQHandler                  0x08000243   Thumb Code     0  startup_stm32f40_41xxx.o(.text)
    DMA1_Stream1_IRQHandler                  0x08000243   Thumb Code     0  startup_stm32f40_41xxx.o(.text)
    DMA1_Stream2_IRQHandler                  0x08000243   Thumb Code     0  startup_stm32f40_41xxx.o(.text)
    DMA1_Stream3_IRQHandler                  0x08000243   Thumb Code     0  startup_stm32f40_41xxx.o(.text)
    DMA1_Stream4_IRQHandler                  0x08000243   Thumb Code     0  startup_stm32f40_41xxx.o(.text)
    DMA1_Stream6_IRQHandler                  0x08000243   Thumb Code     0  startup_stm32f40_41xxx.o(.text)
    DMA1_Stream7_IRQHandler                  0x08000243   Thumb Code     0  startup_stm32f40_41xxx.o(.text)
    DMA2_Stream0_IRQHandler                  0x08000243   Thumb Code     0  startup_stm32f40_41xxx.o(.text)
    DMA2_Stream1_IRQHandler                  0x08000243   Thumb Code     0  startup_stm32f40_41xxx.o(.text)
    DMA2_Stream2_IRQHandler                  0x08000243   Thumb Code     0  startup_stm32f40_41xxx.o(.text)
    DMA2_Stream3_IRQHandler                  0x08000243   Thumb Code     0  startup_stm32f40_41xxx.o(.text)
    DMA2_Stream4_IRQHandler                  0x08000243   Thumb Code     0  startup_stm32f40_41xxx.o(.text)
    DMA2_Stream5_IRQHandler                  0x08000243   Thumb Code     0  startup_stm32f40_41xxx.o(.text)
    DMA2_Stream6_IRQHandler                  0x08000243   Thumb Code     0  startup_stm32f40_41xxx.o(.text)
    DMA2_Stream7_IRQHandler                  0x08000243   Thumb Code     0  startup_stm32f40_41xxx.o(.text)
    ETH_IRQHandler                           0x08000243   Thumb Code     0  startup_stm32f40_41xxx.o(.text)
    ETH_WKUP_IRQHandler                      0x08000243   Thumb Code     0  startup_stm32f40_41xxx.o(.text)
    EXTI0_IRQHandler                         0x08000243   Thumb Code     0  startup_stm32f40_41xxx.o(.text)
    EXTI15_10_IRQHandler                     0x08000243   Thumb Code     0  startup_stm32f40_41xxx.o(.text)
    EXTI1_IRQHandler                         0x08000243   Thumb Code     0  startup_stm32f40_41xxx.o(.text)
    EXTI2_IRQHandler                         0x08000243   Thumb Code     0  startup_stm32f40_41xxx.o(.text)
    EXTI3_IRQHandler                         0x08000243   Thumb Code     0  startup_stm32f40_41xxx.o(.text)
    EXTI4_IRQHandler                         0x08000243   Thumb Code     0  startup_stm32f40_41xxx.o(.text)
    EXTI9_5_IRQHandler                       0x08000243   Thumb Code     0  startup_stm32f40_41xxx.o(.text)
    FLASH_IRQHandler                         0x08000243   Thumb Code     0  startup_stm32f40_41xxx.o(.text)
    FPU_IRQHandler                           0x08000243   Thumb Code     0  startup_stm32f40_41xxx.o(.text)
    FSMC_IRQHandler                          0x08000243   Thumb Code     0  startup_stm32f40_41xxx.o(.text)
    HASH_RNG_IRQHandler                      0x08000243   Thumb Code     0  startup_stm32f40_41xxx.o(.text)
    I2C1_ER_IRQHandler                       0x08000243   Thumb Code     0  startup_stm32f40_41xxx.o(.text)
    I2C1_EV_IRQHandler                       0x08000243   Thumb Code     0  startup_stm32f40_41xxx.o(.text)
    I2C2_ER_IRQHandler                       0x08000243   Thumb Code     0  startup_stm32f40_41xxx.o(.text)
    I2C2_EV_IRQHandler                       0x08000243   Thumb Code     0  startup_stm32f40_41xxx.o(.text)
    I2C3_ER_IRQHandler                       0x08000243   Thumb Code     0  startup_stm32f40_41xxx.o(.text)
    I2C3_EV_IRQHandler                       0x08000243   Thumb Code     0  startup_stm32f40_41xxx.o(.text)
    OTG_FS_IRQHandler                        0x08000243   Thumb Code     0  startup_stm32f40_41xxx.o(.text)
    OTG_FS_WKUP_IRQHandler                   0x08000243   Thumb Code     0  startup_stm32f40_41xxx.o(.text)
    OTG_HS_EP1_IN_IRQHandler                 0x08000243   Thumb Code     0  startup_stm32f40_41xxx.o(.text)
    OTG_HS_EP1_OUT_IRQHandler                0x08000243   Thumb Code     0  startup_stm32f40_41xxx.o(.text)
    OTG_HS_IRQHandler                        0x08000243   Thumb Code     0  startup_stm32f40_41xxx.o(.text)
    OTG_HS_WKUP_IRQHandler                   0x08000243   Thumb Code     0  startup_stm32f40_41xxx.o(.text)
    PVD_IRQHandler                           0x08000243   Thumb Code     0  startup_stm32f40_41xxx.o(.text)
    RCC_IRQHandler                           0x08000243   Thumb Code     0  startup_stm32f40_41xxx.o(.text)
    RTC_Alarm_IRQHandler                     0x08000243   Thumb Code     0  startup_stm32f40_41xxx.o(.text)
    RTC_WKUP_IRQHandler                      0x08000243   Thumb Code     0  startup_stm32f40_41xxx.o(.text)
    SDIO_IRQHandler                          0x08000243   Thumb Code     0  startup_stm32f40_41xxx.o(.text)
    SPI1_IRQHandler                          0x08000243   Thumb Code     0  startup_stm32f40_41xxx.o(.text)
    SPI2_IRQHandler                          0x08000243   Thumb Code     0  startup_stm32f40_41xxx.o(.text)
    SPI3_IRQHandler                          0x08000243   Thumb Code     0  startup_stm32f40_41xxx.o(.text)
    TAMP_STAMP_IRQHandler                    0x08000243   Thumb Code     0  startup_stm32f40_41xxx.o(.text)
    TIM1_BRK_TIM9_IRQHandler                 0x08000243   Thumb Code     0  startup_stm32f40_41xxx.o(.text)
    TIM1_CC_IRQHandler                       0x08000243   Thumb Code     0  startup_stm32f40_41xxx.o(.text)
    TIM1_TRG_COM_TIM11_IRQHandler            0x08000243   Thumb Code     0  startup_stm32f40_41xxx.o(.text)
    TIM1_UP_TIM10_IRQHandler                 0x08000243   Thumb Code     0  startup_stm32f40_41xxx.o(.text)
    TIM3_IRQHandler                          0x08000243   Thumb Code     0  startup_stm32f40_41xxx.o(.text)
    TIM4_IRQHandler                          0x08000243   Thumb Code     0  startup_stm32f40_41xxx.o(.text)
    TIM5_IRQHandler                          0x08000243   Thumb Code     0  startup_stm32f40_41xxx.o(.text)
    TIM7_IRQHandler                          0x08000243   Thumb Code     0  startup_stm32f40_41xxx.o(.text)
    TIM8_BRK_TIM12_IRQHandler                0x08000243   Thumb Code     0  startup_stm32f40_41xxx.o(.text)
    TIM8_CC_IRQHandler                       0x08000243   Thumb Code     0  startup_stm32f40_41xxx.o(.text)
    TIM8_TRG_COM_TIM14_IRQHandler            0x08000243   Thumb Code     0  startup_stm32f40_41xxx.o(.text)
    TIM8_UP_TIM13_IRQHandler                 0x08000243   Thumb Code     0  startup_stm32f40_41xxx.o(.text)
    UART4_IRQHandler                         0x08000243   Thumb Code     0  startup_stm32f40_41xxx.o(.text)
    UART5_IRQHandler                         0x08000243   Thumb Code     0  startup_stm32f40_41xxx.o(.text)
    USART1_IRQHandler                        0x08000243   Thumb Code     0  startup_stm32f40_41xxx.o(.text)
    USART2_IRQHandler                        0x08000243   Thumb Code     0  startup_stm32f40_41xxx.o(.text)
    USART3_IRQHandler                        0x08000243   Thumb Code     0  startup_stm32f40_41xxx.o(.text)
    USART6_IRQHandler                        0x08000243   Thumb Code     0  startup_stm32f40_41xxx.o(.text)
    WWDG_IRQHandler                          0x08000243   Thumb Code     0  startup_stm32f40_41xxx.o(.text)
    __user_initial_stackheap                 0x08000245   Thumb Code     0  startup_stm32f40_41xxx.o(.text)
    __use_two_region_memory                  0x08000269   Thumb Code     2  heapauxi.o(.text)
    __rt_heap_escrow$2region                 0x0800026b   Thumb Code     2  heapauxi.o(.text)
    __rt_heap_expand$2region                 0x0800026d   Thumb Code     2  heapauxi.o(.text)
    __user_libspace                          0x08000271   Thumb Code     8  libspace.o(.text)
    __user_perproc_libspace                  0x08000271   Thumb Code     0  libspace.o(.text)
    __user_perthread_libspace                0x08000271   Thumb Code     0  libspace.o(.text)
    __user_setup_stackheap                   0x08000279   Thumb Code    74  sys_stackheap_outer.o(.text)
    exit                                     0x080002c3   Thumb Code    18  exit.o(.text)
    _sys_exit                                0x080002d5   Thumb Code     8  sys_exit.o(.text)
    __I$use$semihosting                      0x080002e1   Thumb Code     0  use_no_semi.o(.text)
    __use_no_semihosting_swi                 0x080002e1   Thumb Code     2  use_no_semi.o(.text)
    BusFault_Handler                         0x080002e3   Thumb Code     4  system_timetick.o(i.BusFault_Handler)
    __semihosting_library_function           0x080002e3   Thumb Code     0  indicate_semi.o(.text)
    DMA1_Stream5_IRQHandler                  0x080002e9   Thumb Code   232  uart.o(i.DMA1_Stream5_IRQHandler)
    DMA_ClearITPendingBit                    0x0800040d   Thumb Code    38  stm32f4xx_dma.o(i.DMA_ClearITPendingBit)
    DMA_Cmd                                  0x08000441   Thumb Code    22  stm32f4xx_dma.o(i.DMA_Cmd)
    DMA_ITConfig                             0x08000457   Thumb Code    58  stm32f4xx_dma.o(i.DMA_ITConfig)
    DMA_Init                                 0x08000491   Thumb Code    82  stm32f4xx_dma.o(i.DMA_Init)
    DebugMon_Handler                         0x080004e9   Thumb Code     2  system_timetick.o(i.DebugMon_Handler)
    ENC_Init                                 0x080004ed   Thumb Code   168  encoder.o(i.ENC_Init)
    ENC_Position                             0x080005ad   Thumb Code   142  encoder.o(i.ENC_Position)
    ENC_config                               0x0800064d   Thumb Code   120  encoder.o(i.ENC_config)
    GPIO_Init                                0x080006c5   Thumb Code   144  stm32f4xx_gpio.o(i.GPIO_Init)
    GPIO_PinAFConfig                         0x08000755   Thumb Code    70  stm32f4xx_gpio.o(i.GPIO_PinAFConfig)
    GPIO_ReadInputDataBit                    0x0800079b   Thumb Code    18  stm32f4xx_gpio.o(i.GPIO_ReadInputDataBit)
    GPIO_ResetBits                           0x080007ad   Thumb Code     4  stm32f4xx_gpio.o(i.GPIO_ResetBits)
    GPIO_SetBits                             0x080007b1   Thumb Code     4  stm32f4xx_gpio.o(i.GPIO_SetBits)
    GPIO_WriteBit                            0x080007b5   Thumb Code    10  stm32f4xx_gpio.o(i.GPIO_WriteBit)
    HardFault_Handler                        0x080007bf   Thumb Code     4  system_timetick.o(i.HardFault_Handler)
    I2C_Read                                 0x080007c3   Thumb Code    70  i2c.o(i.I2C_Read)
    I2C_Write                                0x08000809   Thumb Code    68  i2c.o(i.I2C_Write)
    LCD_BackLight                            0x0800084d   Thumb Code    26  lcd_2004.o(i.LCD_BackLight)
    LCD_Clear                                0x0800086d   Thumb Code    10  lcd_2004.o(i.LCD_Clear)
    LCD_Init                                 0x080008b5   Thumb Code   164  lcd_2004.o(i.LCD_Init)
    LCD_NewLine                              0x08000961   Thumb Code    10  lcd_2004.o(i.LCD_NewLine)
    LCD_Puts                                 0x0800096b   Thumb Code    28  lcd_2004.o(i.LCD_Puts)
    LCD_WaitBusy                             0x08000989   Thumb Code   104  lcd_2004.o(i.LCD_WaitBusy)
    LCD_Write_Chr                            0x08000a95   Thumb Code    42  lcd_2004.o(i.LCD_Write_Chr)
    MemManage_Handler                        0x08000ac5   Thumb Code     4  system_timetick.o(i.MemManage_Handler)
    My_I2C_Init                              0x08000ac9   Thumb Code     8  i2c.o(i.My_I2C_Init)
    NMI_Handler                              0x08000ad1   Thumb Code     2  system_timetick.o(i.NMI_Handler)
    NVIC_Init                                0x08000ad5   Thumb Code   106  misc.o(i.NVIC_Init)
    PID_Init                                 0x08000b4d   Thumb Code   150  pid.o(i.PID_Init)
    PWM_Init                                 0x08000c05   Thumb Code    26  pwm.o(i.PWM_Init)
    PWM_Pin                                  0x08000c29   Thumb Code   104  pwm.o(i.PWM_Pin)
    PWM_configOUT                            0x08000c95   Thumb Code   178  pwm.o(i.PWM_configOUT)
    PendSV_Handler                           0x08000d4d   Thumb Code     2  system_timetick.o(i.PendSV_Handler)
    QTRPins_INPUT_Mode                       0x08000d51   Thumb Code    26  qtr_5rc.o(i.QTRPins_INPUT_Mode)
    QTRPins_OUTPUT_Mode                      0x08000d71   Thumb Code    34  qtr_5rc.o(i.QTRPins_OUTPUT_Mode)
    QTRSensorsRead                           0x08000d99   Thumb Code   142  qtr_5rc.o(i.QTRSensorsRead)
    QTRSensorsReadCalibrated                 0x08000e35   Thumb Code   166  qtr_5rc.o(i.QTRSensorsReadCalibrated)
    RCC_AHB1PeriphClockCmd                   0x08000edd   Thumb Code    26  stm32f4xx_rcc.o(i.RCC_AHB1PeriphClockCmd)
    RCC_APB1PeriphClockCmd                   0x08000efd   Thumb Code    26  stm32f4xx_rcc.o(i.RCC_APB1PeriphClockCmd)
    RCC_APB2PeriphClockCmd                   0x08000f1d   Thumb Code    26  stm32f4xx_rcc.o(i.RCC_APB2PeriphClockCmd)
    RCC_GetClocksFreq                        0x08000f3d   Thumb Code   214  stm32f4xx_rcc.o(i.RCC_GetClocksFreq)
    Run_Motor                                0x08001025   Thumb Code   178  pwm.o(i.Run_Motor)
    SPI_Init                                 0x080010e9   Thumb Code    60  stm32f4xx_spi.o(i.SPI_Init)
    SPI_StructInit                           0x08001125   Thumb Code    24  stm32f4xx_spi.o(i.SPI_StructInit)
    SVC_Handler                              0x0800113d   Thumb Code     2  system_timetick.o(i.SVC_Handler)
    SysTick_Handler                          0x0800122d   Thumb Code    18  system_timetick.o(i.SysTick_Handler)
    SystemInit                               0x08001249   Thumb Code    88  system_stm32f4xx.o(i.SystemInit)
    TIM2_INT_Init                            0x080012b1   Thumb Code    90  interrupt_timer.o(i.TIM2_INT_Init)
    TIM2_IRQHandler                          0x0800130d   Thumb Code    32  main.o(i.TIM2_IRQHandler)
    TIM6_DAC_IRQHandler                      0x08001335   Thumb Code    34  main.o(i.TIM6_DAC_IRQHandler)
    TIM6_INT_Init                            0x08001361   Thumb Code   184  interrupt_timer.o(i.TIM6_INT_Init)
    TIM7_INT_Init                            0x08001425   Thumb Code    42  qtr_5rc.o(i.TIM7_INT_Init)
    TIM_ClearITPendingBit                    0x08001455   Thumb Code     6  stm32f4xx_tim.o(i.TIM_ClearITPendingBit)
    TIM_Cmd                                  0x0800145b   Thumb Code    24  stm32f4xx_tim.o(i.TIM_Cmd)
    TIM_CtrlPWMOutputs                       0x08001473   Thumb Code    30  stm32f4xx_tim.o(i.TIM_CtrlPWMOutputs)
    TIM_EncoderInterfaceConfig               0x08001491   Thumb Code    66  stm32f4xx_tim.o(i.TIM_EncoderInterfaceConfig)
    TIM_GetCounter                           0x080014d3   Thumb Code     6  stm32f4xx_tim.o(i.TIM_GetCounter)
    TIM_GetITStatus                          0x080014d9   Thumb Code    34  stm32f4xx_tim.o(i.TIM_GetITStatus)
    TIM_ITConfig                             0x080014fb   Thumb Code    18  stm32f4xx_tim.o(i.TIM_ITConfig)
    TIM_OC1Init                              0x0800150d   Thumb Code   114  stm32f4xx_tim.o(i.TIM_OC1Init)
    TIM_OC2Init                              0x08001589   Thumb Code   154  stm32f4xx_tim.o(i.TIM_OC2Init)
    TIM_OC3Init                              0x0800162d   Thumb Code   150  stm32f4xx_tim.o(i.TIM_OC3Init)
    TIM_SetCompare1                          0x080016cd   Thumb Code     4  stm32f4xx_tim.o(i.TIM_SetCompare1)
    TIM_SetCompare2                          0x080016d1   Thumb Code     4  stm32f4xx_tim.o(i.TIM_SetCompare2)
    TIM_SetCompare3                          0x080016d5   Thumb Code     4  stm32f4xx_tim.o(i.TIM_SetCompare3)
    TIM_SetCounter                           0x080016d9   Thumb Code     4  stm32f4xx_tim.o(i.TIM_SetCounter)
    TIM_TimeBaseInit                         0x080016dd   Thumb Code   104  stm32f4xx_tim.o(i.TIM_TimeBaseInit)
    TM_GPIO_GetPortSource                    0x08001761   Thumb Code    14  tm_stm32f4_gpio.o(i.TM_GPIO_GetPortSource)
    TM_GPIO_INT_EnableClock                  0x08001771   Thumb Code    28  tm_stm32f4_gpio.o(i.TM_GPIO_INT_EnableClock)
    TM_GPIO_INT_Init                         0x08001791   Thumb Code   170  tm_stm32f4_gpio.o(i.TM_GPIO_INT_Init)
    TM_GPIO_InitAlternate                    0x08001841   Thumb Code   110  tm_stm32f4_gpio.o(i.TM_GPIO_InitAlternate)
    TM_MFRC522_AntennaOn                     0x080018af   Thumb Code    26  tm_stm32f4_mfrc522.o(i.TM_MFRC522_AntennaOn)
    TM_MFRC522_Anticoll                      0x080018c9   Thumb Code    74  tm_stm32f4_mfrc522.o(i.TM_MFRC522_Anticoll)
    TM_MFRC522_CalculateCRC                  0x08001913   Thumb Code   100  tm_stm32f4_mfrc522.o(i.TM_MFRC522_CalculateCRC)
    TM_MFRC522_Check                         0x08001977   Thumb Code    32  tm_stm32f4_mfrc522.o(i.TM_MFRC522_Check)
    TM_MFRC522_ClearBitMask                  0x08001997   Thumb Code    26  tm_stm32f4_mfrc522.o(i.TM_MFRC522_ClearBitMask)
    TM_MFRC522_Halt                          0x080019b1   Thumb Code    44  tm_stm32f4_mfrc522.o(i.TM_MFRC522_Halt)
    TM_MFRC522_Init                          0x080019dd   Thumb Code    80  tm_stm32f4_mfrc522.o(i.TM_MFRC522_Init)
    TM_MFRC522_InitPins                      0x08001a31   Thumb Code    58  tm_stm32f4_mfrc522.o(i.TM_MFRC522_InitPins)
    TM_MFRC522_ReadRegister                  0x08001a71   Thumb Code    52  tm_stm32f4_mfrc522.o(i.TM_MFRC522_ReadRegister)
    TM_MFRC522_Request                       0x08001aad   Thumb Code    50  tm_stm32f4_mfrc522.o(i.TM_MFRC522_Request)
    TM_MFRC522_Reset                         0x08001adf   Thumb Code    12  tm_stm32f4_mfrc522.o(i.TM_MFRC522_Reset)
    TM_MFRC522_SetBitMask                    0x08001aeb   Thumb Code    26  tm_stm32f4_mfrc522.o(i.TM_MFRC522_SetBitMask)
    TM_MFRC522_ToCard                        0x08001b05   Thumb Code   298  tm_stm32f4_mfrc522.o(i.TM_MFRC522_ToCard)
    TM_MFRC522_WriteRegister                 0x08001c31   Thumb Code    46  tm_stm32f4_mfrc522.o(i.TM_MFRC522_WriteRegister)
    TM_SPI1_INT_InitPins                     0x08001c69   Thumb Code    64  tm_stm32f4_spi.o(i.TM_SPI1_INT_InitPins)
    TM_SPI2_INT_InitPins                     0x08001cb5   Thumb Code   112  tm_stm32f4_spi.o(i.TM_SPI2_INT_InitPins)
    TM_SPI3_INT_InitPins                     0x08001d35   Thumb Code    66  tm_stm32f4_spi.o(i.TM_SPI3_INT_InitPins)
    TM_SPI4_INT_InitPins                     0x08001d85   Thumb Code    66  tm_stm32f4_spi.o(i.TM_SPI4_INT_InitPins)
    TM_SPI5_INT_InitPins                     0x08001dd1   Thumb Code    86  tm_stm32f4_spi.o(i.TM_SPI5_INT_InitPins)
    TM_SPI6_INT_InitPins                     0x08001e35   Thumb Code    42  tm_stm32f4_spi.o(i.TM_SPI6_INT_InitPins)
    TM_SPI_Init                              0x08001e69   Thumb Code   176  tm_stm32f4_spi.o(i.TM_SPI_Init)
    TM_SPI_InitCustomPinsCallback            0x08001f31   Thumb Code     2  tm_stm32f4_spi.o(i.TM_SPI_InitCustomPinsCallback)
    TurnLeft                                 0x080020e1   Thumb Code   184  main.o(i.TurnLeft)
    UART_Init                                0x080021b5   Thumb Code   320  uart.o(i.UART_Init)
    USART_Cmd                                0x08002309   Thumb Code    24  stm32f4xx_usart.o(i.USART_Cmd)
    USART_DMACmd                             0x08002321   Thumb Code    18  stm32f4xx_usart.o(i.USART_DMACmd)
    USART_Init                               0x08002335   Thumb Code   204  stm32f4xx_usart.o(i.USART_Init)
    UsageFault_Handler                       0x08002409   Thumb Code     4  system_timetick.o(i.UsageFault_Handler)
    delay_ms                                 0x0800240d   Thumb Code    36  i2c.o(i.delay_ms)
    delay_us                                 0x08002435   Thumb Code    26  i2c.o(i.delay_us)
    i2c_init                                 0x08002455   Thumb Code    68  i2c.o(i.i2c_init)
    i2c_read                                 0x0800249d   Thumb Code   156  i2c.o(i.i2c_read)
    i2c_start                                0x0800253d   Thumb Code    68  i2c.o(i.i2c_start)
    i2c_stop                                 0x08002585   Thumb Code    52  i2c.o(i.i2c_stop)
    i2c_write                                0x080025bd   Thumb Code   162  i2c.o(i.i2c_write)
    main                                     0x08002665   Thumb Code   326  main.o(i.main)
    __aeabi_d2f                              0x080027f1   Thumb Code     0  d2f.o(x$fpl$d2f)
    _d2f                                     0x080027f1   Thumb Code    98  d2f.o(x$fpl$d2f)
    __aeabi_dadd                             0x08002855   Thumb Code     0  daddsub_clz.o(x$fpl$dadd)
    _dadd                                    0x08002855   Thumb Code   332  daddsub_clz.o(x$fpl$dadd)
    __aeabi_ddiv                             0x080029a5   Thumb Code     0  ddiv.o(x$fpl$ddiv)
    _ddiv                                    0x080029a5   Thumb Code   552  ddiv.o(x$fpl$ddiv)
    __aeabi_i2d                              0x08002c55   Thumb Code     0  dflt_clz.o(x$fpl$dflt)
    _dflt                                    0x08002c55   Thumb Code    46  dflt_clz.o(x$fpl$dflt)
    __aeabi_dmul                             0x08002c85   Thumb Code     0  dmul.o(x$fpl$dmul)
    _dmul                                    0x08002c85   Thumb Code   332  dmul.o(x$fpl$dmul)
    __fpl_dnaninf                            0x08002dd9   Thumb Code   156  dnaninf.o(x$fpl$dnaninf)
    __fpl_dretinf                            0x08002e75   Thumb Code    12  dretinf.o(x$fpl$dretinf)
    __aeabi_dsub                             0x08002e81   Thumb Code     0  daddsub_clz.o(x$fpl$dsub)
    _dsub                                    0x08002e81   Thumb Code   464  daddsub_clz.o(x$fpl$dsub)
    __aeabi_f2d                              0x08003055   Thumb Code     0  f2d.o(x$fpl$f2d)
    _f2d                                     0x08003055   Thumb Code    86  f2d.o(x$fpl$f2d)
    __fpl_fnaninf                            0x080030ab   Thumb Code   140  fnaninf.o(x$fpl$fnaninf)
    _fp_init                                 0x08003137   Thumb Code    10  fpinit.o(x$fpl$fpinit)
    __fplib_config_fpu_vfp                   0x0800313f   Thumb Code     0  fpinit.o(x$fpl$fpinit)
    __fplib_config_pureend_doubles           0x0800313f   Thumb Code     0  fpinit.o(x$fpl$fpinit)
    __fpl_fretinf                            0x08003141   Thumb Code    10  fretinf.o(x$fpl$fretinf)
    __I$use$fp                               0x0800314a   Number         0  usenofp.o(x$fpl$usenofp)
    Region$$Table$$Base                      0x0800314c   Number         0  anon$$obj.o(Region$$Table)
    Region$$Table$$Limit                     0x0800316c   Number         0  anon$$obj.o(Region$$Table)
    g                                        0x20000000   Data           1  main.o(.data)
    flag_10ms                                0x20000002   Data           2  main.o(.data)
    flag_100ms                               0x20000004   Data           2  main.o(.data)
    a                                        0x20000006   Data           2  main.o(.data)
    rightMotorSpeed                          0x20000008   Data           4  main.o(.data)
    leftMotorSpeed                           0x2000000c   Data           4  main.o(.data)
    testcb                                   0x20000010   Data           1  main.o(.data)
    adc                                      0x20000012   Data           2  main.o(.data)
    duty                                     0x20000014   Data           4  main.o(.data)
    dir                                      0x20000018   Data           1  main.o(.data)
    x_ref                                    0x2000001c   Data           4  main.o(.data)
    x_measure                                0x20000020   Data           4  main.o(.data)
    udk                                      0x20000024   Data           4  main.o(.data)
    delta_udk                                0x20000028   Data           4  main.o(.data)
    udk1                                     0x2000002c   Data           4  main.o(.data)
    CardID                                   0x20000030   Data           5  main.o(.data)
    ca                                       0x20000035   Data           1  main.o(.data)
    v_left                                   0x20000038   Data           4  main.o(.data)
    v_left_filter                            0x2000003c   Data           4  main.o(.data)
    v_right                                  0x20000040   Data           4  main.o(.data)
    v_right_filter                           0x20000044   Data           4  main.o(.data)
    v_ref                                    0x20000048   Data           4  main.o(.data)
    v_measure                                0x2000004c   Data           4  main.o(.data)
    v_lift                                   0x20000050   Data           4  main.o(.data)
    line_position                            0x20000054   Data           2  main.o(.data)
    f_line_position                          0x20000058   Data           4  main.o(.data)
    line_ref                                 0x2000005c   Data           4  main.o(.data)
    mess                                     0x20000060   Data           6  main.o(.data)
    error                                    0x20000068   Data           4  main.o(.data)
    error_dot                                0x2000006c   Data           4  main.o(.data)
    pre_error                                0x20000070   Data           4  main.o(.data)
    e_                                       0x20000074   Data           4  main.o(.data)
    edot_                                    0x20000078   Data           4  main.o(.data)
    u_                                       0x2000007c   Data           4  main.o(.data)
    u                                        0x20000080   Data           4  main.o(.data)
    pos_left                                 0x20000084   Data           4  main.o(.data)
    pos_right                                0x20000088   Data           4  main.o(.data)
    SystemCoreClock                          0x2000008c   Data           4  system_stm32f4xx.o(.data)
    AHBPrescTable                            0x20000090   Data          16  system_stm32f4xx.o(.data)
    tick_count                               0x200000a0   Data           4  system_timetick.o(.data)
    tick_flag                                0x200000a4   Data           4  system_timetick.o(.data)
    rxbuff                                   0x200000b8   Data           1  uart.o(.data)
    kp                                       0x200000bc   Data           4  uart.o(.data)
    ki                                       0x200000c0   Data           4  uart.o(.data)
    kd                                       0x200000c4   Data           4  uart.o(.data)
    rxdata                                   0x200000c8   Data           1  uart.o(.data)
    pre_rxdata                               0x200000c9   Data           1  uart.o(.data)
    b                                        0x200000cc   Data           4  uart.o(.data)
    on                                       0x200000d0   Data           4  uart.o(.data)
    v_sv                                     0x200000d4   Data           4  uart.o(.data)
    setVelocity                              0x200000d8   Data           4  uart.o(.data)
    setki                                    0x200000dc   Data           4  uart.o(.data)
    crc_cal                                  0x200000e0   Data           2  uart.o(.data)
    crc_receive                              0x200000e2   Data           2  uart.o(.data)
    crc1                                     0x200000e4   Data           1  uart.o(.data)
    crc2                                     0x200000e5   Data           1  uart.o(.data)
    setkp_line                               0x200000e8   Data           4  uart.o(.data)
    setki_line                               0x200000ec   Data           4  uart.o(.data)
    setkd_line                               0x200000f0   Data           4  uart.o(.data)
    setkp_speed                              0x200000f4   Data           4  uart.o(.data)
    setki_speed                              0x200000f8   Data           4  uart.o(.data)
    setkd_speed                              0x200000fc   Data           4  uart.o(.data)
    flag_reciever                            0x20000100   Data           4  uart.o(.data)
    i                                        0x20000104   Data           4  uart.o(.data)
    check                                    0x20000108   Data           4  uart.o(.data)
    tick                                     0x2000010c   Data           4  qtr_5rc.o(.data)
    sensorPins                               0x20000110   Data          10  qtr_5rc.o(.data)
    calibInitialized                         0x2000011a   Data           1  qtr_5rc.o(.data)
    position                                 0x2000011c   Data           2  qtr_5rc.o(.data)
    QTR_ReadRawValue                         0x20000128   Data          12  main.o(.bss)
    QTR_ReadCalibValue                       0x20000134   Data          10  main.o(.bss)
    send_frame                               0x2000013e   Data          20  main.o(.bss)
    data_recieve                             0x20000152   Data          26  uart.o(.bss)
    txbuff                                   0x2000016c   Data          16  uart.o(.bss)
    motor1                                   0x20000194   Data          36  pid.o(.bss)
    PID_para_vel                             0x200001b8   Data          36  pid.o(.bss)
    PID_para_line                            0x200001dc   Data          36  pid.o(.bss)
    __libspace_start                         0x20000200   Data          96  libspace.o(.bss)
    __temporary_stack_top$libspace           0x20000260   Data           0  libspace.o(.bss)



==============================================================================

Memory Map of the image

  Image Entry point : 0x08000229

  Load Region LR_1 (Base: 0x08000000, Size: 0x00003294, Max: 0xffffffff, ABSOLUTE)

    Execution Region ER_RO (Exec base: 0x08000000, Load base: 0x08000000, Size: 0x0000316c, Max: 0xffffffff, ABSOLUTE)

    Exec Addr    Load Addr    Size         Type   Attr      Idx    E Section Name        Object

    0x08000000   0x08000000   0x00000188   Data   RO          353    RESET               startup_stm32f40_41xxx.o
    0x08000188   0x08000188   0x00000008   Code   RO         3575  * !!!main             c_w.l(__main.o)
    0x08000190   0x08000190   0x00000034   Code   RO         3876    !!!scatter          c_w.l(__scatter.o)
    0x080001c4   0x080001c4   0x0000001a   Code   RO         3878    !!handler_copy      c_w.l(__scatter_copy.o)
    0x080001de   0x080001de   0x00000002   PAD
    0x080001e0   0x080001e0   0x0000001c   Code   RO         3880    !!handler_zi        c_w.l(__scatter_zi.o)
    0x080001fc   0x080001fc   0x00000002   Code   RO         3749    .ARM.Collect$$libinit$$00000000  c_w.l(libinit.o)
    0x080001fe   0x080001fe   0x00000004   Code   RO         3750    .ARM.Collect$$libinit$$00000001  c_w.l(libinit2.o)
    0x08000202   0x08000202   0x00000000   Code   RO         3753    .ARM.Collect$$libinit$$00000004  c_w.l(libinit2.o)
    0x08000202   0x08000202   0x00000000   Code   RO         3756    .ARM.Collect$$libinit$$0000000A  c_w.l(libinit2.o)
    0x08000202   0x08000202   0x00000000   Code   RO         3758    .ARM.Collect$$libinit$$0000000C  c_w.l(libinit2.o)
    0x08000202   0x08000202   0x00000000   Code   RO         3760    .ARM.Collect$$libinit$$0000000E  c_w.l(libinit2.o)
    0x08000202   0x08000202   0x00000000   Code   RO         3763    .ARM.Collect$$libinit$$00000011  c_w.l(libinit2.o)
    0x08000202   0x08000202   0x00000000   Code   RO         3765    .ARM.Collect$$libinit$$00000013  c_w.l(libinit2.o)
    0x08000202   0x08000202   0x00000000   Code   RO         3767    .ARM.Collect$$libinit$$00000015  c_w.l(libinit2.o)
    0x08000202   0x08000202   0x00000000   Code   RO         3769    .ARM.Collect$$libinit$$00000017  c_w.l(libinit2.o)
    0x08000202   0x08000202   0x00000000   Code   RO         3771    .ARM.Collect$$libinit$$00000019  c_w.l(libinit2.o)
    0x08000202   0x08000202   0x00000000   Code   RO         3773    .ARM.Collect$$libinit$$0000001B  c_w.l(libinit2.o)
    0x08000202   0x08000202   0x00000000   Code   RO         3775    .ARM.Collect$$libinit$$0000001D  c_w.l(libinit2.o)
    0x08000202   0x08000202   0x00000000   Code   RO         3777    .ARM.Collect$$libinit$$0000001F  c_w.l(libinit2.o)
    0x08000202   0x08000202   0x00000000   Code   RO         3779    .ARM.Collect$$libinit$$00000021  c_w.l(libinit2.o)
    0x08000202   0x08000202   0x00000000   Code   RO         3781    .ARM.Collect$$libinit$$00000023  c_w.l(libinit2.o)
    0x08000202   0x08000202   0x00000000   Code   RO         3783    .ARM.Collect$$libinit$$00000025  c_w.l(libinit2.o)
    0x08000202   0x08000202   0x00000000   Code   RO         3787    .ARM.Collect$$libinit$$0000002C  c_w.l(libinit2.o)
    0x08000202   0x08000202   0x00000000   Code   RO         3789    .ARM.Collect$$libinit$$0000002E  c_w.l(libinit2.o)
    0x08000202   0x08000202   0x00000000   Code   RO         3791    .ARM.Collect$$libinit$$00000030  c_w.l(libinit2.o)
    0x08000202   0x08000202   0x00000000   Code   RO         3793    .ARM.Collect$$libinit$$00000032  c_w.l(libinit2.o)
    0x08000202   0x08000202   0x00000002   Code   RO         3794    .ARM.Collect$$libinit$$00000033  c_w.l(libinit2.o)
    0x08000204   0x08000204   0x00000002   Code   RO         3824    .ARM.Collect$$libshutdown$$00000000  c_w.l(libshutdown.o)
    0x08000206   0x08000206   0x00000000   Code   RO         3835    .ARM.Collect$$libshutdown$$00000002  c_w.l(libshutdown2.o)
    0x08000206   0x08000206   0x00000000   Code   RO         3837    .ARM.Collect$$libshutdown$$00000004  c_w.l(libshutdown2.o)
    0x08000206   0x08000206   0x00000000   Code   RO         3840    .ARM.Collect$$libshutdown$$00000007  c_w.l(libshutdown2.o)
    0x08000206   0x08000206   0x00000000   Code   RO         3843    .ARM.Collect$$libshutdown$$0000000A  c_w.l(libshutdown2.o)
    0x08000206   0x08000206   0x00000000   Code   RO         3845    .ARM.Collect$$libshutdown$$0000000C  c_w.l(libshutdown2.o)
    0x08000206   0x08000206   0x00000000   Code   RO         3848    .ARM.Collect$$libshutdown$$0000000F  c_w.l(libshutdown2.o)
    0x08000206   0x08000206   0x00000002   Code   RO         3849    .ARM.Collect$$libshutdown$$00000010  c_w.l(libshutdown2.o)
    0x08000208   0x08000208   0x00000000   Code   RO         3621    .ARM.Collect$$rtentry$$00000000  c_w.l(__rtentry.o)
    0x08000208   0x08000208   0x00000000   Code   RO         3673    .ARM.Collect$$rtentry$$00000002  c_w.l(__rtentry2.o)
    0x08000208   0x08000208   0x00000006   Code   RO         3685    .ARM.Collect$$rtentry$$00000004  c_w.l(__rtentry4.o)
    0x0800020e   0x0800020e   0x00000000   Code   RO         3675    .ARM.Collect$$rtentry$$00000009  c_w.l(__rtentry2.o)
    0x0800020e   0x0800020e   0x00000004   Code   RO         3676    .ARM.Collect$$rtentry$$0000000A  c_w.l(__rtentry2.o)
    0x08000212   0x08000212   0x00000000   Code   RO         3678    .ARM.Collect$$rtentry$$0000000C  c_w.l(__rtentry2.o)
    0x08000212   0x08000212   0x00000008   Code   RO         3679    .ARM.Collect$$rtentry$$0000000D  c_w.l(__rtentry2.o)
    0x0800021a   0x0800021a   0x00000002   Code   RO         3795    .ARM.Collect$$rtexit$$00000000  c_w.l(rtexit.o)
    0x0800021c   0x0800021c   0x00000000   Code   RO         3802    .ARM.Collect$$rtexit$$00000002  c_w.l(rtexit2.o)
    0x0800021c   0x0800021c   0x00000004   Code   RO         3803    .ARM.Collect$$rtexit$$00000003  c_w.l(rtexit2.o)
    0x08000220   0x08000220   0x00000006   Code   RO         3804    .ARM.Collect$$rtexit$$00000004  c_w.l(rtexit2.o)
    0x08000226   0x08000226   0x00000002   PAD
    0x08000228   0x08000228   0x00000040   Code   RO          354  * .text               startup_stm32f40_41xxx.o
    0x08000268   0x08000268   0x00000006   Code   RO         3573    .text               c_w.l(heapauxi.o)
    0x0800026e   0x0800026e   0x00000002   PAD
    0x08000270   0x08000270   0x00000008   Code   RO         3735    .text               c_w.l(libspace.o)
    0x08000278   0x08000278   0x0000004a   Code   RO         3738    .text               c_w.l(sys_stackheap_outer.o)
    0x080002c2   0x080002c2   0x00000012   Code   RO         3740    .text               c_w.l(exit.o)
    0x080002d4   0x080002d4   0x0000000c   Code   RO         3814    .text               c_w.l(sys_exit.o)
    0x080002e0   0x080002e0   0x00000002   Code   RO         3825    .text               c_w.l(use_no_semi.o)
    0x080002e2   0x080002e2   0x00000000   Code   RO         3827    .text               c_w.l(indicate_semi.o)
    0x080002e2   0x080002e2   0x00000004   Code   RO          276    i.BusFault_Handler  system_timetick.o
    0x080002e6   0x080002e6   0x00000002   PAD
    0x080002e8   0x080002e8   0x00000124   Code   RO         2479    i.DMA1_Stream5_IRQHandler  uart.o
    0x0800040c   0x0800040c   0x00000034   Code   RO         1653    i.DMA_ClearITPendingBit  stm32f4xx_dma.o
    0x08000440   0x08000440   0x00000016   Code   RO         1654    i.DMA_Cmd           stm32f4xx_dma.o
    0x08000456   0x08000456   0x0000003a   Code   RO         1665    i.DMA_ITConfig      stm32f4xx_dma.o
    0x08000490   0x08000490   0x00000058   Code   RO         1666    i.DMA_Init          stm32f4xx_dma.o
    0x080004e8   0x080004e8   0x00000002   Code   RO          277    i.DebugMon_Handler  system_timetick.o
    0x080004ea   0x080004ea   0x00000002   PAD
    0x080004ec   0x080004ec   0x000000c0   Code   RO         2543    i.ENC_Init          encoder.o
    0x080005ac   0x080005ac   0x000000a0   Code   RO         2544    i.ENC_Position      encoder.o
    0x0800064c   0x0800064c   0x00000078   Code   RO         2546    i.ENC_config        encoder.o
    0x080006c4   0x080006c4   0x00000090   Code   RO          387    i.GPIO_Init         stm32f4xx_gpio.o
    0x08000754   0x08000754   0x00000046   Code   RO          388    i.GPIO_PinAFConfig  stm32f4xx_gpio.o
    0x0800079a   0x0800079a   0x00000012   Code   RO          391    i.GPIO_ReadInputDataBit  stm32f4xx_gpio.o
    0x080007ac   0x080007ac   0x00000004   Code   RO          394    i.GPIO_ResetBits    stm32f4xx_gpio.o
    0x080007b0   0x080007b0   0x00000004   Code   RO          395    i.GPIO_SetBits      stm32f4xx_gpio.o
    0x080007b4   0x080007b4   0x0000000a   Code   RO          399    i.GPIO_WriteBit     stm32f4xx_gpio.o
    0x080007be   0x080007be   0x00000004   Code   RO          278    i.HardFault_Handler  system_timetick.o
    0x080007c2   0x080007c2   0x00000046   Code   RO         3055    i.I2C_Read          i2c.o
    0x08000808   0x08000808   0x00000044   Code   RO         3056    i.I2C_Write         i2c.o
    0x0800084c   0x0800084c   0x00000020   Code   RO         3136    i.LCD_BackLight     lcd_2004.o
    0x0800086c   0x0800086c   0x0000000a   Code   RO         3137    i.LCD_Clear         lcd_2004.o
    0x08000876   0x08000876   0x00000002   PAD
    0x08000878   0x08000878   0x0000003c   Code   RO         3138    i.LCD_FlushVal      lcd_2004.o
    0x080008b4   0x080008b4   0x000000ac   Code   RO         3139    i.LCD_Init          lcd_2004.o
    0x08000960   0x08000960   0x0000000a   Code   RO         3140    i.LCD_NewLine       lcd_2004.o
    0x0800096a   0x0800096a   0x0000001c   Code   RO         3141    i.LCD_Puts          lcd_2004.o
    0x08000986   0x08000986   0x00000002   PAD
    0x08000988   0x08000988   0x0000006c   Code   RO         3142    i.LCD_WaitBusy      lcd_2004.o
    0x080009f4   0x080009f4   0x00000030   Code   RO         3143    i.LCD_WriteCmd      lcd_2004.o
    0x08000a24   0x08000a24   0x00000070   Code   RO         3144    i.LCD_Write_4bit    lcd_2004.o
    0x08000a94   0x08000a94   0x00000030   Code   RO         3145    i.LCD_Write_Chr     lcd_2004.o
    0x08000ac4   0x08000ac4   0x00000004   Code   RO          279    i.MemManage_Handler  system_timetick.o
    0x08000ac8   0x08000ac8   0x00000008   Code   RO         3057    i.My_I2C_Init       i2c.o
    0x08000ad0   0x08000ad0   0x00000002   Code   RO          280    i.NMI_Handler       system_timetick.o
    0x08000ad2   0x08000ad2   0x00000002   PAD
    0x08000ad4   0x08000ad4   0x00000078   Code   RO         1604    i.NVIC_Init         misc.o
    0x08000b4c   0x08000b4c   0x000000b8   Code   RO         3486    i.PID_Init          pid.o
    0x08000c04   0x08000c04   0x00000024   Code   RO         2426    i.PWM_Init          pwm.o
    0x08000c28   0x08000c28   0x0000006c   Code   RO         2427    i.PWM_Pin           pwm.o
    0x08000c94   0x08000c94   0x000000b8   Code   RO         2428    i.PWM_configOUT     pwm.o
    0x08000d4c   0x08000d4c   0x00000002   Code   RO          281    i.PendSV_Handler    system_timetick.o
    0x08000d4e   0x08000d4e   0x00000002   PAD
    0x08000d50   0x08000d50   0x00000020   Code   RO         2622    i.QTRPins_INPUT_Mode  qtr_5rc.o
    0x08000d70   0x08000d70   0x00000028   Code   RO         2623    i.QTRPins_OUTPUT_Mode  qtr_5rc.o
    0x08000d98   0x08000d98   0x0000009c   Code   RO         2624    i.QTRSensorsRead    qtr_5rc.o
    0x08000e34   0x08000e34   0x000000a6   Code   RO         2625    i.QTRSensorsReadCalibrated  qtr_5rc.o
    0x08000eda   0x08000eda   0x00000002   PAD
    0x08000edc   0x08000edc   0x00000020   Code   RO          514    i.RCC_AHB1PeriphClockCmd  stm32f4xx_rcc.o
    0x08000efc   0x08000efc   0x00000020   Code   RO          523    i.RCC_APB1PeriphClockCmd  stm32f4xx_rcc.o
    0x08000f1c   0x08000f1c   0x00000020   Code   RO          526    i.RCC_APB2PeriphClockCmd  stm32f4xx_rcc.o
    0x08000f3c   0x08000f3c   0x000000e8   Code   RO          535    i.RCC_GetClocksFreq  stm32f4xx_rcc.o
    0x08001024   0x08001024   0x000000c4   Code   RO         2429    i.Run_Motor         pwm.o
    0x080010e8   0x080010e8   0x0000003c   Code   RO         2277    i.SPI_Init          stm32f4xx_spi.o
    0x08001124   0x08001124   0x00000018   Code   RO         2280    i.SPI_StructInit    stm32f4xx_spi.o
    0x0800113c   0x0800113c   0x00000002   Code   RO          282    i.SVC_Handler       system_timetick.o
    0x0800113e   0x0800113e   0x00000002   PAD
    0x08001140   0x08001140   0x000000ec   Code   RO          231    i.SetSysClock       system_stm32f4xx.o
    0x0800122c   0x0800122c   0x0000001c   Code   RO          283    i.SysTick_Handler   system_timetick.o
    0x08001248   0x08001248   0x00000068   Code   RO          233    i.SystemInit        system_stm32f4xx.o
    0x080012b0   0x080012b0   0x0000005a   Code   RO         3017    i.TIM2_INT_Init     interrupt_timer.o
    0x0800130a   0x0800130a   0x00000002   PAD
    0x0800130c   0x0800130c   0x00000028   Code   RO            4    i.TIM2_IRQHandler   main.o
    0x08001334   0x08001334   0x0000002c   Code   RO            5    i.TIM6_DAC_IRQHandler  main.o
    0x08001360   0x08001360   0x000000c4   Code   RO         3018    i.TIM6_INT_Init     interrupt_timer.o
    0x08001424   0x08001424   0x00000030   Code   RO         2626    i.TIM7_INT_Init     qtr_5rc.o
    0x08001454   0x08001454   0x00000006   Code   RO          857    i.TIM_ClearITPendingBit  stm32f4xx_tim.o
    0x0800145a   0x0800145a   0x00000018   Code   RO          862    i.TIM_Cmd           stm32f4xx_tim.o
    0x08001472   0x08001472   0x0000001e   Code   RO          864    i.TIM_CtrlPWMOutputs  stm32f4xx_tim.o
    0x08001490   0x08001490   0x00000042   Code   RO          871    i.TIM_EncoderInterfaceConfig  stm32f4xx_tim.o
    0x080014d2   0x080014d2   0x00000006   Code   RO          881    i.TIM_GetCounter    stm32f4xx_tim.o
    0x080014d8   0x080014d8   0x00000022   Code   RO          883    i.TIM_GetITStatus   stm32f4xx_tim.o
    0x080014fa   0x080014fa   0x00000012   Code   RO          887    i.TIM_ITConfig      stm32f4xx_tim.o
    0x0800150c   0x0800150c   0x0000007c   Code   RO          891    i.TIM_OC1Init       stm32f4xx_tim.o
    0x08001588   0x08001588   0x000000a4   Code   RO          896    i.TIM_OC2Init       stm32f4xx_tim.o
    0x0800162c   0x0800162c   0x000000a0   Code   RO          901    i.TIM_OC3Init       stm32f4xx_tim.o
    0x080016cc   0x080016cc   0x00000004   Code   RO          924    i.TIM_SetCompare1   stm32f4xx_tim.o
    0x080016d0   0x080016d0   0x00000004   Code   RO          925    i.TIM_SetCompare2   stm32f4xx_tim.o
    0x080016d4   0x080016d4   0x00000004   Code   RO          926    i.TIM_SetCompare3   stm32f4xx_tim.o
    0x080016d8   0x080016d8   0x00000004   Code   RO          928    i.TIM_SetCounter    stm32f4xx_tim.o
    0x080016dc   0x080016dc   0x00000084   Code   RO          934    i.TIM_TimeBaseInit  stm32f4xx_tim.o
    0x08001760   0x08001760   0x0000000e   Code   RO         3216    i.TM_GPIO_GetPortSource  tm_stm32f4_gpio.o
    0x0800176e   0x0800176e   0x00000002   PAD
    0x08001770   0x08001770   0x00000020   Code   RO         3219    i.TM_GPIO_INT_EnableClock  tm_stm32f4_gpio.o
    0x08001790   0x08001790   0x000000b0   Code   RO         3220    i.TM_GPIO_INT_Init  tm_stm32f4_gpio.o
    0x08001840   0x08001840   0x0000006e   Code   RO         3222    i.TM_GPIO_InitAlternate  tm_stm32f4_gpio.o
    0x080018ae   0x080018ae   0x0000001a   Code   RO         2679    i.TM_MFRC522_AntennaOn  tm_stm32f4_mfrc522.o
    0x080018c8   0x080018c8   0x0000004a   Code   RO         2680    i.TM_MFRC522_Anticoll  tm_stm32f4_mfrc522.o
    0x08001912   0x08001912   0x00000064   Code   RO         2682    i.TM_MFRC522_CalculateCRC  tm_stm32f4_mfrc522.o
    0x08001976   0x08001976   0x00000020   Code   RO         2683    i.TM_MFRC522_Check  tm_stm32f4_mfrc522.o
    0x08001996   0x08001996   0x0000001a   Code   RO         2684    i.TM_MFRC522_ClearBitMask  tm_stm32f4_mfrc522.o
    0x080019b0   0x080019b0   0x0000002c   Code   RO         2686    i.TM_MFRC522_Halt   tm_stm32f4_mfrc522.o
    0x080019dc   0x080019dc   0x00000054   Code   RO         2687    i.TM_MFRC522_Init   tm_stm32f4_mfrc522.o
    0x08001a30   0x08001a30   0x00000040   Code   RO         2688    i.TM_MFRC522_InitPins  tm_stm32f4_mfrc522.o
    0x08001a70   0x08001a70   0x0000003c   Code   RO         2690    i.TM_MFRC522_ReadRegister  tm_stm32f4_mfrc522.o
    0x08001aac   0x08001aac   0x00000032   Code   RO         2691    i.TM_MFRC522_Request  tm_stm32f4_mfrc522.o
    0x08001ade   0x08001ade   0x0000000c   Code   RO         2692    i.TM_MFRC522_Reset  tm_stm32f4_mfrc522.o
    0x08001aea   0x08001aea   0x0000001a   Code   RO         2694    i.TM_MFRC522_SetBitMask  tm_stm32f4_mfrc522.o
    0x08001b04   0x08001b04   0x0000012a   Code   RO         2695    i.TM_MFRC522_ToCard  tm_stm32f4_mfrc522.o
    0x08001c2e   0x08001c2e   0x00000002   PAD
    0x08001c30   0x08001c30   0x00000038   Code   RO         2697    i.TM_MFRC522_WriteRegister  tm_stm32f4_mfrc522.o
    0x08001c68   0x08001c68   0x0000004c   Code   RO         2824    i.TM_SPI1_INT_InitPins  tm_stm32f4_spi.o
    0x08001cb4   0x08001cb4   0x00000080   Code   RO         2825    i.TM_SPI2_INT_InitPins  tm_stm32f4_spi.o
    0x08001d34   0x08001d34   0x00000050   Code   RO         2826    i.TM_SPI3_INT_InitPins  tm_stm32f4_spi.o
    0x08001d84   0x08001d84   0x0000004c   Code   RO         2827    i.TM_SPI4_INT_InitPins  tm_stm32f4_spi.o
    0x08001dd0   0x08001dd0   0x00000064   Code   RO         2828    i.TM_SPI5_INT_InitPins  tm_stm32f4_spi.o
    0x08001e34   0x08001e34   0x00000034   Code   RO         2829    i.TM_SPI6_INT_InitPins  tm_stm32f4_spi.o
    0x08001e68   0x08001e68   0x000000c8   Code   RO         2831    i.TM_SPI_Init       tm_stm32f4_spi.o
    0x08001f30   0x08001f30   0x00000002   Code   RO         2832    i.TM_SPI_InitCustomPinsCallback  tm_stm32f4_spi.o
    0x08001f32   0x08001f32   0x00000042   Code   RO         2698    i.TM_SPI_Send       tm_stm32f4_mfrc522.o
    0x08001f74   0x08001f74   0x0000016c   Code   RO         2842    i.TM_SPIx_Init      tm_stm32f4_spi.o
    0x080020e0   0x080020e0   0x000000d4   Code   RO            6    i.TurnLeft          main.o
    0x080021b4   0x080021b4   0x00000154   Code   RO         2480    i.UART_Init         uart.o
    0x08002308   0x08002308   0x00000018   Code   RO         1416    i.USART_Cmd         stm32f4xx_usart.o
    0x08002320   0x08002320   0x00000012   Code   RO         1417    i.USART_DMACmd      stm32f4xx_usart.o
    0x08002332   0x08002332   0x00000002   PAD
    0x08002334   0x08002334   0x000000d4   Code   RO         1423    i.USART_Init        stm32f4xx_usart.o
    0x08002408   0x08002408   0x00000004   Code   RO          284    i.UsageFault_Handler  system_timetick.o
    0x0800240c   0x0800240c   0x00000028   Code   RO         3058    i.delay_ms          i2c.o
    0x08002434   0x08002434   0x00000020   Code   RO         3059    i.delay_us          i2c.o
    0x08002454   0x08002454   0x00000048   Code   RO         3060    i.i2c_init          i2c.o
    0x0800249c   0x0800249c   0x000000a0   Code   RO         3061    i.i2c_read          i2c.o
    0x0800253c   0x0800253c   0x00000048   Code   RO         3062    i.i2c_start         i2c.o
    0x08002584   0x08002584   0x00000038   Code   RO         3063    i.i2c_stop          i2c.o
    0x080025bc   0x080025bc   0x000000a8   Code   RO         3064    i.i2c_write         i2c.o
    0x08002664   0x08002664   0x0000018c   Code   RO            8    i.main              main.o
    0x080027f0   0x080027f0   0x00000062   Code   RO         3577    x$fpl$d2f           fz_wm.l(d2f.o)
    0x08002852   0x08002852   0x00000002   PAD
    0x08002854   0x08002854   0x00000150   Code   RO         3579    x$fpl$dadd          fz_wm.l(daddsub_clz.o)
    0x080029a4   0x080029a4   0x000002b0   Code   RO         3586    x$fpl$ddiv          fz_wm.l(ddiv.o)
    0x08002c54   0x08002c54   0x0000002e   Code   RO         3590    x$fpl$dflt          fz_wm.l(dflt_clz.o)
    0x08002c82   0x08002c82   0x00000002   PAD
    0x08002c84   0x08002c84   0x00000154   Code   RO         3595    x$fpl$dmul          fz_wm.l(dmul.o)
    0x08002dd8   0x08002dd8   0x0000009c   Code   RO         3642    x$fpl$dnaninf       fz_wm.l(dnaninf.o)
    0x08002e74   0x08002e74   0x0000000c   Code   RO         3644    x$fpl$dretinf       fz_wm.l(dretinf.o)
    0x08002e80   0x08002e80   0x000001d4   Code   RO         3581    x$fpl$dsub          fz_wm.l(daddsub_clz.o)
    0x08003054   0x08003054   0x00000056   Code   RO         3597    x$fpl$f2d           fz_wm.l(f2d.o)
    0x080030aa   0x080030aa   0x0000008c   Code   RO         3648    x$fpl$fnaninf       fz_wm.l(fnaninf.o)
    0x08003136   0x08003136   0x0000000a   Code   RO         3799    x$fpl$fpinit        fz_wm.l(fpinit.o)
    0x08003140   0x08003140   0x0000000a   Code   RO         3650    x$fpl$fretinf       fz_wm.l(fretinf.o)
    0x0800314a   0x0800314a   0x00000000   Code   RO         3652    x$fpl$usenofp       fz_wm.l(usenofp.o)
    0x0800314a   0x0800314a   0x00000002   PAD
    0x0800314c   0x0800314c   0x00000020   Data   RO         3874    Region$$Table       anon$$obj.o


    Execution Region ER_RW (Exec base: 0x20000000, Load base: 0x0800316c, Size: 0x00000128, Max: 0xffffffff, ABSOLUTE)

    Exec Addr    Load Addr    Size         Type   Attr      Idx    E Section Name        Object

    0x20000000   0x0800316c   0x0000008c   Data   RW           10    .data               main.o
    0x2000008c   0x080031f8   0x00000014   Data   RW          234    .data               system_stm32f4xx.o
    0x200000a0   0x0800320c   0x00000008   Data   RW          285    .data               system_timetick.o
    0x200000a8   0x08003214   0x00000010   Data   RW          566    .data               stm32f4xx_rcc.o
    0x200000b8   0x08003224   0x00000054   Data   RW         2485    .data               uart.o
    0x2000010c   0x08003278   0x00000012   Data   RW         2628    .data               qtr_5rc.o
    0x2000011e   0x0800328a   0x00000009   Data   RW         3146    .data               lcd_2004.o


    Execution Region ER_ZI (Exec base: 0x20000128, Load base: 0x08003294, Size: 0x00000738, Max: 0xffffffff, ABSOLUTE)

    Exec Addr    Load Addr    Size         Type   Attr      Idx    E Section Name        Object

    0x20000128        -       0x0000002a   Zero   RW            9    .bss                main.o
    0x20000152        -       0x0000002a   Zero   RW         2484    .bss                uart.o
    0x2000017c        -       0x00000016   Zero   RW         3229    .bss                tm_stm32f4_gpio.o
    0x20000192   0x08003294   0x00000002   PAD
    0x20000194        -       0x0000006c   Zero   RW         3490    .bss                pid.o
    0x20000200        -       0x00000060   Zero   RW         3736    .bss                c_w.l(libspace.o)
    0x20000260        -       0x00000200   Zero   RW          352    HEAP                startup_stm32f40_41xxx.o
    0x20000460        -       0x00000400   Zero   RW          351    STACK               startup_stm32f40_41xxx.o


==============================================================================

Image component sizes


      Code (inc. data)   RO Data    RW Data    ZI Data      Debug   Object Name

       472         42          0          0          0       2527   encoder.o
       746         32          0          0          0       6156   i2c.o
       286         12          0          0          0      31347   interrupt_timer.o
       628         44          0          9          0       5963   lcd_2004.o
       692        116          0        140         42     339880   main.o
       120         14          0          0          0       1148   misc.o
       184         34          0          0        108       1353   pid.o
       524         38          0          0          0       5269   pwm.o
       442         32          0         18          0       4214   qtr_5rc.o
        64         26        392          0       1536        792   startup_stm32f40_41xxx.o
       220         20          0          0          0       3800   stm32f4xx_dma.o
       250          0          0          0          0     232879   stm32f4xx_gpio.o
       328         36          0         16          0       4731   stm32f4xx_rcc.o
        84          0          0          0          0       1856   stm32f4xx_spi.o
       780         58          0          0          0      10166   stm32f4xx_tim.o
       254          8          0          0          0       2804   stm32f4xx_usart.o
       340         32          0         20          0       1729   system_stm32f4xx.o
        52         10          0          8          0       3997   system_timetick.o
       332         10          0          0         22       3469   tm_stm32f4_gpio.o
      1018         28          0          0          0      12271   tm_stm32f4_mfrc522.o
      1078        130          0          0          0       6140   tm_stm32f4_spi.o
       632         80          0         84         42       2959   uart.o

    ----------------------------------------------------------------------
      9550        802        424        296       1752     685450   Object Totals
         0          0         32          0          0          0   (incl. Generated)
        24          0          0          1          2          0   (incl. Padding)

    ----------------------------------------------------------------------

      Code (inc. data)   RO Data    RW Data    ZI Data      Debug   Library Member Name

         8          0          0          0          0         68   __main.o
         0          0          0          0          0          0   __rtentry.o
        12          0          0          0          0          0   __rtentry2.o
         6          0          0          0          0          0   __rtentry4.o
        52          8          0          0          0          0   __scatter.o
        26          0          0          0          0          0   __scatter_copy.o
        28          0          0          0          0          0   __scatter_zi.o
        18          0          0          0          0         80   exit.o
         6          0          0          0          0        152   heapauxi.o
         0          0          0          0          0          0   indicate_semi.o
         2          0          0          0          0          0   libinit.o
         6          0          0          0          0          0   libinit2.o
         2          0          0          0          0          0   libshutdown.o
         2          0          0          0          0          0   libshutdown2.o
         8          4          0          0         96         68   libspace.o
         2          0          0          0          0          0   rtexit.o
        10          0          0          0          0          0   rtexit2.o
        12          4          0          0          0         68   sys_exit.o
        74          0          0          0          0         80   sys_stackheap_outer.o
         2          0          0          0          0         68   use_no_semi.o
        98          4          0          0          0        140   d2f.o
       804         16          0          0          0        368   daddsub_clz.o
       688        140          0          0          0        256   ddiv.o
        46          0          0          0          0        116   dflt_clz.o
       340         12          0          0          0        152   dmul.o
       156          4          0          0          0        140   dnaninf.o
        12          0          0          0          0        116   dretinf.o
        86          4          0          0          0        132   f2d.o
       140          4          0          0          0        132   fnaninf.o
        10          0          0          0          0        116   fpinit.o
        10          0          0          0          0        116   fretinf.o
         0          0          0          0          0          0   usenofp.o

    ----------------------------------------------------------------------
      2678        200          0          0         96       2368   Library Totals
        12          0          0          0          0          0   (incl. Padding)

    ----------------------------------------------------------------------

      Code (inc. data)   RO Data    RW Data    ZI Data      Debug   Library Name

       276         16          0          0         96        584   c_w.l
      2390        184          0          0          0       1784   fz_wm.l

    ----------------------------------------------------------------------
      2678        200          0          0         96       2368   Library Totals

    ----------------------------------------------------------------------

==============================================================================


      Code (inc. data)   RO Data    RW Data    ZI Data      Debug   

     12228       1002        424        296       1848     675662   Grand Totals
     12228       1002        424        296       1848     675662   ELF Image Totals
     12228       1002        424        296          0          0   ROM Totals

==============================================================================

    Total RO  Size (Code + RO Data)                12652 (  12.36kB)
    Total RW  Size (RW Data + ZI Data)              2144 (   2.09kB)
    Total ROM Size (Code + RO Data + RW Data)      12948 (  12.64kB)

==============================================================================

